{"tool":"phpunit","result":"failed","tests":25,"passed":21,"assertions":177,"duration_ms":9948,"failed":4,"failures":[{"test":"Tests\\Feature\\HomePageTest::test_authenticated_users_can_view_empty_home_without_review_cards","file":"/home/pc/Documents/web-review/tests/Feature/HomePageTest.php","line":106,"message":"Failed asserting that '<!doctype html>\\n\n<html lang=\"en\">\\n\n<head>\\n\n <meta charset=\"UTF-8\">\\n\n <meta name=\"viewport\" content=\"width=device-width, initial-scale=1\">\\n\n <meta name=\"csrf-token\" content=\"yL0vcr5b0yIJKwZZDdBrPWVPCs4iLFjk0N6GwuLx\">\\n\n <title>\\n\n Home\\n\n </title>\\n\n <link rel=\"icon\" type=\"image/svg+xml\" href=\"/favicon.svg\">\\n\n <link rel=\"preconnect\" href=\"https://fonts.googleapis.com\">\\n\n<link rel=\"preconnect\" href=\"https://fonts.gstatic.com\" crossorigin>\\n\n<link href=\"https://fonts.googleapis.com/css2?family=Figtree:wght@400;500;600;700&display=swap\" rel=\"stylesheet\">\\n\n <style>\\n\n :root {\\n\n --accent-color: #6c5ce7;\\n\n --background-color: #ffffff;\\n\n --text-color: #0d1b2a;\\n\n --font-family: Figtree, sans-serif;\\n\n }\\n\n </style>\\n\n <link rel=\"preload\" as=\"style\" href=\"http://127.0.0.1:8000/build/assets/app-YkLvgNUm.css\" /><link rel=\"modulepreload\" as=\"script\" href=\"http://127.0.0.1:8000/build/assets/app-BaSKX0Is.js\" /><link rel=\"stylesheet\" href=\"http://127.0.0.1:8000/build/assets/app-YkLvgNUm.css\" /><script type=\"module\" src=\"http://127.0.0.1:8000/build/assets/app-BaSKX0Is.js\"></script> <link rel=\"preload\" as=\"style\" href=\"http://127.0.0.1:8000/build/assets/homepage-CYIELjnI.css\" /><link rel=\"stylesheet\" href=\"http://127.0.0.1:8000/build/assets/homepage-CYIELjnI.css\" />\\n\n</head>\\n\n<body class=\"m-0 box-border p-0 bg-[var(--background-color)] text-[var(--text-color)]\" style=\"font-family: var(--font-family);\">\\n\n <div class=\"sitesphere-loader\" data-page-loader aria-hidden=\"true\" role=\"status\" aria-live=\"polite\">\\n\n <span class=\"sitesphere-loader__label\">Loading SiteSphere</span>\\n\n\\n\n <div class=\"sitesphere-loader__stage\" aria-hidden=\"true\">\\n\n <svg class=\"sitesphere-loader__icon sitesphere-loader__draw sitesphere-loader__glow\" viewBox=\"0 0 88.5 99.5\" fill=\"none\" xmlns=\"http://www.w3.org/2000/svg\">\\n\n <path class=\"sitesphere-loader__draw-a\" pathLength=\"100\" d=\"M44.5 28.75L28.75 37.25L28.75 38.75L63.25 58.5L66.5 60.75L65.75 62.5L43.75 74.25L9.75 54.25L7.75 53.25L6 54L6.25 72L43.75 93.5L46 93.25L82.5 71.75L82 50Z\"/>\\n\n <path class=\"sitesphere-loader__draw-b\" pathLength=\"100\" d=\"M43.25 6L6.25 27.75L6.25 49L41 69.25L46.25 69.75L60.25 61.5L56.25 58L22 39L22 37.75L45 25.25L82 46.25L82.5 27.75L60.5 14L45.5 6Z\"/>\\n\n </svg>\\n\n </div>\\n\n</div>\\n\n\\n\n <style>\\n\n .sitesphere-loader {\\n\n --sitesphere-loader-accent: var(--accent-color, #6c5ce7);\\n\n position: fixed;\\n\n inset: 0;\\n\n z-index: 9999;\\n\n display: grid;\\n\n place-items: center;\\n\n background: color-mix(in srgb, var(--background-color, #ffffff) 86%, transparent);\\n\n opacity: 0;\\n\n visibility: hidden;\\n\n pointer-events: none;\\n\n transition: opacity 180ms ease, visibility 180ms ease;\\n\n backdrop-filter: blur(6px);\\n\n }\\n\n\\n\n .sitesphere-loader.is-active {\\n\n opacity: 1;\\n\n visibility: visible;\\n\n pointer-events: auto;\\n\n }\\n\n\\n\n .sitesphere-loader__label {\\n\n position: absolute;\\n\n width: 1px;\\n\n height: 1px;\\n\n overflow: hidden;\\n\n clip: rect(0, 0, 0, 0);\\n\n white-space: nowrap;\\n\n }\\n\n\\n\n .sitesphere-loader__stage {\\n\n display: flex;\\n\n align-items: center;\\n\n justify-content: center;\\n\n }\\n\n\\n\n .sitesphere-loader__icon {\\n\n width: 150px;\\n\n height: auto;\\n\n }\\n\n\\n\n .sitesphere-loader__glow {\\n\n filter: drop-shadow(0 0 14px color-mix(in srgb, var(--sitesphere-loader-accent) 55%, transparent));\\n\n }\\n\n\\n\n .sitesphere-loader__draw path {\\n\n fill: var(--sitesphere-loader-accent);\\n\n stroke: var(--sitesphere-loader-accent);\\n\n stroke-width: 2.4;\\n\n stroke-linejoin: round;\\n\n stroke-dasharray: 100;\\n\n stroke-dashoffset: 100;\\n\n fill-opacity: 0;\\n\n stroke-opacity: 1;\\n\n }\\n\n\\n\n .sitesphere-loader.is-active .sitesphere-loader__draw-a {\\n\n animation: sitesphereLoaderDraw 1.2s ease-in-out infinite;\\n\n animation-fill-mode: both;\\n\n }\\n\n\\n\n .sitesphere-loader.is-active .sitesphere-loader__draw-b {\\n\n animation: sitesphereLoaderDraw 1.2s ease-in-out infinite;\\n\n animation-delay: 0.25s;\\n\n animation-fill-mode: both;\\n\n }\\n\n\\n\n @keyframes sitesphereLoaderDraw {\\n\n 0% { stroke-dashoffset: 100; fill-opacity: 0; stroke-opacity: 1; }\\n\n 38% { stroke-dashoffset: 0; fill-opacity: 0; stroke-opacity: 1; }\\n\n 52% { stroke-dashoffset: 0; fill-opacity: 1; stroke-opacity: 1; }\\n\n 80% { stroke-dashoffset: 0; fill-opacity: 1; stroke-opacity: 1; }\\n\n 96% { stroke-dashoffset: 0; fill-opacity: 0; stroke-opacity: 0; }\\n\n 100% { stroke-dashoffset: 0; fill-opacity: 0; stroke-opacity: 0; }\\n\n }\\n\n\\n\n @media (prefers-reduced-motion: reduce) {\\n\n .sitesphere-loader,\\n\n .sitesphere-loader.is-active .sitesphere-loader__draw-a,\\n\n .sitesphere-loader.is-active .sitesphere-loader__draw-b {\\n\n transition: none;\\n\n animation: none;\\n\n }\\n\n }\\n\n </style>\\n\n\\n\n <script>\\n\n (() => {\\n\n if (window.siteSpherePageLoaderInitialized) {\\n\n return;\\n\n }\\n\n\\n\n window.siteSpherePageLoaderInitialized = true;\\n\n\\n\n const loader = document.querySelector('[data-page-loader]');\\n\n\\n\n if (! loader) {\\n\n return;\\n\n }\\n\n\\n\n const minimumVisibleMilliseconds = 300;\\n\n let shownAt = 0;\\n\n let hideTimeout = null;\\n\n\\n\n const showLoader = () => {\\n\n if (hideTimeout) {\\n\n clearTimeout(hideTimeout);\\n\n hideTimeout = null;\\n\n }\\n\n\\n\n shownAt = Date.now();\\n\n loader.classList.remove('is-active');\\n\n void loader.offsetWidth;\\n\n loader.classList.add('is-active');\\n\n loader.setAttribute('aria-hidden', 'false');\\n\n };\\n\n\\n\n const hideLoader = () => {\\n\n const deactivateLoader = () => {\\n\n loader.classList.remove('is-active');\\n\n loader.setAttribute('aria-hidden', 'true');\\n\n hideTimeout = null;\\n\n };\\n\n\\n\n if (! shownAt) {\\n\n deactivateLoader();\\n\n\\n\n return;\\n\n }\\n\n\\n\n const elapsedMilliseconds = Date.now() - shownAt;\\n\n const remainingMilliseconds = minimumVisibleMilliseconds - elapsedMilliseconds;\\n\n\\n\n if (remainingMilliseconds <= 0) {\\n\n deactivateLoader();\\n\n\\n\n return;\\n\n }\\n\n\\n\n hideTimeout = setTimeout(deactivateLoader, remainingMilliseconds);\\n\n };\\n\n\\n\n const navigationEntry = performance.getEntriesByType('navigation')[0];\\n\n\\n\n const isModifiedClick = (event) => event.metaKey || event.ctrlKey || event.shiftKey || event.altKey || event.button !== 0;\\n\n\\n\n const isEligibleLink = (link, event) => {\\n\n if (! link || event.defaultPrevented || isModifiedClick(event) || link.closest('[data-no-loader]')) {\\n\n return false;\\n\n }\\n\n\\n\n if (link.hasAttribute('download') || (link.target && link.target !== '_self')) {\\n\n return false;\\n\n }\\n\n\\n\n const href = link.getAttribute('href');\\n\n\\n\n if (! href || href.startsWith('#') || href.startsWith('mailto:') || href.startsWith('tel:') || href.startsWith('javascript:')) {\\n\n return false;\\n\n }\\n\n\\n\n const destination = new URL(link.href, window.location.href);\\n\n const current = new URL(window.location.href);\\n\n const onlyHashChanges = destination.origin === current.origin\\n\n && destination.pathname === current.pathname\\n\n && destination.search === current.search\\n\n && destination.hash;\\n\n\\n\n return destination.origin === current.origin && ! onlyHashChanges;\\n\n };\\n\n\\n\n document.addEventListener('click', (event) => {\\n\n const link = event.target.closest('a[href]');\\n\n\\n\n if (isEligibleLink(link, event)) {\\n\n showLoader();\\n\n }\\n\n });\\n\n\\n\n document.addEventListener('submit', (event) => {\\n\n if (! event.defaultPrevented && ! event.target.closest('[data-no-loader]')) {\\n\n showLoader();\\n\n }\\n\n });\\n\n\\n\n if (navigationEntry?.type === 'reload') {\\n\n showLoader();\\n\n }\\n\n\\n\n window.addEventListener('beforeunload', showLoader);\\n\n window.addEventListener('pagehide', showLoader);\\n\n window.addEventListener('load', hideLoader);\\n\n window.addEventListener('pageshow', hideLoader);\\n\n })();\\n\n </script>\\n\n <nav class=\"desktop-nav flex items-center\" x-data=\"{ scrolled: false }\" @scroll.window=\"scrolled = window.scrollY > 20\" :class=\"{ 'scrolled': scrolled }\">\\n\n <div class=\"max-w-screen-xl w-full mx-auto flex flex-wrap items-center justify-between\">\\n\n\\n\n <div class=\"flex gap-3\">\\n\n <a href=\"http://127.0.0.1:8000\" class=\"site-brand flex items-center space-x-0 rtl:space-x-reverse\">\\n\n <svg\\n\n class=\"size-10 shrink-0\" style=\"color: var(--accent-color, #6c5ce7);\"\\n\n xmlns=\"http://www.w3.org/2000/svg\"\\n\n viewBox=\"0 0 88.5 99.5\"\\n\n fill=\"none\"\\n\n role=\"img\"\\n\n aria-label=\"SiteSphere\"\\n\n>\\n\n <path fill=\"var(--accent-color, #6c5ce7)\" d=\"M44.5 28.75L28.75 37.25L28.75 38.75L63.25 58.5L66.5 60.75L65.75 62.5L43.75 74.25L9.75 54.25L7.75 53.25L6 54L6.25 72L43.75 93.5L46 93.25L82.5 71.75L82 50Z\"></path>\\n\n <path fill=\"var(--accent-color, #6c5ce7)\" d=\"M43.25 6L6.25 27.75L6.25 49L41 69.25L46.25 69.75L60.25 61.5L56.25 58L22 39L22 37.75L45 25.25L82 46.25L82.5 27.75L60.5 14L45.5 6Z\"></path>\\n\n</svg>\\n\n <span class=\"self-center text-xl text-heading font-semibold whitespace-nowrap\">SiteSphere</span>\\n\n </a>\\n\n </div>\\n\n\\n\n\\n\n <div class=\"items-center justify-between w-full md:flex md:w-auto md:order-1\" id=\"navbar-sticky\">\\n\n <ul class=\"flex p-4 md:p-0 mt-4 md:space-x-8 rtl:space-x-reverse md:mt-0 \">\\n\n <li>\\n\n <a href=\"http://127.0.0.1:8000/home\" class=\"desktop-link active\" aria-current=\"page\" >\\n\n <div class=\"md:flex gap-2\">\\n\n <svg class=\"icon\" fill=\"currentColor\" xmlns=\"http://www.w3.org/2000/svg\" viewBox=\"0 0 512 512\"><!--! Font Awesome Free 7.2.0 by @fontawesome - https://fontawesome.com License - https://fontawesome.com/license/free (Icons: CC BY 4.0, Fonts: SIL OFL 1.1, Code: MIT License) Copyright 2026 Fonticons, Inc. --><path fill=\"currentColor\" d=\"M277.8 8.6c-12.3-11.4-31.3-11.4-43.5 0l-224 208c-9.6 9-12.8 22.9-8 35.1S18.8 272 32 272l16 0 0 176c0 35.3 28.7 64 64 64l288 0c35.3 0 64-28.7 64-64l0-176 16 0c13.2 0 25-8.1 29.8-20.3s1.6-26.2-8-35.1l-224-208zM240 320l32 0c26.5 0 48 21.5 48 48l0 96-128 0 0-96c0-26.5 21.5-48 48-48z\"/></svg> <span>Home</span>\\n\n </div>\\n\n</a>\\n\n\\n\n </li>\\n\n <li>\\n\n <button data-dropdown-toggle=\"mega-menu-icons-dropdown\" class=\"desktop-link\">\\n\n <svg class=\"icon\" fill=\"currentColor\" xmlns=\"http://www.w3.org/2000/svg\" viewBox=\"0 0 512 512\"><!--! Font Awesome Free 7.2.0 by @fontawesome - https://fontawesome.com License - https://fontawesome.com/license/free (Icons: CC BY 4.0, Fonts: SIL OFL 1.1, Code: MIT License) Copyright 2026 Fonticons, Inc. --><path fill=\"currentColor\" d=\"M232.5 5.2c14.9-6.9 32.1-6.9 47 0l218.6 101c8.5 3.9 13.9 12.4 13.9 21.8s-5.4 17.9-13.9 21.8l-218.6 101c-14.9 6.9-32.1 6.9-47 0L13.9 149.8C5.4 145.8 0 137.3 0 128s5.4-17.9 13.9-21.8L232.5 5.2zM48.1 218.4l164.3 75.9c27.7 12.8 59.6 12.8 87.3 0l164.3-75.9 34.1 15.8c8.5 3.9 13.9 12.4 13.9 21.8s-5.4 17.9-13.9 21.8l-218.6 101c-14.9 6.9-32.1 6.9-47 0L13.9 277.8C5.4 273.8 0 265.3 0 256s5.4-17.9 13.9-21.8l34.1-15.8zM13.9 362.2l34.1-15.8 164.3 75.9c27.7 12.8 59.6 12.8 87.3 0l164.3-75.9 34.1 15.8c8.5 3.9 13.9 12.4 13.9 21.8s-5.4 17.9-13.9 21.8l-218.6 101c-14.9 6.9-32.1 6.9-47 0L13.9 405.8C5.4 401.8 0 393.3 0 384s5.4-17.9 13.9-21.8z\"/></svg> <span>Categories</span>\\n\n <svg class=\"w-4 h-4 ms-1.5 -me-0.5\" aria-hidden=\"true\" xmlns=\"http://www.w3.org/2000/svg\" width=\"24\" height=\"24\" fill=\"none\" viewBox=\"0 0 24 24\"><path stroke=\"currentColor\" stroke-linecap=\"round\" stroke-linejoin=\"round\" stroke-width=\"2\" d=\"m19 9-7 7-7-7\"/></svg>\\n\n</button>\\n\n\\n\n<div\\n\n id=\"mega-menu-icons-dropdown\"\\n\n class=\"category-menu-dropdown absolute z-10 hidden text-sm rounded-xl shadow-md\"\\n\n>\\n\n <div class=\"category-menu-panel p-4 text-heading md:pb-4\">\\n\n <p class=\"text-body\">No categories available.</p>\\n\n </div>\\n\n</div>\\n\n\\n\n </li>\\n\n </ul>\\n\n </div>\\n\n\\n\n \\n\n <div class=\"flex md:order-2 space-x-3 md:space-x-3 rtl:space-x-reverse \">\\n\n <ul class=\"flex items-center justify-center p-4 md:p-0 mt-4 md:space-x-4 rtl:space-x-reverse md:mt-0 \">\\n\n <li>\\n\n <button\\n\n id=\"notificationDropdownButton\"\\n\n type=\"button\"\\n\n data-dropdown-toggle=\"notificationDropdown\"\\n\n class=\"noti-button\"\\n\n aria-label=\"Notifications\"\\n\n style=\"font-family: var(--font-family);\"\\n\n>\\n\n <svg class=\"icon\" fill=\"currentColor\" xmlns=\"http://www.w3.org/2000/svg\" viewBox=\"0 0 448 512\"><!--! Font Awesome Free 7.2.0 by @fontawesome - https://fontawesome.com License - https://fontawesome.com/license/free (Icons: CC BY 4.0, Fonts: SIL OFL 1.1, Code: MIT License) Copyright 2026 Fonticons, Inc. --><path fill=\"currentColor\" d=\"M224 0c-13.3 0-24 10.7-24 24l0 9.7C118.6 45.3 56 115.4 56 200l0 14.5c0 37.7-10 74.7-29 107.3L5.1 359.2C1.8 365 0 371.5 0 378.2 0 399.1 16.9 416 37.8 416l372.4 0c20.9 0 37.8-16.9 37.8-37.8 0-6.7-1.8-13.3-5.1-19L421 321.7c-19-32.6-29-69.6-29-107.3l0-14.5c0-84.6-62.6-154.7-144-166.3l0-9.7c0-13.3-10.7-24-24-24zM392.4 368l-336.9 0 12.9-22.1C91.7 306 104 260.6 104 214.5l0-14.5c0-66.3 53.7-120 120-120s120 53.7 120 120l0 14.5c0 46.2 12.3 91.5 35.5 131.4L392.4 368zM156.1 464c9.9 28 36.6 48 67.9 48s58-20 67.9-48l-135.8 0z\"/></svg> </button>\\n\n<div id=\"notificationDropdown\" class=\"noti-dropdown hidden\" aria-labelledby=\"notificationDropdownButton\" style=\"font-family: var(--font-family); color: var(--text-color); background-color: var(--background-color);\">\\n\n <div class=\"noti-dropdown-header\" style=\"font-family: var(--font-family); color: var(--text-color);\">Notifications</div>\\n\n\\n\n <p class=\"noti-empty\" style=\"font-family: var(--font-family); color: var(--text-color);\">No unread notifications</p>\\n\n </div>\\n\n\\n\n </li>\\n\n <li>\\n\n <div class=\"desktop-action\">\\n\n <button\\n\n type=\"button\"\\n\n class=\"account-button\"\\n\n id=\"desktopAccountMenuButton\"\\n\n data-dropdown-toggle=\"desktopAccountMenu\"\\n\n data-dropdown-placement=\"bottom-end\"\\n\n aria-label=\"Account menu\"\\n\n aria-expanded=\"false\"\\n\n >\\n\n <svg class=\"icon\" fill=\"currentColor\" xmlns=\"http://www.w3.org/2000/svg\" viewBox=\"0 0 448 512\"><!--! Font Awesome Free 7.2.0 by @fontawesome - https://fontawesome.com License - https://fontawesome.com/license/free (Icons: CC BY 4.0, Fonts: SIL OFL 1.1, Code: MIT License) Copyright 2026 Fonticons, Inc. --><path fill=\"currentColor\" d=\"M144 128a80 80 0 1 1 160 0 80 80 0 1 1 -160 0zm208 0a128 128 0 1 0 -256 0 128 128 0 1 0 256 0zM48 480c0-70.7 57.3-128 128-128l96 0c70.7 0 128 57.3 128 128l0 8c0 13.3 10.7 24 24 24s24-10.7 24-24l0-8c0-97.2-78.8-176-176-176l-96 0C78.8 304 0 382.8 0 480l0 8c0 13.3 10.7 24 24 24s24-10.7 24-24l0-8z\"/></svg> <span class=\"account-text\">\\n\n <span class=\"verified-label\">\\n\n Verified <svg style=\"color: var(--accent-color);\" class=\"inline-block size-3\" fill=\"currentColor\" xmlns=\"http://www.w3.org/2000/svg\" viewBox=\"0 0 512 512\"><!--! Font Awesome Free 7.2.0 by @fontawesome - https://fontawesome.com License - https://fontawesome.com/license/free (Icons: CC BY 4.0, Fonts: SIL OFL 1.1, Code: MIT License) Copyright 2026 Fonticons, Inc. --><path fill=\"currentColor\" d=\"M256 512a256 256 0 1 1 0-512 256 256 0 1 1 0 512zM374 145.7c-10.7-7.8-25.7-5.4-33.5 5.3L221.1 315.2 169 263.1c-9.4-9.4-24.6-9.4-33.9 0s-9.4 24.6 0 33.9l72 72c5 5 11.8 7.5 18.8 7s13.4-4.1 17.5-9.8L379.3 179.2c7.8-10.7 5.4-25.7-5.3-33.5z\"/></svg> </span>\\n\n <span class=\"account-name\">Dejuan Homenick</span>\\n\n </span>\\n\n </button>\\n\n\\n\n <div id=\"desktopAccountMenu\" class=\"account-menu-dropdown hidden\" aria-labelledby=\"desktopAccountMenuButton\">\\n\n <ul class=\"account-menu-list\">\\n\n <li>\\n\n <a\\n\n href=\"http://127.0.0.1:8000/profile\"\\n\n class=\"account-menu-link\"\\n\n >View Profile</a>\\n\n </li>\\n\n <li>\\n\n <a\\n\n href=\"http://127.0.0.1:8000/menu/saved-post\"\\n\n class=\"account-menu-link\"\\n\n >Saved Post</a>\\n\n </li>\\n\n </ul>\\n\n\\n\n \\n\n <div class=\"account-menu-section\">\\n\n <p class=\"account-menu-heading\">Setting</p>\\n\n <ul class=\"account-menu-list\">\\n\n <li>\\n\n <a\\n\n href=\"http://127.0.0.1:8000/menu/edit-profile\"\\n\n class=\"account-menu-link\"\\n\n >Edit Profile</a>\\n\n </li>\\n\n <li>\\n\n <a\\n\n href=\"http://127.0.0.1:8000/menu/appearance\"\\n\n class=\"account-menu-link\"\\n\n >Appearance</a>\\n\n </li>\\n\n <li>\\n\n <a\\n\n href=\"http://127.0.0.1:8000/menu/edit-tag\"\\n\n class=\"account-menu-link\"\\n\n >Edit Tag</a>\\n\n </li>\\n\n <li>\\n\n <a\\n\n href=\"http://127.0.0.1:8000/menu/security\"\\n\n class=\"account-menu-link\"\\n\n >Security</a>\\n\n </li>\\n\n </ul>\\n\n </div>\\n\n\\n\n <form method=\"POST\" action=\"http://127.0.0.1:8000/logout\" class=\"account-menu-logout\">\\n\n <input type=\"hidden\" name=\"_token\" value=\"yL0vcr5b0yIJKwZZDdBrPWVPCs4iLFjk0N6GwuLx\" autocomplete=\"off\"> <button type=\"submit\" class=\"account-menu-link account-menu-action\">Logout</button>\\n\n </form>\\n\n </div>\\n\n</div>\\n\n\\n\n </li>\\n\n </ul>\\n\n </div>\\n\n </div>\\n\n\\n\n\\n\n</nav>\\n\n\\n\n\\n\n <div class=\"home-page page-layout\" \\n\n x-data=\"homeController()\" \\n\n style=\"font-family: var(--font-family); background-color: var(--background-color); color: var(--text-color);\">\\n\n \\n\n <button class=\"menu-icon\" id=\"sidebarToggle\" type=\"button\" aria-controls=\"sidebar\" aria-expanded=\"false\" aria-label=\"Open sidebar\">\\n\n <svg aria-hidden=\"true\" fill=\"currentColor\" xmlns=\"http://www.w3.org/2000/svg\" viewBox=\"0 0 448 512\"><!--! Font Awesome Free 7.2.0 by @fontawesome - https://fontawesome.com License - https://fontawesome.com/license/free (Icons: CC BY 4.0, Fonts: SIL OFL 1.1, Code: MIT License) Copyright 2026 Fonticons, Inc. --><path fill=\"currentColor\" d=\"M0 96C0 78.3 14.3 64 32 64l384 0c17.7 0 32 14.3 32 32s-14.3 32-32 32L32 128C14.3 128 0 113.7 0 96zM0 256c0-17.7 14.3-32 32-32l384 0c17.7 0 32 14.3 32 32s-14.3 32-32 32L32 288c-17.7 0-32-14.3-32-32zM448 416c0 17.7-14.3 32-32 32L32 448c-17.7 0-32-14.3-32-32s14.3-32 32-32l384 0c17.7 0 32 14.3 32 32z\"/></svg></button>\\n\n\\n\n<aside\\n\n id=\"sidebar\"\\n\n data-menu-bar-location=\"left\"\\n\n data-dropdown-aside=\"false\"\\n\n class=\"sidebar home-aside home-aside--left\"\\n\n>\\n\n <div class=\"sidebar-header\">\\n\n <h2>Filters</h2>\\n\n <p>Refine websites by rating, category, and tags.</p>\\n\n </div>\\n\n\\n\n <div class=\"sidebar-section home-aside-dropdown\">\\n\n <div class=\"section-header\" id=\"ratingHeader\">\\n\n <div class=\"section-left\">\\n\n <svg aria-hidden=\"true\" class=\"section-icon\" fill=\"currentColor\" xmlns=\"http://www.w3.org/2000/svg\" viewBox=\"0 0 576 512\"><!--! Font Awesome Free 7.2.0 by @fontawesome - https://fontawesome.com License - https://fontawesome.com/license/free (Icons: CC BY 4.0, Fonts: SIL OFL 1.1, Code: MIT License) Copyright 2026 Fonticons, Inc. --><path fill=\"currentColor\" d=\"M309.5-18.9c-4.1-8-12.4-13.1-21.4-13.1s-17.3 5.1-21.4 13.1L193.1 125.3 33.2 150.7c-8.9 1.4-16.3 7.7-19.1 16.3s-.5 18 5.8 24.4l114.4 114.5-25.2 159.9c-1.4 8.9 2.3 17.9 9.6 23.2s16.9 6.1 25 2L288.1 417.6 432.4 491c8 4.1 17.7 3.3 25-2s11-14.2 9.6-23.2L441.7 305.9 556.1 191.4c6.4-6.4 8.6-15.8 5.8-24.4s-10.1-14.9-19.1-16.3L383 125.3 309.5-18.9z\"/></svg> <h3>Rating</h3>\\n\n </div>\\n\n <svg aria-hidden=\"true\" class=\"arrow-icon\" fill=\"currentColor\" xmlns=\"http://www.w3.org/2000/svg\" viewBox=\"0 0 448 512\"><!--! Font Awesome Free 7.2.0 by @fontawesome - https://fontawesome.com License - https://fontawesome.com/license/free (Icons: CC BY 4.0, Fonts: SIL OFL 1.1, Code: MIT License) Copyright 2026 Fonticons, Inc. --><path fill=\"currentColor\" d=\"M201.4 406.6c12.5 12.5 32.8 12.5 45.3 0l192-192c12.5-12.5 12.5-32.8 0-45.3s-32.8-12.5-45.3 0L224 338.7 54.6 169.4c-12.5-12.5-32.8-12.5-45.3 0s-12.5 32.8 0 45.3l192 192z\"/></svg> </div>\\n\n\\n\n <div class=\"section-content\" id=\"ratingContent\">\\n\n <div class=\"rating-options\">\\n\n <label class=\"rating-check\"><input type=\"checkbox\" value=\"all\" :checked=\"filters.rating.length === 0\" @change=\"clearFilters()\"><span>All</span></label>\\n\n <label class=\"rating-check\">\\n\n <input type=\"checkbox\" value=\"5\" \\n\n :checked=\"filters.rating.includes('5')\"\\n\n @change=\"toggleFilter('rating', '5')\">\\n\n <span>5+ Rating</span>\\n\n </label>\\n\n <label class=\"rating-check\">\\n\n <input type=\"checkbox\" value=\"4\" \\n\n :checked=\"filters.rating.includes('4')\"\\n\n @change=\"toggleFilter('rating', '4')\">\\n\n <span>4+ Rating</span>\\n\n </label>\\n\n <label class=\"rating-check\">\\n\n <input type=\"checkbox\" value=\"3\" \\n\n :checked=\"filters.rating.includes('3')\"\\n\n @change=\"toggleFilter('rating', '3')\">\\n\n <span>3+ Rating</span>\\n\n </label>\\n\n <label class=\"rating-check\">\\n\n <input type=\"checkbox\" value=\"2\" \\n\n :checked=\"filters.rating.includes('2')\"\\n\n @change=\"toggleFilter('rating', '2')\">\\n\n <span>2+ Rating</span>\\n\n </label>\\n\n <label class=\"rating-check\">\\n\n <input type=\"checkbox\" value=\"1\" \\n\n :checked=\"filters.rating.includes('1')\"\\n\n @change=\"toggleFilter('rating', '1')\">\\n\n <span>1+ Rating</span>\\n\n </label>\\n\n </div>\\n\n </div>\\n\n </div>\\n\n\\n\n <div class=\"sidebar-section home-aside-dropdown\">\\n\n <div class=\"section-header\" id=\"categoryHeader\">\\n\n <div class=\"section-left\">\\n\n <svg aria-hidden=\"true\" class=\"section-icon\" fill=\"currentColor\" xmlns=\"http://www.w3.org/2000/svg\" viewBox=\"0 0 512 512\"><!--! Font Awesome Free 7.2.0 by @fontawesome - https://fontawesome.com License - https://fontawesome.com/license/free (Icons: CC BY 4.0, Fonts: SIL OFL 1.1, Code: MIT License) Copyright 2026 Fonticons, Inc. --><path fill=\"currentColor\" d=\"M232.5 5.2c14.9-6.9 32.1-6.9 47 0l218.6 101c8.5 3.9 13.9 12.4 13.9 21.8s-5.4 17.9-13.9 21.8l-218.6 101c-14.9 6.9-32.1 6.9-47 0L13.9 149.8C5.4 145.8 0 137.3 0 128s5.4-17.9 13.9-21.8L232.5 5.2zM48.1 218.4l164.3 75.9c27.7 12.8 59.6 12.8 87.3 0l164.3-75.9 34.1 15.8c8.5 3.9 13.9 12.4 13.9 21.8s-5.4 17.9-13.9 21.8l-218.6 101c-14.9 6.9-32.1 6.9-47 0L13.9 277.8C5.4 273.8 0 265.3 0 256s5.4-17.9 13.9-21.8l34.1-15.8zM13.9 362.2l34.1-15.8 164.3 75.9c27.7 12.8 59.6 12.8 87.3 0l164.3-75.9 34.1 15.8c8.5 3.9 13.9 12.4 13.9 21.8s-5.4 17.9-13.9 21.8l-218.6 101c-14.9 6.9-32.1 6.9-47 0L13.9 405.8C5.4 401.8 0 393.3 0 384s5.4-17.9 13.9-21.8z\"/></svg> <h3>Categories</h3>\\n\n </div>\\n\n <svg aria-hidden=\"true\" class=\"arrow-icon\" fill=\"currentColor\" xmlns=\"http://www.w3.org/2000/svg\" viewBox=\"0 0 448 512\"><!--! Font Awesome Free 7.2.0 by @fontawesome - https://fontawesome.com License - https://fontawesome.com/license/free (Icons: CC BY 4.0, Fonts: SIL OFL 1.1, Code: MIT License) Copyright 2026 Fonticons, Inc. --><path fill=\"currentColor\" d=\"M201.4 406.6c12.5 12.5 32.8 12.5 45.3 0l192-192c12.5-12.5 12.5-32.8 0-45.3s-32.8-12.5-45.3 0L224 338.7 54.6 169.4c-12.5-12.5-32.8-12.5-45.3 0s-12.5 32.8 0 45.3l192 192z\"/></svg> </div>\\n\n\\n\n <div class=\"section-content\" id=\"categoryContent\">\\n\n <div class=\"category-search-box\">\\n\n <svg aria-hidden=\"true\" class=\"search-icon\" fill=\"currentColor\" xmlns=\"http://www.w3.org/2000/svg\" viewBox=\"0 0 512 512\"><!--! Font Awesome Free 7.2.0 by @fontawesome - https://fontawesome.com License - https://fontawesome.com/license/free (Icons: CC BY 4.0, Fonts: SIL OFL 1.1, Code: MIT License) Copyright 2026 Fonticons, Inc. --><path fill=\"currentColor\" d=\"M416 208c0 45.9-14.9 88.3-40 122.7L502.6 457.4c12.5 12.5 12.5 32.8 0 45.3s-32.8 12.5-45.3 0L330.7 376C296.3 401.1 253.9 416 208 416 93.1 416 0 322.9 0 208S93.1 0 208 0 416 93.1 416 208zM208 352a144 144 0 1 0 0-288 144 144 0 1 0 0 288z\"/></svg> <input type=\"text\" id=\"categorySearch\" placeholder=\"Search categories..\" x-model=\"search.category\">\\n\n </div>\\n\n\\n\n <div class=\"category-list-container\">\\n\n <label class=\"category-check\" data-filter-component=\"category\">\\n\n <input type=\"checkbox\" value=\"All\" :checked=\"filters.category.length === 0\" @change=\"clearFilters()\">\\n\n <span>All</span>\\n\n </label>\\n\n\\n\n </div>\\n\n\\n\n </div>\\n\n </div>\\n\n\\n\n <div class=\"sidebar-section home-aside-dropdown\">\\n\n <div class=\"section-header\" id=\"tagsHeader\">\\n\n <div class=\"section-left\">\\n\n <svg aria-hidden=\"true\" class=\"section-icon\" fill=\"currentColor\" xmlns=\"http://www.w3.org/2000/svg\" viewBox=\"0 0 576 512\"><!--! Font Awesome Free 7.2.0 by @fontawesome - https://fontawesome.com License - https://fontawesome.com/license/free (Icons: CC BY 4.0, Fonts: SIL OFL 1.1, Code: MIT License) Copyright 2026 Fonticons, Inc. --><path fill=\"currentColor\" d=\"M401.2 39.1L549.4 189.4c27.7 28.1 27.7 73.1 0 101.2L393 448.9c-9.3 9.4-24.5 9.5-33.9 .2s-9.5-24.5-.2-33.9L515.3 256.8c9.2-9.3 9.2-24.4 0-33.7L367 72.9c-9.3-9.4-9.2-24.6 .2-33.9s24.6-9.2 33.9 .2zM32.1 229.5L32.1 96c0-35.3 28.7-64 64-64l133.5 0c17 0 33.3 6.7 45.3 18.7l144 144c25 25 25 65.5 0 90.5L285.4 418.7c-25 25-65.5 25-90.5 0l-144-144c-12-12-18.7-28.3-18.7-45.3zm144-85.5a32 32 0 1 0 -64 0 32 32 0 1 0 64 0z\"/></svg> <h3>Tags</h3>\\n\n </div>\\n\n <svg aria-hidden=\"true\" class=\"arrow-icon\" fill=\"currentColor\" xmlns=\"http://www.w3.org/2000/svg\" viewBox=\"0 0 448 512\"><!--! Font Awesome Free 7.2.0 by @fontawesome - https://fontawesome.com License - https://fontawesome.com/license/free (Icons: CC BY 4.0, Fonts: SIL OFL 1.1, Code: MIT License) Copyright 2026 Fonticons, Inc. --><path fill=\"currentColor\" d=\"M201.4 406.6c12.5 12.5 32.8 12.5 45.3 0l192-192c12.5-12.5 12.5-32.8 0-45.3s-32.8-12.5-45.3 0L224 338.7 54.6 169.4c-12.5-12.5-32.8-12.5-45.3 0s-12.5 32.8 0 45.3l192 192z\"/></svg> </div>\\n\n\\n\n <div class=\"section-content\" id=\"tagsContent\">\\n\n <div class=\"tag-tools\">\\n\n <div class=\"tag-search-box\">\\n\n <svg aria-hidden=\"true\" class=\"search-icon\" fill=\"currentColor\" xmlns=\"http://www.w3.org/2000/svg\" viewBox=\"0 0 512 512\"><!--! Font Awesome Free 7.2.0 by @fontawesome - https://fontawesome.com License - https://fontawesome.com/license/free (Icons: CC BY 4.0, Fonts: SIL OFL 1.1, Code: MIT License) Copyright 2026 Fonticons, Inc. --><path fill=\"currentColor\" d=\"M416 208c0 45.9-14.9 88.3-40 122.7L502.6 457.4c12.5 12.5 12.5 32.8 0 45.3s-32.8 12.5-45.3 0L330.7 376C296.3 401.1 253.9 416 208 416 93.1 416 0 322.9 0 208S93.1 0 208 0 416 93.1 416 208zM208 352a144 144 0 1 0 0-288 144 144 0 1 0 0 288z\"/></svg> <input type=\"text\" id=\"tagSearch\" placeholder=\"Search tags..\" x-model=\"search.tag\">\\n\n </div>\\n\n </div>\\n\n\\n\n <div class=\"tags-container\" id=\"tagsContainer\">\\n\n <template x-for=\"tag in visibleTags\" :key=\"tag\">\\n\n <label class=\"tag-check\">\\n\n <input type=\"checkbox\" \\n\n :value=\"tag\"\\n\n :checked=\"filters.tags.includes(tag)\"\\n\n @change=\"toggleFilter('tags', tag)\">\\n\n <span x-text=\"tag\"></span>\\n\n </label>\\n\n </template>\\n\n </div>\\n\n \\n\n <button class=\"show-tags-btn\" id=\"showTagsBtn\" type=\"button\" \\n\n x-show=\"filteredTags.length > 10\"\\n\n @click=\"search.showMoreTags = !search.showMoreTags\"\\n\n x-text=\"search.showMoreTags ? 'Show Less Tags' : 'Show More Tags'\">\\n\n Show More Tags\\n\n </button>\\n\n </div>\\n\n </div>\\n\n</aside>\\n\n\\n\n <main class=\"main-content\">\\n\n <section class=\"content-intro\" aria-labelledby=\"contentTitle\">\\n\n <div>\\n\n <h1 id=\"contentTitle\">Discover Useful Websites</h1>\\n\n <p>Browse reviewed websites and narrow your results with simple, clear filters.</p>\\n\n </div>\\n\n </section>\\n\n\\n\n <div class=\"results-toolbar\">\\n\n <p><strong id=\"resultsCount\" x-text=\"totalResults\">0</strong> websites found</p>\\n\n <label class=\"sort-control\" for=\"sortSelect\">\\n\n <select id=\"sortSelect\" x-model=\"filters.sort\" @change=\"updateResults()\" aria-label=\"Sort websites\">\\n\n <option value=\"best\">Best match</option>\\n\n <option value=\"rating\">Highest rating</option>\\n\n <option value=\"newest\">Newest</option>\\n\n </select>\\n\n </label>\\n\n </div>\\n\n\\n\n <header class=\"hero\">\\n\n <div class=\"active-filters-wrapper\" :class=\"{'has-filters': hasActiveFilters()}\">\\n\n <div class=\"active-filters-heading\">\\n\n <div class=\"active-filters-title\">\\n\n <span>Selected Filters</span>\\n\n </div>\\n\n\\n\n <button class=\"clear-all-filters\" id=\"clearAllFilters\" type=\"button\" @click=\"clearFilters()\">Clear All Filters</button>\\n\n </div>\\n\n\\n\n <div class=\"active-filter-grid\" aria-live=\"polite\">\\n\n <div class=\"filter-section\">\\n\n <div class=\"filter-title\">\\n\n <svg aria-hidden=\"true\" class=\"filter-icon\" fill=\"currentColor\" xmlns=\"http://www.w3.org/2000/svg\" viewBox=\"0 0 576 512\"><!--! Font Awesome Free 7.2.0 by @fontawesome - https://fontawesome.com License - https://fontawesome.com/license/free (Icons: CC BY 4.0, Fonts: SIL OFL 1.1, Code: MIT License) Copyright 2026 Fonticons, Inc. --><path fill=\"currentColor\" d=\"M309.5-18.9c-4.1-8-12.4-13.1-21.4-13.1s-17.3 5.1-21.4 13.1L193.1 125.3 33.2 150.7c-8.9 1.4-16.3 7.7-19.1 16.3s-.5 18 5.8 24.4l114.4 114.5-25.2 159.9c-1.4 8.9 2.3 17.9 9.6 23.2s16.9 6.1 25 2L288.1 417.6 432.4 491c8 4.1 17.7 3.3 25-2s11-14.2 9.6-23.2L441.7 305.9 556.1 191.4c6.4-6.4 8.6-15.8 5.8-24.4s-10.1-14.9-19.1-16.3L383 125.3 309.5-18.9z\"/></svg> <h3>Rating</h3>\\n\n </div>\\n\n <div class=\"filter-items\" id=\"selectedRatings\">\\n\n <template x-for=\"rating in filters.rating\" :key=\"rating\">\\n\n <div class=\"selected-box\">\\n\n <svg aria-hidden=\"true\" class=\"selected-icon\" fill=\"currentColor\" xmlns=\"http://www.w3.org/2000/svg\" viewBox=\"0 0 576 512\"><!--! Font Awesome Free 7.2.0 by @fontawesome - https://fontawesome.com License - https://fontawesome.com/license/free (Icons: CC BY 4.0, Fonts: SIL OFL 1.1, Code: MIT License) Copyright 2026 Fonticons, Inc. --><path fill=\"currentColor\" d=\"M309.5-18.9c-4.1-8-12.4-13.1-21.4-13.1s-17.3 5.1-21.4 13.1L193.1 125.3 33.2 150.7c-8.9 1.4-16.3 7.7-19.1 16.3s-.5 18 5.8 24.4l114.4 114.5-25.2 159.9c-1.4 8.9 2.3 17.9 9.6 23.2s16.9 6.1 25 2L288.1 417.6 432.4 491c8 4.1 17.7 3.3 25-2s11-14.2 9.6-23.2L441.7 305.9 556.1 191.4c6.4-6.4 8.6-15.8 5.8-24.4s-10.1-14.9-19.1-16.3L383 125.3 309.5-18.9z\"/></svg> <span class=\"selected-label\" x-text=\"rating === 'all' ? 'All' : rating + '+ Rating'\"></span>\\n\n <span class=\"remove-btn\" @click=\"toggleFilter('rating', rating)\">\u00d7</span>\\n\n </div>\\n\n </template>\\n\n <span class=\"filter-empty\" x-show=\"filters.rating.length === 0\">No rating selected</span>\\n\n </div>\\n\n </div>\\n\n\\n\n <div class=\"filter-section\">\\n\n <div class=\"filter-title\">\\n\n <svg aria-hidden=\"true\" class=\"filter-icon\" fill=\"currentColor\" xmlns=\"http://www.w3.org/2000/svg\" viewBox=\"0 0 512 512\"><!--! Font Awesome Free 7.2.0 by @fontawesome - https://fontawesome.com License - https://fontawesome.com/license/free (Icons: CC BY 4.0, Fonts: SIL OFL 1.1, Code: MIT License) Copyright 2026 Fonticons, Inc. --><path fill=\"currentColor\" d=\"M232.5 5.2c14.9-6.9 32.1-6.9 47 0l218.6 101c8.5 3.9 13.9 12.4 13.9 21.8s-5.4 17.9-13.9 21.8l-218.6 101c-14.9 6.9-32.1 6.9-47 0L13.9 149.8C5.4 145.8 0 137.3 0 128s5.4-17.9 13.9-21.8L232.5 5.2zM48.1 218.4l164.3 75.9c27.7 12.8 59.6 12.8 87.3 0l164.3-75.9 34.1 15.8c8.5 3.9 13.9 12.4 13.9 21.8s-5.4 17.9-13.9 21.8l-218.6 101c-14.9 6.9-32.1 6.9-47 0L13.9 277.8C5.4 273.8 0 265.3 0 256s5.4-17.9 13.9-21.8l34.1-15.8zM13.9 362.2l34.1-15.8 164.3 75.9c27.7 12.8 59.6 12.8 87.3 0l164.3-75.9 34.1 15.8c8.5 3.9 13.9 12.4 13.9 21.8s-5.4 17.9-13.9 21.8l-218.6 101c-14.9 6.9-32.1 6.9-47 0L13.9 405.8C5.4 401.8 0 393.3 0 384s5.4-17.9 13.9-21.8z\"/></svg> <h3>Categories</h3>\\n\n </div>\\n\n <div class=\"filter-items\" id=\"selectedCategories\">\\n\n <template x-for=\"category in filters.category\" :key=\"category\">\\n\n <div class=\"selected-box\">\\n\n <span class=\"selected-label\" x-text=\"getCategoryLabel(category)\"></span>\\n\n <span class=\"remove-btn\" @click=\"toggleFilter('category', category)\">\u00d7</span>\\n\n </div>\\n\n </template>\\n\n <span class=\"filter-empty\" x-show=\"filters.category.length === 0\">No category selected</span>\\n\n </div>\\n\n </div>\\n\n\\n\n <div class=\"filter-section\">\\n\n <div class=\"filter-title\">\\n\n <svg aria-hidden=\"true\" class=\"filter-icon\" fill=\"currentColor\" xmlns=\"http://www.w3.org/2000/svg\" viewBox=\"0 0 576 512\"><!--! Font Awesome Free 7.2.0 by @fontawesome - https://fontawesome.com License - https://fontawesome.com/license/free (Icons: CC BY 4.0, Fonts: SIL OFL 1.1, Code: MIT License) Copyright 2026 Fonticons, Inc. --><path fill=\"currentColor\" d=\"M401.2 39.1L549.4 189.4c27.7 28.1 27.7 73.1 0 101.2L393 448.9c-9.3 9.4-24.5 9.5-33.9 .2s-9.5-24.5-.2-33.9L515.3 256.8c9.2-9.3 9.2-24.4 0-33.7L367 72.9c-9.3-9.4-9.2-24.6 .2-33.9s24.6-9.2 33.9 .2zM32.1 229.5L32.1 96c0-35.3 28.7-64 64-64l133.5 0c17 0 33.3 6.7 45.3 18.7l144 144c25 25 25 65.5 0 90.5L285.4 418.7c-25 25-65.5 25-90.5 0l-144-144c-12-12-18.7-28.3-18.7-45.3zm144-85.5a32 32 0 1 0 -64 0 32 32 0 1 0 64 0z\"/></svg> <h3>Tags</h3>\\n\n </div>\\n\n <div class=\"filter-items\" id=\"selectedTags\">\\n\n <template x-for=\"tag in filters.tags\" :key=\"tag\">\\n\n <div class=\"selected-box\">\\n\n <span class=\"selected-label\" x-text=\"tag\"></span>\\n\n <span class=\"remove-btn\" @click=\"toggleFilter('tags', tag)\">\u00d7</span>\\n\n </div>\\n\n </template>\\n\n <span class=\"filter-empty\" x-show=\"filters.tags.length === 0\">No tag selected</span>\\n\n </div>\\n\n </div>\\n\n </div>\\n\n </div>\\n\n </header>\\n\n\\n\n <section class=\"reviews-grid\" id=\"reviewsGrid\" x-ref=\"postsGrid\">\\n\n </section>\\n\n\\n\n <section class=\"reviews-grid\" style=\"margin-top: 20px;\" x-show=\"isLoading && page === 1\" x-cloak>\\n\n <div class=\"review-card skeleton\" style=\"height: 380px;\">\\n\n <div style=\"padding: 24px; display: flex; flex-direction: column; gap: 16px; height: 100%;\">\\n\n <div class=\"card-topline\" style=\"margin-bottom: 0;\">\\n\n <div class=\"site-icon\" style=\"background: rgba(148, 163, 184, 0.12); border: none;\"></div>\\n\n <div class=\"rating-badge\" style=\"background: rgba(148, 163, 184, 0.12); border: none; width: 60px;\"></div>\\n\n </div>\\n\n \\n\n <div style=\"height: 24px; background: rgba(148, 163, 184, 0.12); border-radius: 4px; width: 80%;\"></div>\\n\n \\n\n <div style=\"display: flex; flex-direction: column; gap: 8px;\">\\n\n <div style=\"height: 14px; background: rgba(148, 163, 184, 0.12); border-radius: 4px; width: 100%;\"></div>\\n\n <div style=\"height: 14px; background: rgba(148, 163, 184, 0.12); border-radius: 4px; width: 90%;\"></div>\\n\n <div style=\"height: 14px; background: rgba(148, 163, 184, 0.12); border-radius: 4px; width: 95%;\"></div>\\n\n </div>\\n\n\\n\n <div class=\"card-tags\" style=\"margin-top: auto; padding-top: 16px; display: flex; gap: 8px;\">\\n\n <div style=\"height: 26px; width: 70px; background: rgba(148, 163, 184, 0.12); border-radius: 999px;\"></div>\\n\n <div style=\"height: 26px; width: 85px; background: rgba(148, 163, 184, 0.12); border-radius: 999px;\"></div>\\n\n <div style=\"height: 26px; width: 60px; background: rgba(148, 163, 184, 0.12); border-radius: 999px;\"></div>\\n\n </div>\\n\n </div>\\n\n </div>\\n\n <div class=\"review-card skeleton\" style=\"height: 380px;\">\\n\n <div style=\"padding: 24px; display: flex; flex-direction: column; gap: 16px; height: 100%;\">\\n\n <div class=\"card-topline\" style=\"margin-bottom: 0;\">\\n\n <div class=\"site-icon\" style=\"background: rgba(148, 163, 184, 0.12); border: none;\"></div>\\n\n <div class=\"rating-badge\" style=\"background: rgba(148, 163, 184, 0.12); border: none; width: 60px;\"></div>\\n\n </div>\\n\n \\n\n <div style=\"height: 24px; background: rgba(148, 163, 184, 0.12); border-radius: 4px; width: 80%;\"></div>\\n\n \\n\n <div style=\"display: flex; flex-direction: column; gap: 8px;\">\\n\n <div style=\"height: 14px; background: rgba(148, 163, 184, 0.12); border-radius: 4px; width: 100%;\"></div>\\n\n <div style=\"height: 14px; background: rgba(148, 163, 184, 0.12); border-radius: 4px; width: 90%;\"></div>\\n\n <div style=\"height: 14px; background: rgba(148, 163, 184, 0.12); border-radius: 4px; width: 95%;\"></div>\\n\n </div>\\n\n\\n\n <div class=\"card-tags\" style=\"margin-top: auto; padding-top: 16px; display: flex; gap: 8px;\">\\n\n <div style=\"height: 26px; width: 70px; background: rgba(148, 163, 184, 0.12); border-radius: 999px;\"></div>\\n\n <div style=\"height: 26px; width: 85px; background: rgba(148, 163, 184, 0.12); border-radius: 999px;\"></div>\\n\n <div style=\"height: 26px; width: 60px; background: rgba(148, 163, 184, 0.12); border-radius: 999px;\"></div>\\n\n </div>\\n\n </div>\\n\n </div>\\n\n <div class=\"review-card skeleton\" style=\"height: 380px;\">\\n\n <div style=\"padding: 24px; display: flex; flex-direction: column; gap: 16px; height: 100%;\">\\n\n <div class=\"card-topline\" style=\"margin-bottom: 0;\">\\n\n <div class=\"site-icon\" style=\"background: rgba(148, 163, 184, 0.12); border: none;\"></div>\\n\n <div class=\"rating-badge\" style=\"background: rgba(148, 163, 184, 0.12); border: none; width: 60px;\"></div>\\n\n </div>\\n\n \\n\n <div style=\"height: 24px; background: rgba(148, 163, 184, 0.12); border-radius: 4px; width: 80%;\"></div>\\n\n \\n\n <div style=\"display: flex; flex-direction: column; gap: 8px;\">\\n\n <div style=\"height: 14px; background: rgba(148, 163, 184, 0.12); border-radius: 4px; width: 100%;\"></div>\\n\n <div style=\"height: 14px; background: rgba(148, 163, 184, 0.12); border-radius: 4px; width: 90%;\"></div>\\n\n <div style=\"height: 14px; background: rgba(148, 163, 184, 0.12); border-radius: 4px; width: 95%;\"></div>\\n\n </div>\\n\n\\n\n <div class=\"card-tags\" style=\"margin-top: auto; padding-top: 16px; display: flex; gap: 8px;\">\\n\n <div style=\"height: 26px; width: 70px; background: rgba(148, 163, 184, 0.12); border-radius: 999px;\"></div>\\n\n <div style=\"height: 26px; width: 85px; background: rgba(148, 163, 184, 0.12); border-radius: 999px;\"></div>\\n\n <div style=\"height: 26px; width: 60px; background: rgba(148, 163, 184, 0.12); border-radius: 999px;\"></div>\\n\n </div>\\n\n </div>\\n\n </div>\\n\n </section>\\n\n\\n\n <section class=\"home-empty-state\" id=\"homeEmptyState\" x-show=\"totalResults === 0\" x-cloak>\\n\n <div id=\"emptyStateSearchIcon\">\\n\n <svg aria-hidden=\"true\" class=\"home-empty-icon\" fill=\"currentColor\" xmlns=\"http://www.w3.org/2000/svg\" viewBox=\"0 0 512 512\"><!--! Font Awesome Free 7.2.0 by @fontawesome - https://fontawesome.com License - https://fontawesome.com/license/free (Icons: CC BY 4.0, Fonts: SIL OFL 1.1, Code: MIT License) Copyright 2026 Fonticons, Inc. --><path fill=\"currentColor\" d=\"M416 208c0 45.9-14.9 88.3-40 122.7L502.6 457.4c12.5 12.5 12.5 32.8 0 45.3s-32.8 12.5-45.3 0L330.7 376C296.3 401.1 253.9 416 208 416 93.1 416 0 322.9 0 208S93.1 0 208 0 416 93.1 416 208zM208 352a144 144 0 1 0 0-288 144 144 0 1 0 0 288z\"/></svg> </div>\\n\n <h2 id=\"emptyStateTitle\">No websites found</h2>\\n\n <p id=\"emptyStateText\">Try adjusting your filters to find what you're looking for.</p>\\n\n <button type=\"button\" class=\"clear-filters-btn\" id=\"emptyStateClearBtn\" @click=\"clearFilters()\">Clear All Filters</button>\\n\n </section>\\n\n\\n\n <div class=\"pagination-wrapper\" style=\"display: flex; justify-content: center; margin-top: 40px; padding-bottom: 40px;\" x-show=\"hasMore\" x-cloak>\\n\n <button \\n\n type=\"button\" \\n\n class=\"load-more-btn\" \\n\n @click=\"loadMore()\" \\n\n :disabled=\"isLoading\"\\n\n >\\n\n <template x-if=\"isLoading\">\\n\n <div class=\"spinner\"></div>\\n\n </template>\\n\n <span x-text=\"isLoading ? 'Loading..' : 'Load More Websites'\"></span>\\n\n </button>\\n\n </div>\\n\n </main>\\n\n </div>\\n\n <script>\\n\n window.homeCategoryTags = {\"all\":[]};\\n\n window.homeCategoryLabels = {\"All\":\"All\",\"all\":\"All\"};\\n\n window.homeInitialCategory = null;\\n\n\\n\n function homeController() {\\n\n return {\\n\n totalResults: 0,\\n\n hasMore: false,\\n\n page: 1,\\n\n isLoading: false,\\n\n filters: {\\n\n category: window.homeInitialCategory ? [window.homeInitialCategory] : [],\\n\n tags: [],\\n\n rating: [],\\n\n sort: 'best'\\n\n },\\n\n search: {\\n\n category: '',\\n\n tag: '',\\n\n showMoreCategories: false,\\n\n showMoreTags: false\\n\n },\\n\n\\n\n get availableTags() {\\n\n if (this.filters.category.length === 0) return window.homeCategoryTags.all;\\n\n const tags = new Set();\\n\n this.filters.category.forEach(cat => {\\n\n (window.homeCategoryTags[cat] || []).forEach(tag => tags.add(tag));\\n\n });\\n\n return Array.from(tags);\\n\n },\\n\n\\n\n get filteredTags() {\\n\n const search = this.search.tag.toLowerCase();\\n\n return this.availableTags.filter(t => t.toLowerCase().includes(search));\\n\n },\\n\n\\n\n get visibleTags() {\\n\n const tags = this.filteredTags;\\n\n if (this.search.showMoreTags) return tags;\\n\n return tags.slice(0, 10);\\n\n },\\n\n\\n\n async updateResults() {\\n\n this.page = 1;\\n\n this.isLoading = true;\\n\n this.hasMore = true;\\n\n \\n\n try {\\n\n const url = this.getFilterUrl();\\n\n const response = await fetch(url.toString(), {\\n\n headers: { 'X-Requested-With': 'XMLHttpRequest' }\\n\n });\\n\n const data = await response.json();\\n\n \\n\n this.$refs.postsGrid.innerHTML = data.html;\\n\n this.hasMore = data.hasMorePages;\\n\n this.totalResults = data.total;\\n\n } catch (error) {\\n\n console.error('Error updating results:', error);\\n\n } finally {\\n\n this.isLoading = false;\\n\n }\\n\n },\\n\n\\n\n async loadMore() {\\n\n if (this.isLoading || !this.hasMore) return;\\n\n this.isLoading = true;\\n\n this.page++;\\n\n\\n\n try {\\n\n const url = this.getFilterUrl();\\n\n url.searchParams.set('page', this.page);\\n\n\\n\n const response = await fetch(url.toString(), {\\n\n headers: {\\n\n 'X-Requested-With': 'XMLHttpRequest'\\n\n }\\n\n });\\n\n const data = await response.json();\\n\n\\n\n if (data.html) {\\n\n this.$refs.postsGrid.insertAdjacentHTML('beforeend', data.html);\\n\n this.hasMore = data.hasMorePages;\\n\n this.totalResults = data.total;\\n\n } else {\\n\n this.hasMore = false;\\n\n }\\n\n } catch (error) {\\n\n console.error('Error loading more posts:', error);\\n\n this.page--;\\n\n } finally {\\n\n this.isLoading = false;\\n\n }\\n\n },\\n\n\\n\n getFilterUrl() {\\n\n const url = new URL(window.location.origin + window.location.pathname);\\n\n if (this.filters.category.length > 0) {\\n\n url.searchParams.set('category', this.filters.category.join(','));\\n\n }\\n\n if (this.filters.tags.length > 0) {\\n\n url.searchParams.set('tags', this.filters.tags.join(','));\\n\n }\\n\n if (this.filters.rating.length > 0) {\\n\n url.searchParams.set('rating', Math.min(..this.filters.rating));\\n\n }\\n\n url.searchParams.set('sort', this.filters.sort);\\n\n return url;\\n\n },\\n\n\\n\n toggleFilter(type, value) {\\n\n if (value === 'all' || value === 'All') {\\n\n this.filters[type] = [];\\n\n } else {\\n\n const index = this.filters[type].indexOf(value);\\n\n if (index > -1) {\\n\n this.filters[type].splice(index, 1);\\n\n } else {\\n\n this.filters[type].push(value);\\n\n }\\n\n }\\n\n this.updateResults();\\n\n },\\n\n\\n\n hasActiveFilters() {\\n\n return this.filters.category.length > 0 || \\n\n this.filters.tags.length > 0 || \\n\n this.filters.rating.length > 0;\\n\n },\\n\n\\n\n clearFilters() {\\n\n this.filters.category = [];\\n\n this.filters.tags = [];\\n\n this.filters.rating = [];\\n\n this.filters.sort = 'best';\\n\n this.updateResults();\\n\n },\\n\n\\n\n getCategoryLabel(slug) {\\n\n return window.homeCategoryLabels[slug] || slug;\\n\n },\\n\n\\n\n init() {\\n\n const mainContent = document.querySelector('.main-content');\\n\n if (mainContent) {\\n\n let isThrottled = false;\\n\n mainContent.addEventListener('scroll', () => {\\n\n if (isThrottled) return;\\n\n isThrottled = true;\\n\n setTimeout(() => {\\n\n if (mainContent.scrollTop + mainContent.clientHeight >= mainContent.scrollHeight - 500) {\\n\n this.loadMore();\\n\n }\\n\n isThrottled = false;\\n\n }, 200);\\n\n });\\n\n }\\n\n }\\n\n }\\n\n }\\n\n </script>\\n\n <link rel=\"modulepreload\" as=\"script\" href=\"http://127.0.0.1:8000/build/assets/homepage-BgCvQqiA.js\" /><script type=\"module\" src=\"http://127.0.0.1:8000/build/assets/homepage-BgCvQqiA.js\"></script></body>\\n\n</html>\\n\n' [UTF-8](length: 52149) does not contain \"class=\"review-card\" [ASCII](length: 18)."},{"test":"Tests\\Feature\\HomePageTest::test_home_aside_renders_category_component_items_and_tag_template","file":"/home/pc/Documents/web-review/tests/Feature/HomePageTest.php","line":154,"message":"Failed asserting that '<!doctype html>\\n\n<html lang=\"en\">\\n\n<head>\\n\n <meta charset=\"UTF-8\">\\n\n <meta name=\"viewport\" content=\"width=device-width, initial-scale=1\">\\n\n <meta name=\"csrf-token\" content=\"cY3V3gbzk0l2xZ5CzkUfLv0HmeEIVybbRp48uA91\">\\n\n <title>\\n\n Home\\n\n </title>\\n\n <link rel=\"icon\" type=\"image/svg+xml\" href=\"/favicon.svg\">\\n\n <link rel=\"preconnect\" href=\"https://fonts.googleapis.com\">\\n\n<link rel=\"preconnect\" href=\"https://fonts.gstatic.com\" crossorigin>\\n\n<link href=\"https://fonts.googleapis.com/css2?family=Figtree:wght@400;500;600;700&display=swap\" rel=\"stylesheet\">\\n\n <style>\\n\n :root {\\n\n --accent-color: #6c5ce7;\\n\n --background-color: #ffffff;\\n\n --text-color: #0d1b2a;\\n\n --font-family: Figtree, sans-serif;\\n\n }\\n\n </style>\\n\n <link rel=\"preload\" as=\"style\" href=\"http://127.0.0.1:8000/build/assets/app-YkLvgNUm.css\" /><link rel=\"modulepreload\" as=\"script\" href=\"http://127.0.0.1:8000/build/assets/app-BaSKX0Is.js\" /><link rel=\"stylesheet\" href=\"http://127.0.0.1:8000/build/assets/app-YkLvgNUm.css\" /><script type=\"module\" src=\"http://127.0.0.1:8000/build/assets/app-BaSKX0Is.js\"></script> <link rel=\"preload\" as=\"style\" href=\"http://127.0.0.1:8000/build/assets/homepage-CYIELjnI.css\" /><link rel=\"stylesheet\" href=\"http://127.0.0.1:8000/build/assets/homepage-CYIELjnI.css\" />\\n\n</head>\\n\n<body class=\"m-0 box-border p-0 bg-[var(--background-color)] text-[var(--text-color)]\" style=\"font-family: var(--font-family);\">\\n\n <div class=\"sitesphere-loader\" data-page-loader aria-hidden=\"true\" role=\"status\" aria-live=\"polite\">\\n\n <span class=\"sitesphere-loader__label\">Loading SiteSphere</span>\\n\n\\n\n <div class=\"sitesphere-loader__stage\" aria-hidden=\"true\">\\n\n <svg class=\"sitesphere-loader__icon sitesphere-loader__draw sitesphere-loader__glow\" viewBox=\"0 0 88.5 99.5\" fill=\"none\" xmlns=\"http://www.w3.org/2000/svg\">\\n\n <path class=\"sitesphere-loader__draw-a\" pathLength=\"100\" d=\"M44.5 28.75L28.75 37.25L28.75 38.75L63.25 58.5L66.5 60.75L65.75 62.5L43.75 74.25L9.75 54.25L7.75 53.25L6 54L6.25 72L43.75 93.5L46 93.25L82.5 71.75L82 50Z\"/>\\n\n <path class=\"sitesphere-loader__draw-b\" pathLength=\"100\" d=\"M43.25 6L6.25 27.75L6.25 49L41 69.25L46.25 69.75L60.25 61.5L56.25 58L22 39L22 37.75L45 25.25L82 46.25L82.5 27.75L60.5 14L45.5 6Z\"/>\\n\n </svg>\\n\n </div>\\n\n</div>\\n\n\\n\n <style>\\n\n .sitesphere-loader {\\n\n --sitesphere-loader-accent: var(--accent-color, #6c5ce7);\\n\n position: fixed;\\n\n inset: 0;\\n\n z-index: 9999;\\n\n display: grid;\\n\n place-items: center;\\n\n background: color-mix(in srgb, var(--background-color, #ffffff) 86%, transparent);\\n\n opacity: 0;\\n\n visibility: hidden;\\n\n pointer-events: none;\\n\n transition: opacity 180ms ease, visibility 180ms ease;\\n\n backdrop-filter: blur(6px);\\n\n }\\n\n\\n\n .sitesphere-loader.is-active {\\n\n opacity: 1;\\n\n visibility: visible;\\n\n pointer-events: auto;\\n\n }\\n\n\\n\n .sitesphere-loader__label {\\n\n position: absolute;\\n\n width: 1px;\\n\n height: 1px;\\n\n overflow: hidden;\\n\n clip: rect(0, 0, 0, 0);\\n\n white-space: nowrap;\\n\n }\\n\n\\n\n .sitesphere-loader__stage {\\n\n display: flex;\\n\n align-items: center;\\n\n justify-content: center;\\n\n }\\n\n\\n\n .sitesphere-loader__icon {\\n\n width: 150px;\\n\n height: auto;\\n\n }\\n\n\\n\n .sitesphere-loader__glow {\\n\n filter: drop-shadow(0 0 14px color-mix(in srgb, var(--sitesphere-loader-accent) 55%, transparent));\\n\n }\\n\n\\n\n .sitesphere-loader__draw path {\\n\n fill: var(--sitesphere-loader-accent);\\n\n stroke: var(--sitesphere-loader-accent);\\n\n stroke-width: 2.4;\\n\n stroke-linejoin: round;\\n\n stroke-dasharray: 100;\\n\n stroke-dashoffset: 100;\\n\n fill-opacity: 0;\\n\n stroke-opacity: 1;\\n\n }\\n\n\\n\n .sitesphere-loader.is-active .sitesphere-loader__draw-a {\\n\n animation: sitesphereLoaderDraw 1.2s ease-in-out infinite;\\n\n animation-fill-mode: both;\\n\n }\\n\n\\n\n .sitesphere-loader.is-active .sitesphere-loader__draw-b {\\n\n animation: sitesphereLoaderDraw 1.2s ease-in-out infinite;\\n\n animation-delay: 0.25s;\\n\n animation-fill-mode: both;\\n\n }\\n\n\\n\n @keyframes sitesphereLoaderDraw {\\n\n 0% { stroke-dashoffset: 100; fill-opacity: 0; stroke-opacity: 1; }\\n\n 38% { stroke-dashoffset: 0; fill-opacity: 0; stroke-opacity: 1; }\\n\n 52% { stroke-dashoffset: 0; fill-opacity: 1; stroke-opacity: 1; }\\n\n 80% { stroke-dashoffset: 0; fill-opacity: 1; stroke-opacity: 1; }\\n\n 96% { stroke-dashoffset: 0; fill-opacity: 0; stroke-opacity: 0; }\\n\n 100% { stroke-dashoffset: 0; fill-opacity: 0; stroke-opacity: 0; }\\n\n }\\n\n\\n\n @media (prefers-reduced-motion: reduce) {\\n\n .sitesphere-loader,\\n\n .sitesphere-loader.is-active .sitesphere-loader__draw-a,\\n\n .sitesphere-loader.is-active .sitesphere-loader__draw-b {\\n\n transition: none;\\n\n animation: none;\\n\n }\\n\n }\\n\n </style>\\n\n\\n\n <script>\\n\n (() => {\\n\n if (window.siteSpherePageLoaderInitialized) {\\n\n return;\\n\n }\\n\n\\n\n window.siteSpherePageLoaderInitialized = true;\\n\n\\n\n const loader = document.querySelector('[data-page-loader]');\\n\n\\n\n if (! loader) {\\n\n return;\\n\n }\\n\n\\n\n const minimumVisibleMilliseconds = 300;\\n\n let shownAt = 0;\\n\n let hideTimeout = null;\\n\n\\n\n const showLoader = () => {\\n\n if (hideTimeout) {\\n\n clearTimeout(hideTimeout);\\n\n hideTimeout = null;\\n\n }\\n\n\\n\n shownAt = Date.now();\\n\n loader.classList.remove('is-active');\\n\n void loader.offsetWidth;\\n\n loader.classList.add('is-active');\\n\n loader.setAttribute('aria-hidden', 'false');\\n\n };\\n\n\\n\n const hideLoader = () => {\\n\n const deactivateLoader = () => {\\n\n loader.classList.remove('is-active');\\n\n loader.setAttribute('aria-hidden', 'true');\\n\n hideTimeout = null;\\n\n };\\n\n\\n\n if (! shownAt) {\\n\n deactivateLoader();\\n\n\\n\n return;\\n\n }\\n\n\\n\n const elapsedMilliseconds = Date.now() - shownAt;\\n\n const remainingMilliseconds = minimumVisibleMilliseconds - elapsedMilliseconds;\\n\n\\n\n if (remainingMilliseconds <= 0) {\\n\n deactivateLoader();\\n\n\\n\n return;\\n\n }\\n\n\\n\n hideTimeout = setTimeout(deactivateLoader, remainingMilliseconds);\\n\n };\\n\n\\n\n const navigationEntry = performance.getEntriesByType('navigation')[0];\\n\n\\n\n const isModifiedClick = (event) => event.metaKey || event.ctrlKey || event.shiftKey || event.altKey || event.button !== 0;\\n\n\\n\n const isEligibleLink = (link, event) => {\\n\n if (! link || event.defaultPrevented || isModifiedClick(event) || link.closest('[data-no-loader]')) {\\n\n return false;\\n\n }\\n\n\\n\n if (link.hasAttribute('download') || (link.target && link.target !== '_self')) {\\n\n return false;\\n\n }\\n\n\\n\n const href = link.getAttribute('href');\\n\n\\n\n if (! href || href.startsWith('#') || href.startsWith('mailto:') || href.startsWith('tel:') || href.startsWith('javascript:')) {\\n\n return false;\\n\n }\\n\n\\n\n const destination = new URL(link.href, window.location.href);\\n\n const current = new URL(window.location.href);\\n\n const onlyHashChanges = destination.origin === current.origin\\n\n && destination.pathname === current.pathname\\n\n && destination.search === current.search\\n\n && destination.hash;\\n\n\\n\n return destination.origin === current.origin && ! onlyHashChanges;\\n\n };\\n\n\\n\n document.addEventListener('click', (event) => {\\n\n const link = event.target.closest('a[href]');\\n\n\\n\n if (isEligibleLink(link, event)) {\\n\n showLoader();\\n\n }\\n\n });\\n\n\\n\n document.addEventListener('submit', (event) => {\\n\n if (! event.defaultPrevented && ! event.target.closest('[data-no-loader]')) {\\n\n showLoader();\\n\n }\\n\n });\\n\n\\n\n if (navigationEntry?.type === 'reload') {\\n\n showLoader();\\n\n }\\n\n\\n\n window.addEventListener('beforeunload', showLoader);\\n\n window.addEventListener('pagehide', showLoader);\\n\n window.addEventListener('load', hideLoader);\\n\n window.addEventListener('pageshow', hideLoader);\\n\n })();\\n\n </script>\\n\n <nav class=\"desktop-nav flex items-center\" x-data=\"{ scrolled: false }\" @scroll.window=\"scrolled = window.scrollY > 20\" :class=\"{ 'scrolled': scrolled }\">\\n\n <div class=\"max-w-screen-xl w-full mx-auto flex flex-wrap items-center justify-between\">\\n\n\\n\n <div class=\"flex gap-3\">\\n\n <a href=\"http://127.0.0.1:8000\" class=\"site-brand flex items-center space-x-0 rtl:space-x-reverse\">\\n\n <svg\\n\n class=\"size-10 shrink-0\" style=\"color: var(--accent-color, #6c5ce7);\"\\n\n xmlns=\"http://www.w3.org/2000/svg\"\\n\n viewBox=\"0 0 88.5 99.5\"\\n\n fill=\"none\"\\n\n role=\"img\"\\n\n aria-label=\"SiteSphere\"\\n\n>\\n\n <path fill=\"var(--accent-color, #6c5ce7)\" d=\"M44.5 28.75L28.75 37.25L28.75 38.75L63.25 58.5L66.5 60.75L65.75 62.5L43.75 74.25L9.75 54.25L7.75 53.25L6 54L6.25 72L43.75 93.5L46 93.25L82.5 71.75L82 50Z\"></path>\\n\n <path fill=\"var(--accent-color, #6c5ce7)\" d=\"M43.25 6L6.25 27.75L6.25 49L41 69.25L46.25 69.75L60.25 61.5L56.25 58L22 39L22 37.75L45 25.25L82 46.25L82.5 27.75L60.5 14L45.5 6Z\"></path>\\n\n</svg>\\n\n <span class=\"self-center text-xl text-heading font-semibold whitespace-nowrap\">SiteSphere</span>\\n\n </a>\\n\n </div>\\n\n\\n\n\\n\n <div class=\"items-center justify-between w-full md:flex md:w-auto md:order-1\" id=\"navbar-sticky\">\\n\n <ul class=\"flex p-4 md:p-0 mt-4 md:space-x-8 rtl:space-x-reverse md:mt-0 \">\\n\n <li>\\n\n <a href=\"http://127.0.0.1:8000/home\" class=\"desktop-link active\" aria-current=\"page\" >\\n\n <div class=\"md:flex gap-2\">\\n\n <svg class=\"icon\" fill=\"currentColor\" xmlns=\"http://www.w3.org/2000/svg\" viewBox=\"0 0 512 512\"><!--! Font Awesome Free 7.2.0 by @fontawesome - https://fontawesome.com License - https://fontawesome.com/license/free (Icons: CC BY 4.0, Fonts: SIL OFL 1.1, Code: MIT License) Copyright 2026 Fonticons, Inc. --><path fill=\"currentColor\" d=\"M277.8 8.6c-12.3-11.4-31.3-11.4-43.5 0l-224 208c-9.6 9-12.8 22.9-8 35.1S18.8 272 32 272l16 0 0 176c0 35.3 28.7 64 64 64l288 0c35.3 0 64-28.7 64-64l0-176 16 0c13.2 0 25-8.1 29.8-20.3s1.6-26.2-8-35.1l-224-208zM240 320l32 0c26.5 0 48 21.5 48 48l0 96-128 0 0-96c0-26.5 21.5-48 48-48z\"/></svg> <span>Home</span>\\n\n </div>\\n\n</a>\\n\n\\n\n </li>\\n\n <li>\\n\n <button data-dropdown-toggle=\"mega-menu-icons-dropdown\" class=\"desktop-link\">\\n\n <svg class=\"icon\" fill=\"currentColor\" xmlns=\"http://www.w3.org/2000/svg\" viewBox=\"0 0 512 512\"><!--! Font Awesome Free 7.2.0 by @fontawesome - https://fontawesome.com License - https://fontawesome.com/license/free (Icons: CC BY 4.0, Fonts: SIL OFL 1.1, Code: MIT License) Copyright 2026 Fonticons, Inc. --><path fill=\"currentColor\" d=\"M232.5 5.2c14.9-6.9 32.1-6.9 47 0l218.6 101c8.5 3.9 13.9 12.4 13.9 21.8s-5.4 17.9-13.9 21.8l-218.6 101c-14.9 6.9-32.1 6.9-47 0L13.9 149.8C5.4 145.8 0 137.3 0 128s5.4-17.9 13.9-21.8L232.5 5.2zM48.1 218.4l164.3 75.9c27.7 12.8 59.6 12.8 87.3 0l164.3-75.9 34.1 15.8c8.5 3.9 13.9 12.4 13.9 21.8s-5.4 17.9-13.9 21.8l-218.6 101c-14.9 6.9-32.1 6.9-47 0L13.9 277.8C5.4 273.8 0 265.3 0 256s5.4-17.9 13.9-21.8l34.1-15.8zM13.9 362.2l34.1-15.8 164.3 75.9c27.7 12.8 59.6 12.8 87.3 0l164.3-75.9 34.1 15.8c8.5 3.9 13.9 12.4 13.9 21.8s-5.4 17.9-13.9 21.8l-218.6 101c-14.9 6.9-32.1 6.9-47 0L13.9 405.8C5.4 401.8 0 393.3 0 384s5.4-17.9 13.9-21.8z\"/></svg> <span>Categories</span>\\n\n <svg class=\"w-4 h-4 ms-1.5 -me-0.5\" aria-hidden=\"true\" xmlns=\"http://www.w3.org/2000/svg\" width=\"24\" height=\"24\" fill=\"none\" viewBox=\"0 0 24 24\"><path stroke=\"currentColor\" stroke-linecap=\"round\" stroke-linejoin=\"round\" stroke-width=\"2\" d=\"m19 9-7 7-7-7\"/></svg>\\n\n</button>\\n\n\\n\n<div\\n\n id=\"mega-menu-icons-dropdown\"\\n\n class=\"category-menu-dropdown absolute z-10 hidden text-sm rounded-xl shadow-md\"\\n\n>\\n\n <div class=\"category-menu-panel p-4 text-heading md:pb-4\">\\n\n <ul class=\"category-menu-grid grid gap-3 font-normal sm:grid-cols-2 md:grid-cols-3\" aria-labelledby=\"mega-menu-icons-dropdown-button\">\\n\n <li>\\n\n <a href=\"http://127.0.0.1:8000/home?category=developer-tools\" class=\"inline-flex items-center text-body hover:text-fg-brand\">\\n\n Developer Tools\\n\n </a>\\n\n </li>\\n\n </ul>\\n\n </div>\\n\n</div>\\n\n\\n\n </li>\\n\n </ul>\\n\n </div>\\n\n\\n\n \\n\n <div class=\"flex md:order-2 space-x-3 md:space-x-3 rtl:space-x-reverse \">\\n\n <ul class=\"flex items-center justify-center p-4 md:p-0 mt-4 md:space-x-4 rtl:space-x-reverse md:mt-0 \">\\n\n <li>\\n\n <button\\n\n id=\"notificationDropdownButton\"\\n\n type=\"button\"\\n\n data-dropdown-toggle=\"notificationDropdown\"\\n\n class=\"noti-button\"\\n\n aria-label=\"Notifications\"\\n\n style=\"font-family: var(--font-family);\"\\n\n>\\n\n <svg class=\"icon\" fill=\"currentColor\" xmlns=\"http://www.w3.org/2000/svg\" viewBox=\"0 0 448 512\"><!--! Font Awesome Free 7.2.0 by @fontawesome - https://fontawesome.com License - https://fontawesome.com/license/free (Icons: CC BY 4.0, Fonts: SIL OFL 1.1, Code: MIT License) Copyright 2026 Fonticons, Inc. --><path fill=\"currentColor\" d=\"M224 0c-13.3 0-24 10.7-24 24l0 9.7C118.6 45.3 56 115.4 56 200l0 14.5c0 37.7-10 74.7-29 107.3L5.1 359.2C1.8 365 0 371.5 0 378.2 0 399.1 16.9 416 37.8 416l372.4 0c20.9 0 37.8-16.9 37.8-37.8 0-6.7-1.8-13.3-5.1-19L421 321.7c-19-32.6-29-69.6-29-107.3l0-14.5c0-84.6-62.6-154.7-144-166.3l0-9.7c0-13.3-10.7-24-24-24zM392.4 368l-336.9 0 12.9-22.1C91.7 306 104 260.6 104 214.5l0-14.5c0-66.3 53.7-120 120-120s120 53.7 120 120l0 14.5c0 46.2 12.3 91.5 35.5 131.4L392.4 368zM156.1 464c9.9 28 36.6 48 67.9 48s58-20 67.9-48l-135.8 0z\"/></svg> </button>\\n\n<div id=\"notificationDropdown\" class=\"noti-dropdown hidden\" aria-labelledby=\"notificationDropdownButton\" style=\"font-family: var(--font-family); color: var(--text-color); background-color: var(--background-color);\">\\n\n <div class=\"noti-dropdown-header\" style=\"font-family: var(--font-family); color: var(--text-color);\">Notifications</div>\\n\n\\n\n <p class=\"noti-empty\" style=\"font-family: var(--font-family); color: var(--text-color);\">No unread notifications</p>\\n\n </div>\\n\n\\n\n </li>\\n\n <li>\\n\n <div class=\"desktop-action\">\\n\n <button\\n\n type=\"button\"\\n\n class=\"account-button\"\\n\n id=\"desktopAccountMenuButton\"\\n\n data-dropdown-toggle=\"desktopAccountMenu\"\\n\n data-dropdown-placement=\"bottom-end\"\\n\n aria-label=\"Account menu\"\\n\n aria-expanded=\"false\"\\n\n >\\n\n <svg class=\"icon\" fill=\"currentColor\" xmlns=\"http://www.w3.org/2000/svg\" viewBox=\"0 0 448 512\"><!--! Font Awesome Free 7.2.0 by @fontawesome - https://fontawesome.com License - https://fontawesome.com/license/free (Icons: CC BY 4.0, Fonts: SIL OFL 1.1, Code: MIT License) Copyright 2026 Fonticons, Inc. --><path fill=\"currentColor\" d=\"M144 128a80 80 0 1 1 160 0 80 80 0 1 1 -160 0zm208 0a128 128 0 1 0 -256 0 128 128 0 1 0 256 0zM48 480c0-70.7 57.3-128 128-128l96 0c70.7 0 128 57.3 128 128l0 8c0 13.3 10.7 24 24 24s24-10.7 24-24l0-8c0-97.2-78.8-176-176-176l-96 0C78.8 304 0 382.8 0 480l0 8c0 13.3 10.7 24 24 24s24-10.7 24-24l0-8z\"/></svg> <span class=\"account-text\">\\n\n <span class=\"verified-label\">\\n\n Verified <svg style=\"color: var(--accent-color);\" class=\"inline-block size-3\" fill=\"currentColor\" xmlns=\"http://www.w3.org/2000/svg\" viewBox=\"0 0 512 512\"><!--! Font Awesome Free 7.2.0 by @fontawesome - https://fontawesome.com License - https://fontawesome.com/license/free (Icons: CC BY 4.0, Fonts: SIL OFL 1.1, Code: MIT License) Copyright 2026 Fonticons, Inc. --><path fill=\"currentColor\" d=\"M256 512a256 256 0 1 1 0-512 256 256 0 1 1 0 512zM374 145.7c-10.7-7.8-25.7-5.4-33.5 5.3L221.1 315.2 169 263.1c-9.4-9.4-24.6-9.4-33.9 0s-9.4 24.6 0 33.9l72 72c5 5 11.8 7.5 18.8 7s13.4-4.1 17.5-9.8L379.3 179.2c7.8-10.7 5.4-25.7-5.3-33.5z\"/></svg> </span>\\n\n <span class=\"account-name\">Dr. Asia Hyatt</span>\\n\n </span>\\n\n </button>\\n\n\\n\n <div id=\"desktopAccountMenu\" class=\"account-menu-dropdown hidden\" aria-labelledby=\"desktopAccountMenuButton\">\\n\n <ul class=\"account-menu-list\">\\n\n <li>\\n\n <a\\n\n href=\"http://127.0.0.1:8000/profile\"\\n\n class=\"account-menu-link\"\\n\n >View Profile</a>\\n\n </li>\\n\n <li>\\n\n <a\\n\n href=\"http://127.0.0.1:8000/menu/saved-post\"\\n\n class=\"account-menu-link\"\\n\n >Saved Post</a>\\n\n </li>\\n\n </ul>\\n\n\\n\n \\n\n <div class=\"account-menu-section\">\\n\n <p class=\"account-menu-heading\">Setting</p>\\n\n <ul class=\"account-menu-list\">\\n\n <li>\\n\n <a\\n\n href=\"http://127.0.0.1:8000/menu/edit-profile\"\\n\n class=\"account-menu-link\"\\n\n >Edit Profile</a>\\n\n </li>\\n\n <li>\\n\n <a\\n\n href=\"http://127.0.0.1:8000/menu/appearance\"\\n\n class=\"account-menu-link\"\\n\n >Appearance</a>\\n\n </li>\\n\n <li>\\n\n <a\\n\n href=\"http://127.0.0.1:8000/menu/edit-tag\"\\n\n class=\"account-menu-link\"\\n\n >Edit Tag</a>\\n\n </li>\\n\n <li>\\n\n <a\\n\n href=\"http://127.0.0.1:8000/menu/security\"\\n\n class=\"account-menu-link\"\\n\n >Security</a>\\n\n </li>\\n\n </ul>\\n\n </div>\\n\n\\n\n <form method=\"POST\" action=\"http://127.0.0.1:8000/logout\" class=\"account-menu-logout\">\\n\n <input type=\"hidden\" name=\"_token\" value=\"cY3V3gbzk0l2xZ5CzkUfLv0HmeEIVybbRp48uA91\" autocomplete=\"off\"> <button type=\"submit\" class=\"account-menu-link account-menu-action\">Logout</button>\\n\n </form>\\n\n </div>\\n\n</div>\\n\n\\n\n </li>\\n\n </ul>\\n\n </div>\\n\n </div>\\n\n\\n\n\\n\n</nav>\\n\n\\n\n\\n\n <div class=\"home-page page-layout\" \\n\n x-data=\"homeController()\" \\n\n style=\"font-family: var(--font-family); background-color: var(--background-color); color: var(--text-color);\">\\n\n \\n\n <button class=\"menu-icon\" id=\"sidebarToggle\" type=\"button\" aria-controls=\"sidebar\" aria-expanded=\"false\" aria-label=\"Open sidebar\">\\n\n <svg aria-hidden=\"true\" fill=\"currentColor\" xmlns=\"http://www.w3.org/2000/svg\" viewBox=\"0 0 448 512\"><!--! Font Awesome Free 7.2.0 by @fontawesome - https://fontawesome.com License - https://fontawesome.com/license/free (Icons: CC BY 4.0, Fonts: SIL OFL 1.1, Code: MIT License) Copyright 2026 Fonticons, Inc. --><path fill=\"currentColor\" d=\"M0 96C0 78.3 14.3 64 32 64l384 0c17.7 0 32 14.3 32 32s-14.3 32-32 32L32 128C14.3 128 0 113.7 0 96zM0 256c0-17.7 14.3-32 32-32l384 0c17.7 0 32 14.3 32 32s-14.3 32-32 32L32 288c-17.7 0-32-14.3-32-32zM448 416c0 17.7-14.3 32-32 32L32 448c-17.7 0-32-14.3-32-32s14.3-32 32-32l384 0c17.7 0 32 14.3 32 32z\"/></svg></button>\\n\n\\n\n<aside\\n\n id=\"sidebar\"\\n\n data-menu-bar-location=\"left\"\\n\n data-dropdown-aside=\"false\"\\n\n class=\"sidebar home-aside home-aside--left\"\\n\n>\\n\n <div class=\"sidebar-header\">\\n\n <h2>Filters</h2>\\n\n <p>Refine websites by rating, category, and tags.</p>\\n\n </div>\\n\n\\n\n <div class=\"sidebar-section home-aside-dropdown\">\\n\n <div class=\"section-header\" id=\"ratingHeader\">\\n\n <div class=\"section-left\">\\n\n <svg aria-hidden=\"true\" class=\"section-icon\" fill=\"currentColor\" xmlns=\"http://www.w3.org/2000/svg\" viewBox=\"0 0 576 512\"><!--! Font Awesome Free 7.2.0 by @fontawesome - https://fontawesome.com License - https://fontawesome.com/license/free (Icons: CC BY 4.0, Fonts: SIL OFL 1.1, Code: MIT License) Copyright 2026 Fonticons, Inc. --><path fill=\"currentColor\" d=\"M309.5-18.9c-4.1-8-12.4-13.1-21.4-13.1s-17.3 5.1-21.4 13.1L193.1 125.3 33.2 150.7c-8.9 1.4-16.3 7.7-19.1 16.3s-.5 18 5.8 24.4l114.4 114.5-25.2 159.9c-1.4 8.9 2.3 17.9 9.6 23.2s16.9 6.1 25 2L288.1 417.6 432.4 491c8 4.1 17.7 3.3 25-2s11-14.2 9.6-23.2L441.7 305.9 556.1 191.4c6.4-6.4 8.6-15.8 5.8-24.4s-10.1-14.9-19.1-16.3L383 125.3 309.5-18.9z\"/></svg> <h3>Rating</h3>\\n\n </div>\\n\n <svg aria-hidden=\"true\" class=\"arrow-icon\" fill=\"currentColor\" xmlns=\"http://www.w3.org/2000/svg\" viewBox=\"0 0 448 512\"><!--! Font Awesome Free 7.2.0 by @fontawesome - https://fontawesome.com License - https://fontawesome.com/license/free (Icons: CC BY 4.0, Fonts: SIL OFL 1.1, Code: MIT License) Copyright 2026 Fonticons, Inc. --><path fill=\"currentColor\" d=\"M201.4 406.6c12.5 12.5 32.8 12.5 45.3 0l192-192c12.5-12.5 12.5-32.8 0-45.3s-32.8-12.5-45.3 0L224 338.7 54.6 169.4c-12.5-12.5-32.8-12.5-45.3 0s-12.5 32.8 0 45.3l192 192z\"/></svg> </div>\\n\n\\n\n <div class=\"section-content\" id=\"ratingContent\">\\n\n <div class=\"rating-options\">\\n\n <label class=\"rating-check\"><input type=\"checkbox\" value=\"all\" :checked=\"filters.rating.length === 0\" @change=\"clearFilters()\"><span>All</span></label>\\n\n <label class=\"rating-check\">\\n\n <input type=\"checkbox\" value=\"5\" \\n\n :checked=\"filters.rating.includes('5')\"\\n\n @change=\"toggleFilter('rating', '5')\">\\n\n <span>5+ Rating</span>\\n\n </label>\\n\n <label class=\"rating-check\">\\n\n <input type=\"checkbox\" value=\"4\" \\n\n :checked=\"filters.rating.includes('4')\"\\n\n @change=\"toggleFilter('rating', '4')\">\\n\n <span>4+ Rating</span>\\n\n </label>\\n\n <label class=\"rating-check\">\\n\n <input type=\"checkbox\" value=\"3\" \\n\n :checked=\"filters.rating.includes('3')\"\\n\n @change=\"toggleFilter('rating', '3')\">\\n\n <span>3+ Rating</span>\\n\n </label>\\n\n <label class=\"rating-check\">\\n\n <input type=\"checkbox\" value=\"2\" \\n\n :checked=\"filters.rating.includes('2')\"\\n\n @change=\"toggleFilter('rating', '2')\">\\n\n <span>2+ Rating</span>\\n\n </label>\\n\n <label class=\"rating-check\">\\n\n <input type=\"checkbox\" value=\"1\" \\n\n :checked=\"filters.rating.includes('1')\"\\n\n @change=\"toggleFilter('rating', '1')\">\\n\n <span>1+ Rating</span>\\n\n </label>\\n\n </div>\\n\n </div>\\n\n </div>\\n\n\\n\n <div class=\"sidebar-section home-aside-dropdown\">\\n\n <div class=\"section-header\" id=\"categoryHeader\">\\n\n <div class=\"section-left\">\\n\n <svg aria-hidden=\"true\" class=\"section-icon\" fill=\"currentColor\" xmlns=\"http://www.w3.org/2000/svg\" viewBox=\"0 0 512 512\"><!--! Font Awesome Free 7.2.0 by @fontawesome - https://fontawesome.com License - https://fontawesome.com/license/free (Icons: CC BY 4.0, Fonts: SIL OFL 1.1, Code: MIT License) Copyright 2026 Fonticons, Inc. --><path fill=\"currentColor\" d=\"M232.5 5.2c14.9-6.9 32.1-6.9 47 0l218.6 101c8.5 3.9 13.9 12.4 13.9 21.8s-5.4 17.9-13.9 21.8l-218.6 101c-14.9 6.9-32.1 6.9-47 0L13.9 149.8C5.4 145.8 0 137.3 0 128s5.4-17.9 13.9-21.8L232.5 5.2zM48.1 218.4l164.3 75.9c27.7 12.8 59.6 12.8 87.3 0l164.3-75.9 34.1 15.8c8.5 3.9 13.9 12.4 13.9 21.8s-5.4 17.9-13.9 21.8l-218.6 101c-14.9 6.9-32.1 6.9-47 0L13.9 277.8C5.4 273.8 0 265.3 0 256s5.4-17.9 13.9-21.8l34.1-15.8zM13.9 362.2l34.1-15.8 164.3 75.9c27.7 12.8 59.6 12.8 87.3 0l164.3-75.9 34.1 15.8c8.5 3.9 13.9 12.4 13.9 21.8s-5.4 17.9-13.9 21.8l-218.6 101c-14.9 6.9-32.1 6.9-47 0L13.9 405.8C5.4 401.8 0 393.3 0 384s5.4-17.9 13.9-21.8z\"/></svg> <h3>Categories</h3>\\n\n </div>\\n\n <svg aria-hidden=\"true\" class=\"arrow-icon\" fill=\"currentColor\" xmlns=\"http://www.w3.org/2000/svg\" viewBox=\"0 0 448 512\"><!--! Font Awesome Free 7.2.0 by @fontawesome - https://fontawesome.com License - https://fontawesome.com/license/free (Icons: CC BY 4.0, Fonts: SIL OFL 1.1, Code: MIT License) Copyright 2026 Fonticons, Inc. --><path fill=\"currentColor\" d=\"M201.4 406.6c12.5 12.5 32.8 12.5 45.3 0l192-192c12.5-12.5 12.5-32.8 0-45.3s-32.8-12.5-45.3 0L224 338.7 54.6 169.4c-12.5-12.5-32.8-12.5-45.3 0s-12.5 32.8 0 45.3l192 192z\"/></svg> </div>\\n\n\\n\n <div class=\"section-content\" id=\"categoryContent\">\\n\n <div class=\"category-search-box\">\\n\n <svg aria-hidden=\"true\" class=\"search-icon\" fill=\"currentColor\" xmlns=\"http://www.w3.org/2000/svg\" viewBox=\"0 0 512 512\"><!--! Font Awesome Free 7.2.0 by @fontawesome - https://fontawesome.com License - https://fontawesome.com/license/free (Icons: CC BY 4.0, Fonts: SIL OFL 1.1, Code: MIT License) Copyright 2026 Fonticons, Inc. --><path fill=\"currentColor\" d=\"M416 208c0 45.9-14.9 88.3-40 122.7L502.6 457.4c12.5 12.5 12.5 32.8 0 45.3s-32.8 12.5-45.3 0L330.7 376C296.3 401.1 253.9 416 208 416 93.1 416 0 322.9 0 208S93.1 0 208 0 416 93.1 416 208zM208 352a144 144 0 1 0 0-288 144 144 0 1 0 0 288z\"/></svg> <input type=\"text\" id=\"categorySearch\" placeholder=\"Search categories..\" x-model=\"search.category\">\\n\n </div>\\n\n\\n\n <div class=\"category-list-container\">\\n\n <label class=\"category-check\" data-filter-component=\"category\">\\n\n <input type=\"checkbox\" value=\"All\" :checked=\"filters.category.length === 0\" @change=\"clearFilters()\">\\n\n <span>All</span>\\n\n </label>\\n\n\\n\n <label class=\"category-check\" data-filter-component=\"category\"\\n\n x-show=\"'developer tools'.includes(search.category.toLowerCase()) && (0 < 5 || search.showMoreCategories || search.category.length > 0)\">\\n\n <input type=\"checkbox\" value=\"developer-tools\"\\n\n :checked=\"filters.category.includes('developer-tools')\"\\n\n @change=\"toggleFilter('category', 'developer-tools')\">\\n\n <span>Developer Tools</span>\\n\n </label>\\n\n </div>\\n\n\\n\n </div>\\n\n </div>\\n\n\\n\n <div class=\"sidebar-section home-aside-dropdown\">\\n\n <div class=\"section-header\" id=\"tagsHeader\">\\n\n <div class=\"section-left\">\\n\n <svg aria-hidden=\"true\" class=\"section-icon\" fill=\"currentColor\" xmlns=\"http://www.w3.org/2000/svg\" viewBox=\"0 0 576 512\"><!--! Font Awesome Free 7.2.0 by @fontawesome - https://fontawesome.com License - https://fontawesome.com/license/free (Icons: CC BY 4.0, Fonts: SIL OFL 1.1, Code: MIT License) Copyright 2026 Fonticons, Inc. --><path fill=\"currentColor\" d=\"M401.2 39.1L549.4 189.4c27.7 28.1 27.7 73.1 0 101.2L393 448.9c-9.3 9.4-24.5 9.5-33.9 .2s-9.5-24.5-.2-33.9L515.3 256.8c9.2-9.3 9.2-24.4 0-33.7L367 72.9c-9.3-9.4-9.2-24.6 .2-33.9s24.6-9.2 33.9 .2zM32.1 229.5L32.1 96c0-35.3 28.7-64 64-64l133.5 0c17 0 33.3 6.7 45.3 18.7l144 144c25 25 25 65.5 0 90.5L285.4 418.7c-25 25-65.5 25-90.5 0l-144-144c-12-12-18.7-28.3-18.7-45.3zm144-85.5a32 32 0 1 0 -64 0 32 32 0 1 0 64 0z\"/></svg> <h3>Tags</h3>\\n\n </div>\\n\n <svg aria-hidden=\"true\" class=\"arrow-icon\" fill=\"currentColor\" xmlns=\"http://www.w3.org/2000/svg\" viewBox=\"0 0 448 512\"><!--! Font Awesome Free 7.2.0 by @fontawesome - https://fontawesome.com License - https://fontawesome.com/license/free (Icons: CC BY 4.0, Fonts: SIL OFL 1.1, Code: MIT License) Copyright 2026 Fonticons, Inc. --><path fill=\"currentColor\" d=\"M201.4 406.6c12.5 12.5 32.8 12.5 45.3 0l192-192c12.5-12.5 12.5-32.8 0-45.3s-32.8-12.5-45.3 0L224 338.7 54.6 169.4c-12.5-12.5-32.8-12.5-45.3 0s-12.5 32.8 0 45.3l192 192z\"/></svg> </div>\\n\n\\n\n <div class=\"section-content\" id=\"tagsContent\">\\n\n <div class=\"tag-tools\">\\n\n <div class=\"tag-search-box\">\\n\n <svg aria-hidden=\"true\" class=\"search-icon\" fill=\"currentColor\" xmlns=\"http://www.w3.org/2000/svg\" viewBox=\"0 0 512 512\"><!--! Font Awesome Free 7.2.0 by @fontawesome - https://fontawesome.com License - https://fontawesome.com/license/free (Icons: CC BY 4.0, Fonts: SIL OFL 1.1, Code: MIT License) Copyright 2026 Fonticons, Inc. --><path fill=\"currentColor\" d=\"M416 208c0 45.9-14.9 88.3-40 122.7L502.6 457.4c12.5 12.5 12.5 32.8 0 45.3s-32.8 12.5-45.3 0L330.7 376C296.3 401.1 253.9 416 208 416 93.1 416 0 322.9 0 208S93.1 0 208 0 416 93.1 416 208zM208 352a144 144 0 1 0 0-288 144 144 0 1 0 0 288z\"/></svg> <input type=\"text\" id=\"tagSearch\" placeholder=\"Search tags..\" x-model=\"search.tag\">\\n\n </div>\\n\n </div>\\n\n\\n\n <div class=\"tags-container\" id=\"tagsContainer\">\\n\n <template x-for=\"tag in visibleTags\" :key=\"tag\">\\n\n <label class=\"tag-check\">\\n\n <input type=\"checkbox\" \\n\n :value=\"tag\"\\n\n :checked=\"filters.tags.includes(tag)\"\\n\n @change=\"toggleFilter('tags', tag)\">\\n\n <span x-text=\"tag\"></span>\\n\n </label>\\n\n </template>\\n\n </div>\\n\n \\n\n <button class=\"show-tags-btn\" id=\"showTagsBtn\" type=\"button\" \\n\n x-show=\"filteredTags.length > 10\"\\n\n @click=\"search.showMoreTags = !search.showMoreTags\"\\n\n x-text=\"search.showMoreTags ? 'Show Less Tags' : 'Show More Tags'\">\\n\n Show More Tags\\n\n </button>\\n\n </div>\\n\n </div>\\n\n</aside>\\n\n\\n\n <main class=\"main-content\">\\n\n <section class=\"content-intro\" aria-labelledby=\"contentTitle\">\\n\n <div>\\n\n <h1 id=\"contentTitle\">Discover Useful Websites</h1>\\n\n <p>Browse reviewed websites and narrow your results with simple, clear filters.</p>\\n\n </div>\\n\n </section>\\n\n\\n\n <div class=\"results-toolbar\">\\n\n <p><strong id=\"resultsCount\" x-text=\"totalResults\">0</strong> websites found</p>\\n\n <label class=\"sort-control\" for=\"sortSelect\">\\n\n <select id=\"sortSelect\" x-model=\"filters.sort\" @change=\"updateResults()\" aria-label=\"Sort websites\">\\n\n <option value=\"best\">Best match</option>\\n\n <option value=\"rating\">Highest rating</option>\\n\n <option value=\"newest\">Newest</option>\\n\n </select>\\n\n </label>\\n\n </div>\\n\n\\n\n <header class=\"hero\">\\n\n <div class=\"active-filters-wrapper\" :class=\"{'has-filters': hasActiveFilters()}\">\\n\n <div class=\"active-filters-heading\">\\n\n <div class=\"active-filters-title\">\\n\n <span>Selected Filters</span>\\n\n </div>\\n\n\\n\n <button class=\"clear-all-filters\" id=\"clearAllFilters\" type=\"button\" @click=\"clearFilters()\">Clear All Filters</button>\\n\n </div>\\n\n\\n\n <div class=\"active-filter-grid\" aria-live=\"polite\">\\n\n <div class=\"filter-section\">\\n\n <div class=\"filter-title\">\\n\n <svg aria-hidden=\"true\" class=\"filter-icon\" fill=\"currentColor\" xmlns=\"http://www.w3.org/2000/svg\" viewBox=\"0 0 576 512\"><!--! Font Awesome Free 7.2.0 by @fontawesome - https://fontawesome.com License - https://fontawesome.com/license/free (Icons: CC BY 4.0, Fonts: SIL OFL 1.1, Code: MIT License) Copyright 2026 Fonticons, Inc. --><path fill=\"currentColor\" d=\"M309.5-18.9c-4.1-8-12.4-13.1-21.4-13.1s-17.3 5.1-21.4 13.1L193.1 125.3 33.2 150.7c-8.9 1.4-16.3 7.7-19.1 16.3s-.5 18 5.8 24.4l114.4 114.5-25.2 159.9c-1.4 8.9 2.3 17.9 9.6 23.2s16.9 6.1 25 2L288.1 417.6 432.4 491c8 4.1 17.7 3.3 25-2s11-14.2 9.6-23.2L441.7 305.9 556.1 191.4c6.4-6.4 8.6-15.8 5.8-24.4s-10.1-14.9-19.1-16.3L383 125.3 309.5-18.9z\"/></svg> <h3>Rating</h3>\\n\n </div>\\n\n <div class=\"filter-items\" id=\"selectedRatings\">\\n\n <template x-for=\"rating in filters.rating\" :key=\"rating\">\\n\n <div class=\"selected-box\">\\n\n <svg aria-hidden=\"true\" class=\"selected-icon\" fill=\"currentColor\" xmlns=\"http://www.w3.org/2000/svg\" viewBox=\"0 0 576 512\"><!--! Font Awesome Free 7.2.0 by @fontawesome - https://fontawesome.com License - https://fontawesome.com/license/free (Icons: CC BY 4.0, Fonts: SIL OFL 1.1, Code: MIT License) Copyright 2026 Fonticons, Inc. --><path fill=\"currentColor\" d=\"M309.5-18.9c-4.1-8-12.4-13.1-21.4-13.1s-17.3 5.1-21.4 13.1L193.1 125.3 33.2 150.7c-8.9 1.4-16.3 7.7-19.1 16.3s-.5 18 5.8 24.4l114.4 114.5-25.2 159.9c-1.4 8.9 2.3 17.9 9.6 23.2s16.9 6.1 25 2L288.1 417.6 432.4 491c8 4.1 17.7 3.3 25-2s11-14.2 9.6-23.2L441.7 305.9 556.1 191.4c6.4-6.4 8.6-15.8 5.8-24.4s-10.1-14.9-19.1-16.3L383 125.3 309.5-18.9z\"/></svg> <span class=\"selected-label\" x-text=\"rating === 'all' ? 'All' : rating + '+ Rating'\"></span>\\n\n <span class=\"remove-btn\" @click=\"toggleFilter('rating', rating)\">\u00d7</span>\\n\n </div>\\n\n </template>\\n\n <span class=\"filter-empty\" x-show=\"filters.rating.length === 0\">No rating selected</span>\\n\n </div>\\n\n </div>\\n\n\\n\n <div class=\"filter-section\">\\n\n <div class=\"filter-title\">\\n\n <svg aria-hidden=\"true\" class=\"filter-icon\" fill=\"currentColor\" xmlns=\"http://www.w3.org/2000/svg\" viewBox=\"0 0 512 512\"><!--! Font Awesome Free 7.2.0 by @fontawesome - https://fontawesome.com License - https://fontawesome.com/license/free (Icons: CC BY 4.0, Fonts: SIL OFL 1.1, Code: MIT License) Copyright 2026 Fonticons, Inc. --><path fill=\"currentColor\" d=\"M232.5 5.2c14.9-6.9 32.1-6.9 47 0l218.6 101c8.5 3.9 13.9 12.4 13.9 21.8s-5.4 17.9-13.9 21.8l-218.6 101c-14.9 6.9-32.1 6.9-47 0L13.9 149.8C5.4 145.8 0 137.3 0 128s5.4-17.9 13.9-21.8L232.5 5.2zM48.1 218.4l164.3 75.9c27.7 12.8 59.6 12.8 87.3 0l164.3-75.9 34.1 15.8c8.5 3.9 13.9 12.4 13.9 21.8s-5.4 17.9-13.9 21.8l-218.6 101c-14.9 6.9-32.1 6.9-47 0L13.9 277.8C5.4 273.8 0 265.3 0 256s5.4-17.9 13.9-21.8l34.1-15.8zM13.9 362.2l34.1-15.8 164.3 75.9c27.7 12.8 59.6 12.8 87.3 0l164.3-75.9 34.1 15.8c8.5 3.9 13.9 12.4 13.9 21.8s-5.4 17.9-13.9 21.8l-218.6 101c-14.9 6.9-32.1 6.9-47 0L13.9 405.8C5.4 401.8 0 393.3 0 384s5.4-17.9 13.9-21.8z\"/></svg> <h3>Categories</h3>\\n\n </div>\\n\n <div class=\"filter-items\" id=\"selectedCategories\">\\n\n <template x-for=\"category in filters.category\" :key=\"category\">\\n\n <div class=\"selected-box\">\\n\n <span class=\"selected-label\" x-text=\"getCategoryLabel(category)\"></span>\\n\n <span class=\"remove-btn\" @click=\"toggleFilter('category', category)\">\u00d7</span>\\n\n </div>\\n\n </template>\\n\n <span class=\"filter-empty\" x-show=\"filters.category.length === 0\">No category selected</span>\\n\n </div>\\n\n </div>\\n\n\\n\n <div class=\"filter-section\">\\n\n <div class=\"filter-title\">\\n\n <svg aria-hidden=\"true\" class=\"filter-icon\" fill=\"currentColor\" xmlns=\"http://www.w3.org/2000/svg\" viewBox=\"0 0 576 512\"><!--! Font Awesome Free 7.2.0 by @fontawesome - https://fontawesome.com License - https://fontawesome.com/license/free (Icons: CC BY 4.0, Fonts: SIL OFL 1.1, Code: MIT License) Copyright 2026 Fonticons, Inc. --><path fill=\"currentColor\" d=\"M401.2 39.1L549.4 189.4c27.7 28.1 27.7 73.1 0 101.2L393 448.9c-9.3 9.4-24.5 9.5-33.9 .2s-9.5-24.5-.2-33.9L515.3 256.8c9.2-9.3 9.2-24.4 0-33.7L367 72.9c-9.3-9.4-9.2-24.6 .2-33.9s24.6-9.2 33.9 .2zM32.1 229.5L32.1 96c0-35.3 28.7-64 64-64l133.5 0c17 0 33.3 6.7 45.3 18.7l144 144c25 25 25 65.5 0 90.5L285.4 418.7c-25 25-65.5 25-90.5 0l-144-144c-12-12-18.7-28.3-18.7-45.3zm144-85.5a32 32 0 1 0 -64 0 32 32 0 1 0 64 0z\"/></svg> <h3>Tags</h3>\\n\n </div>\\n\n <div class=\"filter-items\" id=\"selectedTags\">\\n\n <template x-for=\"tag in filters.tags\" :key=\"tag\">\\n\n <div class=\"selected-box\">\\n\n <span class=\"selected-label\" x-text=\"tag\"></span>\\n\n <span class=\"remove-btn\" @click=\"toggleFilter('tags', tag)\">\u00d7</span>\\n\n </div>\\n\n </template>\\n\n <span class=\"filter-empty\" x-show=\"filters.tags.length === 0\">No tag selected</span>\\n\n </div>\\n\n </div>\\n\n </div>\\n\n </div>\\n\n </header>\\n\n\\n\n <section class=\"reviews-grid\" id=\"reviewsGrid\" x-ref=\"postsGrid\">\\n\n </section>\\n\n\\n\n <section class=\"reviews-grid\" style=\"margin-top: 20px;\" x-show=\"isLoading && page === 1\" x-cloak>\\n\n <div class=\"review-card skeleton\" style=\"height: 380px;\">\\n\n <div style=\"padding: 24px; display: flex; flex-direction: column; gap: 16px; height: 100%;\">\\n\n <div class=\"card-topline\" style=\"margin-bottom: 0;\">\\n\n <div class=\"site-icon\" style=\"background: rgba(148, 163, 184, 0.12); border: none;\"></div>\\n\n <div class=\"rating-badge\" style=\"background: rgba(148, 163, 184, 0.12); border: none; width: 60px;\"></div>\\n\n </div>\\n\n \\n\n <div style=\"height: 24px; background: rgba(148, 163, 184, 0.12); border-radius: 4px; width: 80%;\"></div>\\n\n \\n\n <div style=\"display: flex; flex-direction: column; gap: 8px;\">\\n\n <div style=\"height: 14px; background: rgba(148, 163, 184, 0.12); border-radius: 4px; width: 100%;\"></div>\\n\n <div style=\"height: 14px; background: rgba(148, 163, 184, 0.12); border-radius: 4px; width: 90%;\"></div>\\n\n <div style=\"height: 14px; background: rgba(148, 163, 184, 0.12); border-radius: 4px; width: 95%;\"></div>\\n\n </div>\\n\n\\n\n <div class=\"card-tags\" style=\"margin-top: auto; padding-top: 16px; display: flex; gap: 8px;\">\\n\n <div style=\"height: 26px; width: 70px; background: rgba(148, 163, 184, 0.12); border-radius: 999px;\"></div>\\n\n <div style=\"height: 26px; width: 85px; background: rgba(148, 163, 184, 0.12); border-radius: 999px;\"></div>\\n\n <div style=\"height: 26px; width: 60px; background: rgba(148, 163, 184, 0.12); border-radius: 999px;\"></div>\\n\n </div>\\n\n </div>\\n\n </div>\\n\n <div class=\"review-card skeleton\" style=\"height: 380px;\">\\n\n <div style=\"padding: 24px; display: flex; flex-direction: column; gap: 16px; height: 100%;\">\\n\n <div class=\"card-topline\" style=\"margin-bottom: 0;\">\\n\n <div class=\"site-icon\" style=\"background: rgba(148, 163, 184, 0.12); border: none;\"></div>\\n\n <div class=\"rating-badge\" style=\"background: rgba(148, 163, 184, 0.12); border: none; width: 60px;\"></div>\\n\n </div>\\n\n \\n\n <div style=\"height: 24px; background: rgba(148, 163, 184, 0.12); border-radius: 4px; width: 80%;\"></div>\\n\n \\n\n <div style=\"display: flex; flex-direction: column; gap: 8px;\">\\n\n <div style=\"height: 14px; background: rgba(148, 163, 184, 0.12); border-radius: 4px; width: 100%;\"></div>\\n\n <div style=\"height: 14px; background: rgba(148, 163, 184, 0.12); border-radius: 4px; width: 90%;\"></div>\\n\n <div style=\"height: 14px; background: rgba(148, 163, 184, 0.12); border-radius: 4px; width: 95%;\"></div>\\n\n </div>\\n\n\\n\n <div class=\"card-tags\" style=\"margin-top: auto; padding-top: 16px; display: flex; gap: 8px;\">\\n\n <div style=\"height: 26px; width: 70px; background: rgba(148, 163, 184, 0.12); border-radius: 999px;\"></div>\\n\n <div style=\"height: 26px; width: 85px; background: rgba(148, 163, 184, 0.12); border-radius: 999px;\"></div>\\n\n <div style=\"height: 26px; width: 60px; background: rgba(148, 163, 184, 0.12); border-radius: 999px;\"></div>\\n\n </div>\\n\n </div>\\n\n </div>\\n\n <div class=\"review-card skeleton\" style=\"height: 380px;\">\\n\n <div style=\"padding: 24px; display: flex; flex-direction: column; gap: 16px; height: 100%;\">\\n\n <div class=\"card-topline\" style=\"margin-bottom: 0;\">\\n\n <div class=\"site-icon\" style=\"background: rgba(148, 163, 184, 0.12); border: none;\"></div>\\n\n <div class=\"rating-badge\" style=\"background: rgba(148, 163, 184, 0.12); border: none; width: 60px;\"></div>\\n\n </div>\\n\n \\n\n <div style=\"height: 24px; background: rgba(148, 163, 184, 0.12); border-radius: 4px; width: 80%;\"></div>\\n\n \\n\n <div style=\"display: flex; flex-direction: column; gap: 8px;\">\\n\n <div style=\"height: 14px; background: rgba(148, 163, 184, 0.12); border-radius: 4px; width: 100%;\"></div>\\n\n <div style=\"height: 14px; background: rgba(148, 163, 184, 0.12); border-radius: 4px; width: 90%;\"></div>\\n\n <div style=\"height: 14px; background: rgba(148, 163, 184, 0.12); border-radius: 4px; width: 95%;\"></div>\\n\n </div>\\n\n\\n\n <div class=\"card-tags\" style=\"margin-top: auto; padding-top: 16px; display: flex; gap: 8px;\">\\n\n <div style=\"height: 26px; width: 70px; background: rgba(148, 163, 184, 0.12); border-radius: 999px;\"></div>\\n\n <div style=\"height: 26px; width: 85px; background: rgba(148, 163, 184, 0.12); border-radius: 999px;\"></div>\\n\n <div style=\"height: 26px; width: 60px; background: rgba(148, 163, 184, 0.12); border-radius: 999px;\"></div>\\n\n </div>\\n\n </div>\\n\n </div>\\n\n </section>\\n\n\\n\n <section class=\"home-empty-state\" id=\"homeEmptyState\" x-show=\"totalResults === 0\" x-cloak>\\n\n <div id=\"emptyStateSearchIcon\">\\n\n <svg aria-hidden=\"true\" class=\"home-empty-icon\" fill=\"currentColor\" xmlns=\"http://www.w3.org/2000/svg\" viewBox=\"0 0 512 512\"><!--! Font Awesome Free 7.2.0 by @fontawesome - https://fontawesome.com License - https://fontawesome.com/license/free (Icons: CC BY 4.0, Fonts: SIL OFL 1.1, Code: MIT License) Copyright 2026 Fonticons, Inc. --><path fill=\"currentColor\" d=\"M416 208c0 45.9-14.9 88.3-40 122.7L502.6 457.4c12.5 12.5 12.5 32.8 0 45.3s-32.8 12.5-45.3 0L330.7 376C296.3 401.1 253.9 416 208 416 93.1 416 0 322.9 0 208S93.1 0 208 0 416 93.1 416 208zM208 352a144 144 0 1 0 0-288 144 144 0 1 0 0 288z\"/></svg> </div>\\n\n <h2 id=\"emptyStateTitle\">No websites found</h2>\\n\n <p id=\"emptyStateText\">Try adjusting your filters to find what you're looking for.</p>\\n\n <button type=\"button\" class=\"clear-filters-btn\" id=\"emptyStateClearBtn\" @click=\"clearFilters()\">Clear All Filters</button>\\n\n </section>\\n\n\\n\n <div class=\"pagination-wrapper\" style=\"display: flex; justify-content: center; margin-top: 40px; padding-bottom: 40px;\" x-show=\"hasMore\" x-cloak>\\n\n <button \\n\n type=\"button\" \\n\n class=\"load-more-btn\" \\n\n @click=\"loadMore()\" \\n\n :disabled=\"isLoading\"\\n\n >\\n\n <template x-if=\"isLoading\">\\n\n <div class=\"spinner\"></div>\\n\n </template>\\n\n <span x-text=\"isLoading ? 'Loading..' : 'Load More Websites'\"></span>\\n\n </button>\\n\n </div>\\n\n </main>\\n\n </div>\\n\n <script>\\n\n window.homeCategoryTags = {\"developer-tools\":[\"frontend\"],\"all\":[\"frontend\"]};\\n\n window.homeCategoryLabels = {\"developer-tools\":\"Developer Tools\",\"All\":\"All\",\"all\":\"All\"};\\n\n window.homeInitialCategory = null;\\n\n\\n\n function homeController() {\\n\n return {\\n\n totalResults: 0,\\n\n hasMore: false,\\n\n page: 1,\\n\n isLoading: false,\\n\n filters: {\\n\n category: window.homeInitialCategory ? [window.homeInitialCategory] : [],\\n\n tags: [],\\n\n rating: [],\\n\n sort: 'best'\\n\n },\\n\n search: {\\n\n category: '',\\n\n tag: '',\\n\n showMoreCategories: false,\\n\n showMoreTags: false\\n\n },\\n\n\\n\n get availableTags() {\\n\n if (this.filters.category.length === 0) return window.homeCategoryTags.all;\\n\n const tags = new Set();\\n\n this.filters.category.forEach(cat => {\\n\n (window.homeCategoryTags[cat] || []).forEach(tag => tags.add(tag));\\n\n });\\n\n return Array.from(tags);\\n\n },\\n\n\\n\n get filteredTags() {\\n\n const search = this.search.tag.toLowerCase();\\n\n return this.availableTags.filter(t => t.toLowerCase().includes(search));\\n\n },\\n\n\\n\n get visibleTags() {\\n\n const tags = this.filteredTags;\\n\n if (this.search.showMoreTags) return tags;\\n\n return tags.slice(0, 10);\\n\n },\\n\n\\n\n async updateResults() {\\n\n this.page = 1;\\n\n this.isLoading = true;\\n\n this.hasMore = true;\\n\n \\n\n try {\\n\n const url = this.getFilterUrl();\\n\n const response = await fetch(url.toString(), {\\n\n headers: { 'X-Requested-With': 'XMLHttpRequest' }\\n\n });\\n\n const data = await response.json();\\n\n \\n\n this.$refs.postsGrid.innerHTML = data.html;\\n\n this.hasMore = data.hasMorePages;\\n\n this.totalResults = data.total;\\n\n } catch (error) {\\n\n console.error('Error updating results:', error);\\n\n } finally {\\n\n this.isLoading = false;\\n\n }\\n\n },\\n\n\\n\n async loadMore() {\\n\n if (this.isLoading || !this.hasMore) return;\\n\n this.isLoading = true;\\n\n this.page++;\\n\n\\n\n try {\\n\n const url = this.getFilterUrl();\\n\n url.searchParams.set('page', this.page);\\n\n\\n\n const response = await fetch(url.toString(), {\\n\n headers: {\\n\n 'X-Requested-With': 'XMLHttpRequest'\\n\n }\\n\n });\\n\n const data = await response.json();\\n\n\\n\n if (data.html) {\\n\n this.$refs.postsGrid.insertAdjacentHTML('beforeend', data.html);\\n\n this.hasMore = data.hasMorePages;\\n\n this.totalResults = data.total;\\n\n } else {\\n\n this.hasMore = false;\\n\n }\\n\n } catch (error) {\\n\n console.error('Error loading more posts:', error);\\n\n this.page--;\\n\n } finally {\\n\n this.isLoading = false;\\n\n }\\n\n },\\n\n\\n\n getFilterUrl() {\\n\n const url = new URL(window.location.origin + window.location.pathname);\\n\n if (this.filters.category.length > 0) {\\n\n url.searchParams.set('category', this.filters.category.join(','));\\n\n }\\n\n if (this.filters.tags.length > 0) {\\n\n url.searchParams.set('tags', this.filters.tags.join(','));\\n\n }\\n\n if (this.filters.rating.length > 0) {\\n\n url.searchParams.set('rating', Math.min(..this.filters.rating));\\n\n }\\n\n url.searchParams.set('sort', this.filters.sort);\\n\n return url;\\n\n },\\n\n\\n\n toggleFilter(type, value) {\\n\n if (value === 'all' || value === 'All') {\\n\n this.filters[type] = [];\\n\n } else {\\n\n const index = this.filters[type].indexOf(value);\\n\n if (index > -1) {\\n\n this.filters[type].splice(index, 1);\\n\n } else {\\n\n this.filters[type].push(value);\\n\n }\\n\n }\\n\n this.updateResults();\\n\n },\\n\n\\n\n hasActiveFilters() {\\n\n return this.filters.category.length > 0 || \\n\n this.filters.tags.length > 0 || \\n\n this.filters.rating.length > 0;\\n\n },\\n\n\\n\n clearFilters() {\\n\n this.filters.category = [];\\n\n this.filters.tags = [];\\n\n this.filters.rating = [];\\n\n this.filters.sort = 'best';\\n\n this.updateResults();\\n\n },\\n\n\\n\n getCategoryLabel(slug) {\\n\n return window.homeCategoryLabels[slug] || slug;\\n\n },\\n\n\\n\n init() {\\n\n const mainContent = document.querySelector('.main-content');\\n\n if (mainContent) {\\n\n let isThrottled = false;\\n\n mainContent.addEventListener('scroll', () => {\\n\n if (isThrottled) return;\\n\n isThrottled = true;\\n\n setTimeout(() => {\\n\n if (mainContent.scrollTop + mainContent.clientHeight >= mainContent.scrollHeight - 500) {\\n\n this.loadMore();\\n\n }\\n\n isThrottled = false;\\n\n }, 200);\\n\n });\\n\n }\\n\n }\\n\n }\\n\n }\\n\n </script>\\n\n <link rel=\"modulepreload\" as=\"script\" href=\"http://127.0.0.1:8000/build/assets/homepage-BgCvQqiA.js\" /><script type=\"module\" src=\"http://127.0.0.1:8000/build/assets/homepage-BgCvQqiA.js\"></script></body>\\n\n</html>\\n\n' [UTF-8](length: 53224) contains \"id=\"tagFilterTemplate\"\" [ASCII](length: 22)."},{"test":"Tests\\Feature\\HomePageTest::test_home_nav_category_menu_uses_database_categories","file":"/home/pc/Documents/web-review/tests/Feature/HomePageTest.php","line":185,"message":"Failed asserting that '<!doctype html>\n<html lang=\"en\">\n<head>\n <meta charset=\"UTF-8\">\n <meta name=\"viewport\" content=\"width=device-width, initial-scale=1\">\n <meta name=\"csrf-token\" content=\"81DcocOhWCiKxvEoEpRfVlkyxn7Wi08rladmkjyn\">\n <title>\n Home\n </title>\n <link rel=\"icon\" type=\"image/svg+xml\" href=\"/favicon.svg\">\n <link rel=\"preconnect\" href=\"https://fonts.googleapis.com\">\n<link rel=\"preconnect\" href=\"https://fonts.gstatic.com\" crossorigin>\n<link href=\"https://fonts.googleapis.com/css2?family=Figtree:wght@400;500;600;700&display=swap\" rel=\"stylesheet\">\n <style>\n :root {\n --accent-color: #6c5ce7;\n --background-color: #ffffff;\n --text-color: #0d1b2a;\n --font-family: Figtree, sans-serif;\n }\n </style>\n <link rel=\"preload\" as=\"style\" href=\"http://127.0.0.1:8000/build/assets/app-YkLvgNUm.css\" /><link rel=\"modulepreload\" as=\"script\" href=\"http://127.0.0.1:8000/build/assets/app-BaSKX0Is.js\" /><link rel=\"stylesheet\" href=\"http://127.0.0.1:8000/build/assets/app-YkLvgNUm.css\" /><script type=\"module\" src=\"http://127.0.0.1:8000/build/assets/app-BaSKX0Is.js\"></script> <link rel=\"preload\" as=\"style\" href=\"http://127.0.0.1:8000/build/assets/homepage-CYIELjnI.css\" /><link rel=\"stylesheet\" href=\"http://127.0.0.1:8000/build/assets/homepage-CYIELjnI.css\" />\n</head>\n<body class=\"m-0 box-border p-0 bg-[var(--background-color)] text-[var(--text-color)]\" style=\"font-family: var(--font-family);\">\n <div class=\"sitesphere-loader\" data-page-loader aria-hidden=\"true\" role=\"status\" aria-live=\"polite\">\n <span class=\"sitesphere-loader__label\">Loading SiteSphere</span>\n\n <div class=\"sitesphere-loader__stage\" aria-hidden=\"true\">\n <svg class=\"sitesphere-loader__icon sitesphere-loader__draw sitesphere-loader__glow\" viewBox=\"0 0 88.5 99.5\" fill=\"none\" xmlns=\"http://www.w3.org/2000/svg\">\n <path class=\"sitesphere-loader__draw-a\" pathLength=\"100\" d=\"M44.5 28.75L28.75 37.25L28.75 38.75L63.25 58.5L66.5 60.75L65.75 62.5L43.75 74.25L9.75 54.25L7.75 53.25L6 54L6.25 72L43.75 93.5L46 93.25L82.5 71.75L82 50Z\"/>\n <path class=\"sitesphere-loader__draw-b\" pathLength=\"100\" d=\"M43.25 6L6.25 27.75L6.25 49L41 69.25L46.25 69.75L60.25 61.5L56.25 58L22 39L22 37.75L45 25.25L82 46.25L82.5 27.75L60.5 14L45.5 6Z\"/>\n </svg>\n </div>\n</div>\n\n <style>\n .sitesphere-loader {\n --sitesphere-loader-accent: var(--accent-color, #6c5ce7);\n position: fixed;\n inset: 0;\n z-index: 9999;\n display: grid;\n place-items: center;\n background: color-mix(in srgb, var(--background-color, #ffffff) 86%, transparent);\n opacity: 0;\n visibility: hidden;\n pointer-events: none;\n transition: opacity 180ms ease, visibility 180ms ease;\n backdrop-filter: blur(6px);\n }\n\n .sitesphere-loader.is-active {\n opacity: 1;\n visibility: visible;\n pointer-events: auto;\n }\n\n .sitesphere-loader__label {\n position: absolute;\n width: 1px;\n height: 1px;\n overflow: hidden;\n clip: rect(0, 0, 0, 0);\n white-space: nowrap;\n }\n\n .sitesphere-loader__stage {\n display: flex;\n align-items: center;\n justify-content: center;\n }\n\n .sitesphere-loader__icon {\n width: 150px;\n height: auto;\n }\n\n .sitesphere-loader__glow {\n filter: drop-shadow(0 0 14px color-mix(in srgb, var(--sitesphere-loader-accent) 55%, transparent));\n }\n\n .sitesphere-loader__draw path {\n fill: var(--sitesphere-loader-accent);\n stroke: var(--sitesphere-loader-accent);\n stroke-width: 2.4;\n stroke-linejoin: round;\n stroke-dasharray: 100;\n stroke-dashoffset: 100;\n fill-opacity: 0;\n stroke-opacity: 1;\n }\n\n .sitesphere-loader.is-active .sitesphere-loader__draw-a {\n animation: sitesphereLoaderDraw 1.2s ease-in-out infinite;\n animation-fill-mode: both;\n }\n\n .sitesphere-loader.is-active .sitesphere-loader__draw-b {\n animation: sitesphereLoaderDraw 1.2s ease-in-out infinite;\n animation-delay: 0.25s;\n animation-fill-mode: both;\n }\n\n @keyframes sitesphereLoaderDraw {\n 0% { stroke-dashoffset: 100; fill-opacity: 0; stroke-opacity: 1; }\n 38% { stroke-dashoffset: 0; fill-opacity: 0; stroke-opacity: 1; }\n 52% { stroke-dashoffset: 0; fill-opacity: 1; stroke-opacity: 1; }\n 80% { stroke-dashoffset: 0; fill-opacity: 1; stroke-opacity: 1; }\n 96% { stroke-dashoffset: 0; fill-opacity: 0; stroke-opacity: 0; }\n 100% { stroke-dashoffset: 0; fill-opacity: 0; stroke-opacity: 0; }\n }\n\n @media (prefers-reduced-motion: reduce) {\n .sitesphere-loader,\n .sitesphere-loader.is-active .sitesphere-loader__draw-a,\n .sitesphere-loader.is-active .sitesphere-loader__draw-b {\n transition: none;\n animation: none;\n }\n }\n </style>\n\n <script>\n (() => {\n if (window.siteSpherePageLoaderInitialized) {\n return;\n }\n\n window.siteSpherePageLoaderInitialized = true;\n\n const loader = document.querySelector('[data-page-loader]');\n\n if (! loader) {\n return;\n }\n\n const minimumVisibleMilliseconds = 300;\n let shownAt = 0;\n let hideTimeout = null;\n\n const showLoader = () => {\n if (hideTimeout) {\n clearTimeout(hideTimeout);\n hideTimeout = null;\n }\n\n shownAt = Date.now();\n loader.classList.remove('is-active');\n void loader.offsetWidth;\n loader.classList.add('is-active');\n loader.setAttribute('aria-hidden', 'false');\n };\n\n const hideLoader = () => {\n const deactivateLoader = () => {\n loader.classList.remove('is-active');\n loader.setAttribute('aria-hidden', 'true');\n hideTimeout = null;\n };\n\n if (! shownAt) {\n deactivateLoader();\n\n return;\n }\n\n const elapsedMilliseconds = Date.now() - shownAt;\n const remainingMilliseconds = minimumVisibleMilliseconds - elapsedMilliseconds;\n\n if (remainingMilliseconds <= 0) {\n deactivateLoader();\n\n return;\n }\n\n hideTimeout = setTimeout(deactivateLoader, remainingMilliseconds);\n };\n\n const navigationEntry = performance.getEntriesByType('navigation')[0];\n\n const isModifiedClick = (event) => event.metaKey || event.ctrlKey || event.shiftKey || event.altKey || event.button !== 0;\n\n const isEligibleLink = (link, event) => {\n if (! link || event.defaultPrevented || isModifiedClick(event) || link.closest('[data-no-loader]')) {\n return false;\n }\n\n if (link.hasAttribute('download') || (link.target && link.target !== '_self')) {\n return false;\n }\n\n const href = link.getAttribute('href');\n\n if (! href || href.startsWith('#') || href.startsWith('mailto:') || href.startsWith('tel:') || href.startsWith('javascript:')) {\n return false;\n }\n\n const destination = new URL(link.href, window.location.href);\n const current = new URL(window.location.href);\n const onlyHashChanges = destination.origin === current.origin\n && destination.pathname === current.pathname\n && destination.search === current.search\n && destination.hash;\n\n return destination.origin === current.origin && ! onlyHashChanges;\n };\n\n document.addEventListener('click', (event) => {\n const link = event.target.closest('a[href]');\n\n if (isEligibleLink(link, event)) {\n showLoader();\n }\n });\n\n document.addEventListener('submit', (event) => {\n if (! event.defaultPrevented && ! event.target.closest('[data-no-loader]')) {\n showLoader();\n }\n });\n\n if (navigationEntry?.type === 'reload') {\n showLoader();\n }\n\n window.addEventListener('beforeunload', showLoader);\n window.addEventListener('pagehide', showLoader);\n window.addEventListener('load', hideLoader);\n window.addEventListener('pageshow', hideLoader);\n })();\n </script>\n <nav class=\"desktop-nav flex items-center\" x-data=\"{ scrolled: false }\" @scroll.window=\"scrolled = window.scrollY > 20\" :class=\"{ 'scrolled': scrolled }\">\n <div class=\"max-w-screen-xl w-full mx-auto flex flex-wrap items-center justify-between\">\n\n <div class=\"flex gap-3\">\n <a href=\"http://127.0.0.1:8000\" class=\"site-brand flex items-center space-x-0 rtl:space-x-reverse\">\n <svg\n class=\"size-10 shrink-0\" style=\"color: var(--accent-color, #6c5ce7);\"\n xmlns=\"http://www.w3.org/2000/svg\"\n viewBox=\"0 0 88.5 99.5\"\n fill=\"none\"\n role=\"img\"\n aria-label=\"SiteSphere\"\n>\n <path fill=\"var(--accent-color, #6c5ce7)\" d=\"M44.5 28.75L28.75 37.25L28.75 38.75L63.25 58.5L66.5 60.75L65.75 62.5L43.75 74.25L9.75 54.25L7.75 53.25L6 54L6.25 72L43.75 93.5L46 93.25L82.5 71.75L82 50Z\"></path>\n <path fill=\"var(--accent-color, #6c5ce7)\" d=\"M43.25 6L6.25 27.75L6.25 49L41 69.25L46.25 69.75L60.25 61.5L56.25 58L22 39L22 37.75L45 25.25L82 46.25L82.5 27.75L60.5 14L45.5 6Z\"></path>\n</svg>\n <span class=\"self-center text-xl text-heading font-semibold whitespace-nowrap\">SiteSphere</span>\n </a>\n </div>\n\n\n <div class=\"items-center justify-between w-full md:flex md:w-auto md:order-1\" id=\"navbar-sticky\">\n <ul class=\"flex p-4 md:p-0 mt-4 md:space-x-8 rtl:space-x-reverse md:mt-0 \">\n <li>\n <a href=\"http://127.0.0.1:8000/home\" class=\"desktop-link active\" aria-current=\"page\" >\n <div class=\"md:flex gap-2\">\n <svg class=\"icon\" fill=\"currentColor\" xmlns=\"http://www.w3.org/2000/svg\" viewBox=\"0 0 512 512\"><!--! Font Awesome Free 7.2.0 by @fontawesome - https://fontawesome.com License - https://fontawesome.com/license/free (Icons: CC BY 4.0, Fonts: SIL OFL 1.1, Code: MIT License) Copyright 2026 Fonticons, Inc. --><path fill=\"currentColor\" d=\"M277.8 8.6c-12.3-11.4-31.3-11.4-43.5 0l-224 208c-9.6 9-12.8 22.9-8 35.1S18.8 272 32 272l16 0 0 176c0 35.3 28.7 64 64 64l288 0c35.3 0 64-28.7 64-64l0-176 16 0c13.2 0 25-8.1 29.8-20.3s1.6-26.2-8-35.1l-224-208zM240 320l32 0c26.5 0 48 21.5 48 48l0 96-128 0 0-96c0-26.5 21.5-48 48-48z\"/></svg> <span>Home</span>\n </div>\n</a>\n\n </li>\n <li>\n <button data-dropdown-toggle=\"mega-menu-icons-dropdown\" class=\"desktop-link\">\n <svg class=\"icon\" fill=\"currentColor\" xmlns=\"http://www.w3.org/2000/svg\" viewBox=\"0 0 512 512\"><!--! Font Awesome Free 7.2.0 by @fontawesome - https://fontawesome.com License - https://fontawesome.com/license/free (Icons: CC BY 4.0, Fonts: SIL OFL 1.1, Code: MIT License) Copyright 2026 Fonticons, Inc. --><path fill=\"currentColor\" d=\"M232.5 5.2c14.9-6.9 32.1-6.9 47 0l218.6 101c8.5 3.9 13.9 12.4 13.9 21.8s-5.4 17.9-13.9 21.8l-218.6 101c-14.9 6.9-32.1 6.9-47 0L13.9 149.8C5.4 145.8 0 137.3 0 128s5.4-17.9 13.9-21.8L232.5 5.2zM48.1 218.4l164.3 75.9c27.7 12.8 59.6 12.8 87.3 0l164.3-75.9 34.1 15.8c8.5 3.9 13.9 12.4 13.9 21.8s-5.4 17.9-13.9 21.8l-218.6 101c-14.9 6.9-32.1 6.9-47 0L13.9 277.8C5.4 273.8 0 265.3 0 256s5.4-17.9 13.9-21.8l34.1-15.8zM13.9 362.2l34.1-15.8 164.3 75.9c27.7 12.8 59.6 12.8 87.3 0l164.3-75.9 34.1 15.8c8.5 3.9 13.9 12.4 13.9 21.8s-5.4 17.9-13.9 21.8l-218.6 101c-14.9 6.9-32.1 6.9-47 0L13.9 405.8C5.4 401.8 0 393.3 0 384s5.4-17.9 13.9-21.8z\"/></svg> <span>Categories</span>\n <svg class=\"w-4 h-4 ms-1.5 -me-0.5\" aria-hidden=\"true\" xmlns=\"http://www.w3.org/2000/svg\" width=\"24\" height=\"24\" fill=\"none\" viewBox=\"0 0 24 24\"><path stroke=\"currentColor\" stroke-linecap=\"round\" stroke-linejoin=\"round\" stroke-width=\"2\" d=\"m19 9-7 7-7-7\"/></svg>\n</button>\n\n<div\n id=\"mega-menu-icons-dropdown\"\n class=\"category-menu-dropdown absolute z-10 hidden text-sm rounded-xl shadow-md\"\n>\n <div class=\"category-menu-panel p-4 text-heading md:pb-4\">\n <ul class=\"category-menu-grid grid gap-3 font-normal sm:grid-cols-2 md:grid-cols-3\" aria-labelledby=\"mega-menu-icons-dropdown-button\">\n <li>\n <a href=\"http://127.0.0.1:8000/home?category=developer-tools\" class=\"inline-flex items-center text-body hover:text-fg-brand\">\n Developer Tools\n </a>\n </li>\n </ul>\n </div>\n</div>\n\n </li>\n </ul>\n </div>\n\n \n <div class=\"flex md:order-2 space-x-3 md:space-x-3 rtl:space-x-reverse \">\n <ul class=\"flex items-center justify-center p-4 md:p-0 mt-4 md:space-x-4 rtl:space-x-reverse md:mt-0 \">\n <li>\n <button\n id=\"notificationDropdownButton\"\n type=\"button\"\n data-dropdown-toggle=\"notificationDropdown\"\n class=\"noti-button\"\n aria-label=\"Notifications\"\n style=\"font-family: var(--font-family);\"\n>\n <svg class=\"icon\" fill=\"currentColor\" xmlns=\"http://www.w3.org/2000/svg\" viewBox=\"0 0 448 512\"><!--! Font Awesome Free 7.2.0 by @fontawesome - https://fontawesome.com License - https://fontawesome.com/license/free (Icons: CC BY 4.0, Fonts: SIL OFL 1.1, Code: MIT License) Copyright 2026 Fonticons, Inc. --><path fill=\"currentColor\" d=\"M224 0c-13.3 0-24 10.7-24 24l0 9.7C118.6 45.3 56 115.4 56 200l0 14.5c0 37.7-10 74.7-29 107.3L5.1 359.2C1.8 365 0 371.5 0 378.2 0 399.1 16.9 416 37.8 416l372.4 0c20.9 0 37.8-16.9 37.8-37.8 0-6.7-1.8-13.3-5.1-19L421 321.7c-19-32.6-29-69.6-29-107.3l0-14.5c0-84.6-62.6-154.7-144-166.3l0-9.7c0-13.3-10.7-24-24-24zM392.4 368l-336.9 0 12.9-22.1C91.7 306 104 260.6 104 214.5l0-14.5c0-66.3 53.7-120 120-120s120 53.7 120 120l0 14.5c0 46.2 12.3 91.5 35.5 131.4L392.4 368zM156.1 464c9.9 28 36.6 48 67.9 48s58-20 67.9-48l-135.8 0z\"/></svg> </button>\n<div id=\"notificationDropdown\" class=\"noti-dropdown hidden\" aria-labelledby=\"notificationDropdownButton\" style=\"font-family: var(--font-family); color: var(--text-color); background-color: var(--background-color);\">\n <div class=\"noti-dropdown-header\" style=\"font-family: var(--font-family); color: var(--text-color);\">Notifications</div>\n\n <p class=\"noti-empty\" style=\"font-family: var(--font-family); color: var(--text-color);\">No unread notifications</p>\n </div>\n\n </li>\n <li>\n <div class=\"desktop-action\">\n <button\n type=\"button\"\n class=\"account-button\"\n id=\"desktopAccountMenuButton\"\n data-dropdown-toggle=\"desktopAccountMenu\"\n data-dropdown-placement=\"bottom-end\"\n aria-label=\"Account menu\"\n aria-expanded=\"false\"\n >\n <svg class=\"icon\" fill=\"currentColor\" xmlns=\"http://www.w3.org/2000/svg\" viewBox=\"0 0 448 512\"><!--! Font Awesome Free 7.2.0 by @fontawesome - https://fontawesome.com License - https://fontawesome.com/license/free (Icons: CC BY 4.0, Fonts: SIL OFL 1.1, Code: MIT License) Copyright 2026 Fonticons, Inc. --><path fill=\"currentColor\" d=\"M144 128a80 80 0 1 1 160 0 80 80 0 1 1 -160 0zm208 0a128 128 0 1 0 -256 0 128 128 0 1 0 256 0zM48 480c0-70.7 57.3-128 128-128l96 0c70.7 0 128 57.3 128 128l0 8c0 13.3 10.7 24 24 24s24-10.7 24-24l0-8c0-97.2-78.8-176-176-176l-96 0C78.8 304 0 382.8 0 480l0 8c0 13.3 10.7 24 24 24s24-10.7 24-24l0-8z\"/></svg> <span class=\"account-text\">\n <span class=\"verified-label\">\n Verified <svg style=\"color: var(--accent-color);\" class=\"inline-block size-3\" fill=\"currentColor\" xmlns=\"http://www.w3.org/2000/svg\" viewBox=\"0 0 512 512\"><!--! Font Awesome Free 7.2.0 by @fontawesome - https://fontawesome.com License - https://fontawesome.com/license/free (Icons: CC BY 4.0, Fonts: SIL OFL 1.1, Code: MIT License) Copyright 2026 Fonticons, Inc. --><path fill=\"currentColor\" d=\"M256 512a256 256 0 1 1 0-512 256 256 0 1 1 0 512zM374 145.7c-10.7-7.8-25.7-5.4-33.5 5.3L221.1 315.2 169 263.1c-9.4-9.4-24.6-9.4-33.9 0s-9.4 24.6 0 33.9l72 72c5 5 11.8 7.5 18.8 7s13.4-4.1 17.5-9.8L379.3 179.2c7.8-10.7 5.4-25.7-5.3-33.5z\"/></svg> </span>\n <span class=\"account-name\">Marjolaine Ernser I</span>\n </span>\n </button>\n\n <div id=\"desktopAccountMenu\" class=\"account-menu-dropdown hidden\" aria-labelledby=\"desktopAccountMenuButton\">\n <ul class=\"account-menu-list\">\n <li>\n <a\n href=\"http://127.0.0.1:8000/profile\"\n class=\"account-menu-link\"\n >View Profile</a>\n </li>\n <li>\n <a\n href=\"http://127.0.0.1:8000/menu/saved-post\"\n class=\"account-menu-link\"\n >Saved Post</a>\n </li>\n </ul>\n\n \n <div class=\"account-menu-section\">\n <p class=\"account-menu-heading\">Setting</p>\n <ul class=\"account-menu-list\">\n <li>\n <a\n href=\"http://127.0.0.1:8000/menu/edit-profile\"\n class=\"account-menu-link\"\n >Edit Profile</a>\n </li>\n <li>\n <a\n href=\"http://127.0.0.1:8000/menu/appearance\"\n class=\"account-menu-link\"\n >Appearance</a>\n </li>\n <li>\n <a\n href=\"http://127.0.0.1:8000/menu/edit-tag\"\n class=\"account-menu-link\"\n >Edit Tag</a>\n </li>\n <li>\n <a\n href=\"http://127.0.0.1:8000/menu/security\"\n class=\"account-menu-link\"\n >Security</a>\n </li>\n </ul>\n </div>\n\n <form method=\"POST\" action=\"http://127.0.0.1:8000/logout\" class=\"account-menu-logout\">\n <input type=\"hidden\" name=\"_token\" value=\"81DcocOhWCiKxvEoEpRfVlkyxn7Wi08rladmkjyn\" autocomplete=\"off\"> <button type=\"submit\" class=\"account-menu-link account-menu-action\">Logout</button>\n </form>\n </div>\n</div>\n\n </li>\n </ul>\n </div>\n </div>\n\n\n</nav>\n\n\n <div class=\"home-page page-layout\" \n x-data=\"homeController()\" \n style=\"font-family: var(--font-family); background-color: var(--background-color); color: var(--text-color);\">\n \n <button class=\"menu-icon\" id=\"sidebarToggle\" type=\"button\" aria-controls=\"sidebar\" aria-expanded=\"false\" aria-label=\"Open sidebar\">\n <svg aria-hidden=\"true\" fill=\"currentColor\" xmlns=\"http://www.w3.org/2000/svg\" viewBox=\"0 0 448 512\"><!--! Font Awesome Free 7.2.0 by @fontawesome - https://fontawesome.com License - https://fontawesome.com/license/free (Icons: CC BY 4.0, Fonts: SIL OFL 1.1, Code: MIT License) Copyright 2026 Fonticons, Inc. --><path fill=\"currentColor\" d=\"M0 96C0 78.3 14.3 64 32 64l384 0c17.7 0 32 14.3 32 32s-14.3 32-32 32L32 128C14.3 128 0 113.7 0 96zM0 256c0-17.7 14.3-32 32-32l384 0c17.7 0 32 14.3 32 32s-14.3 32-32 32L32 288c-17.7 0-32-14.3-32-32zM448 416c0 17.7-14.3 32-32 32L32 448c-17.7 0-32-14.3-32-32s14.3-32 32-32l384 0c17.7 0 32 14.3 32 32z\"/></svg></button>\n\n<aside\n id=\"sidebar\"\n data-menu-bar-location=\"left\"\n data-dropdown-aside=\"false\"\n class=\"sidebar home-aside home-aside--left\"\n>\n <div class=\"sidebar-header\">\n <h2>Filters</h2>\n <p>Refine websites by rating, category, and tags.</p>\n </div>\n\n <div class=\"sidebar-section home-aside-dropdown\">\n <div class=\"section-header\" id=\"ratingHeader\">\n <div class=\"section-left\">\n <svg aria-hidden=\"true\" class=\"section-icon\" fill=\"currentColor\" xmlns=\"http://www.w3.org/2000/svg\" viewBox=\"0 0 576 512\"><!--! Font Awesome Free 7.2.0 by @fontawesome - https://fontawesome.com License - https://fontawesome.com/license/free (Icons: CC BY 4.0, Fonts: SIL OFL 1.1, Code: MIT License) Copyright 2026 Fonticons, Inc. --><path fill=\"currentColor\" d=\"M309.5-18.9c-4.1-8-12.4-13.1-21.4-13.1s-17.3 5.1-21.4 13.1L193.1 125.3 33.2 150.7c-8.9 1.4-16.3 7.7-19.1 16.3s-.5 18 5.8 24.4l114.4 114.5-25.2 159.9c-1.4 8.9 2.3 17.9 9.6 23.2s16.9 6.1 25 2L288.1 417.6 432.4 491c8 4.1 17.7 3.3 25-2s11-14.2 9.6-23.2L441.7 305.9 556.1 191.4c6.4-6.4 8.6-15.8 5.8-24.4s-10.1-14.9-19.1-16.3L383 125.3 309.5-18.9z\"/></svg> <h3>Rating</h3>\n </div>\n <svg aria-hidden=\"true\" class=\"arrow-icon\" fill=\"currentColor\" xmlns=\"http://www.w3.org/2000/svg\" viewBox=\"0 0 448 512\"><!--! Font Awesome Free 7.2.0 by @fontawesome - https://fontawesome.com License - https://fontawesome.com/license/free (Icons: CC BY 4.0, Fonts: SIL OFL 1.1, Code: MIT License) Copyright 2026 Fonticons, Inc. --><path fill=\"currentColor\" d=\"M201.4 406.6c12.5 12.5 32.8 12.5 45.3 0l192-192c12.5-12.5 12.5-32.8 0-45.3s-32.8-12.5-45.3 0L224 338.7 54.6 169.4c-12.5-12.5-32.8-12.5-45.3 0s-12.5 32.8 0 45.3l192 192z\"/></svg> </div>\n\n <div class=\"section-content\" id=\"ratingContent\">\n <div class=\"rating-options\">\n <label class=\"rating-check\"><input type=\"checkbox\" value=\"all\" :checked=\"filters.rating.length === 0\" @change=\"clearFilters()\"><span>All</span></label>\n <label class=\"rating-check\">\n <input type=\"checkbox\" value=\"5\" \n :checked=\"filters.rating.includes('5')\"\n @change=\"toggleFilter('rating', '5')\">\n <span>5+ Rating</span>\n </label>\n <label class=\"rating-check\">\n <input type=\"checkbox\" value=\"4\" \n :checked=\"filters.rating.includes('4')\"\n @change=\"toggleFilter('rating', '4')\">\n <span>4+ Rating</span>\n </label>\n <label class=\"rating-check\">\n <input type=\"checkbox\" value=\"3\" \n :checked=\"filters.rating.includes('3')\"\n @change=\"toggleFilter('rating', '3')\">\n <span>3+ Rating</span>\n </label>\n <label class=\"rating-check\">\n <input type=\"checkbox\" value=\"2\" \n :checked=\"filters.rating.includes('2')\"\n @change=\"toggleFilter('rating', '2')\">\n <span>2+ Rating</span>\n </label>\n <label class=\"rating-check\">\n <input type=\"checkbox\" value=\"1\" \n :checked=\"filters.rating.includes('1')\"\n @change=\"toggleFilter('rating', '1')\">\n <span>1+ Rating</span>\n </label>\n </div>\n </div>\n </div>\n\n <div class=\"sidebar-section home-aside-dropdown\">\n <div class=\"section-header\" id=\"categoryHeader\">\n <div class=\"section-left\">\n <svg aria-hidden=\"true\" class=\"section-icon\" fill=\"currentColor\" xmlns=\"http://www.w3.org/2000/svg\" viewBox=\"0 0 512 512\"><!--! Font Awesome Free 7.2.0 by @fontawesome - https://fontawesome.com License - https://fontawesome.com/license/free (Icons: CC BY 4.0, Fonts: SIL OFL 1.1, Code: MIT License) Copyright 2026 Fonticons, Inc. --><path fill=\"currentColor\" d=\"M232.5 5.2c14.9-6.9 32.1-6.9 47 0l218.6 101c8.5 3.9 13.9 12.4 13.9 21.8s-5.4 17.9-13.9 21.8l-218.6 101c-14.9 6.9-32.1 6.9-47 0L13.9 149.8C5.4 145.8 0 137.3 0 128s5.4-17.9 13.9-21.8L232.5 5.2zM48.1 218.4l164.3 75.9c27.7 12.8 59.6 12.8 87.3 0l164.3-75.9 34.1 15.8c8.5 3.9 13.9 12.4 13.9 21.8s-5.4 17.9-13.9 21.8l-218.6 101c-14.9 6.9-32.1 6.9-47 0L13.9 277.8C5.4 273.8 0 265.3 0 256s5.4-17.9 13.9-21.8l34.1-15.8zM13.9 362.2l34.1-15.8 164.3 75.9c27.7 12.8 59.6 12.8 87.3 0l164.3-75.9 34.1 15.8c8.5 3.9 13.9 12.4 13.9 21.8s-5.4 17.9-13.9 21.8l-218.6 101c-14.9 6.9-32.1 6.9-47 0L13.9 405.8C5.4 401.8 0 393.3 0 384s5.4-17.9 13.9-21.8z\"/></svg> <h3>Categories</h3>\n </div>\n <svg aria-hidden=\"true\" class=\"arrow-icon\" fill=\"currentColor\" xmlns=\"http://www.w3.org/2000/svg\" viewBox=\"0 0 448 512\"><!--! Font Awesome Free 7.2.0 by @fontawesome - https://fontawesome.com License - https://fontawesome.com/license/free (Icons: CC BY 4.0, Fonts: SIL OFL 1.1, Code: MIT License) Copyright 2026 Fonticons, Inc. --><path fill=\"currentColor\" d=\"M201.4 406.6c12.5 12.5 32.8 12.5 45.3 0l192-192c12.5-12.5 12.5-32.8 0-45.3s-32.8-12.5-45.3 0L224 338.7 54.6 169.4c-12.5-12.5-32.8-12.5-45.3 0s-12.5 32.8 0 45.3l192 192z\"/></svg> </div>\n\n <div class=\"section-content\" id=\"categoryContent\">\n <div class=\"category-search-box\">\n <svg aria-hidden=\"true\" class=\"search-icon\" fill=\"currentColor\" xmlns=\"http://www.w3.org/2000/svg\" viewBox=\"0 0 512 512\"><!--! Font Awesome Free 7.2.0 by @fontawesome - https://fontawesome.com License - https://fontawesome.com/license/free (Icons: CC BY 4.0, Fonts: SIL OFL 1.1, Code: MIT License) Copyright 2026 Fonticons, Inc. --><path fill=\"currentColor\" d=\"M416 208c0 45.9-14.9 88.3-40 122.7L502.6 457.4c12.5 12.5 12.5 32.8 0 45.3s-32.8 12.5-45.3 0L330.7 376C296.3 401.1 253.9 416 208 416 93.1 416 0 322.9 0 208S93.1 0 208 0 416 93.1 416 208zM208 352a144 144 0 1 0 0-288 144 144 0 1 0 0 288z\"/></svg> <input type=\"text\" id=\"categorySearch\" placeholder=\"Search categories..\" x-model=\"search.category\">\n </div>\n\n <div class=\"category-list-container\">\n <label class=\"category-check\" data-filter-component=\"category\">\n <input type=\"checkbox\" value=\"All\" :checked=\"filters.category.length === 0\" @change=\"clearFilters()\">\n <span>All</span>\n </label>\n\n <label class=\"category-check\" data-filter-component=\"category\"\n x-show=\"'developer tools'.includes(search.category.toLowerCase()) && (0 < 5 || search.showMoreCategories || search.category.length > 0)\">\n <input type=\"checkbox\" value=\"developer-tools\"\n :checked=\"filters.category.includes('developer-tools')\"\n @change=\"toggleFilter('category', 'developer-tools')\">\n <span>Developer Tools</span>\n </label>\n </div>\n\n </div>\n </div>\n\n <div class=\"sidebar-section home-aside-dropdown\">\n <div class=\"section-header\" id=\"tagsHeader\">\n <div class=\"section-left\">\n <svg aria-hidden=\"true\" class=\"section-icon\" fill=\"currentColor\" xmlns=\"http://www.w3.org/2000/svg\" viewBox=\"0 0 576 512\"><!--! Font Awesome Free 7.2.0 by @fontawesome - https://fontawesome.com License - https://fontawesome.com/license/free (Icons: CC BY 4.0, Fonts: SIL OFL 1.1, Code: MIT License) Copyright 2026 Fonticons, Inc. --><path fill=\"currentColor\" d=\"M401.2 39.1L549.4 189.4c27.7 28.1 27.7 73.1 0 101.2L393 448.9c-9.3 9.4-24.5 9.5-33.9 .2s-9.5-24.5-.2-33.9L515.3 256.8c9.2-9.3 9.2-24.4 0-33.7L367 72.9c-9.3-9.4-9.2-24.6 .2-33.9s24.6-9.2 33.9 .2zM32.1 229.5L32.1 96c0-35.3 28.7-64 64-64l133.5 0c17 0 33.3 6.7 45.3 18.7l144 144c25 25 25 65.5 0 90.5L285.4 418.7c-25 25-65.5 25-90.5 0l-144-144c-12-12-18.7-28.3-18.7-45.3zm144-85.5a32 32 0 1 0 -64 0 32 32 0 1 0 64 0z\"/></svg> <h3>Tags</h3>\n </div>\n <svg aria-hidden=\"true\" class=\"arrow-icon\" fill=\"currentColor\" xmlns=\"http://www.w3.org/2000/svg\" viewBox=\"0 0 448 512\"><!--! Font Awesome Free 7.2.0 by @fontawesome - https://fontawesome.com License - https://fontawesome.com/license/free (Icons: CC BY 4.0, Fonts: SIL OFL 1.1, Code: MIT License) Copyright 2026 Fonticons, Inc. --><path fill=\"currentColor\" d=\"M201.4 406.6c12.5 12.5 32.8 12.5 45.3 0l192-192c12.5-12.5 12.5-32.8 0-45.3s-32.8-12.5-45.3 0L224 338.7 54.6 169.4c-12.5-12.5-32.8-12.5-45.3 0s-12.5 32.8 0 45.3l192 192z\"/></svg> </div>\n\n <div class=\"section-content\" id=\"tagsContent\">\n <div class=\"tag-tools\">\n <div class=\"tag-search-box\">\n <svg aria-hidden=\"true\" class=\"search-icon\" fill=\"currentColor\" xmlns=\"http://www.w3.org/2000/svg\" viewBox=\"0 0 512 512\"><!--! Font Awesome Free 7.2.0 by @fontawesome - https://fontawesome.com License - https://fontawesome.com/license/free (Icons: CC BY 4.0, Fonts: SIL OFL 1.1, Code: MIT License) Copyright 2026 Fonticons, Inc. --><path fill=\"currentColor\" d=\"M416 208c0 45.9-14.9 88.3-40 122.7L502.6 457.4c12.5 12.5 12.5 32.8 0 45.3s-32.8 12.5-45.3 0L330.7 376C296.3 401.1 253.9 416 208 416 93.1 416 0 322.9 0 208S93.1 0 208 0 416 93.1 416 208zM208 352a144 144 0 1 0 0-288 144 144 0 1 0 0 288z\"/></svg> <input type=\"text\" id=\"tagSearch\" placeholder=\"Search tags..\" x-model=\"search.tag\">\n </div>\n </div>\n\n <div class=\"tags-container\" id=\"tagsContainer\">\n <template x-for=\"tag in visibleTags\" :key=\"tag\">\n <label class=\"tag-check\">\n <input type=\"checkbox\" \n :value=\"tag\"\n :checked=\"filters.tags.includes(tag)\"\n @change=\"toggleFilter('tags', tag)\">\n <span x-text=\"tag\"></span>\n </label>\n </template>\n </div>\n \n <button class=\"show-tags-btn\" id=\"showTagsBtn\" type=\"button\" \n x-show=\"filteredTags.length > 10\"\n @click=\"search.showMoreTags = !search.showMoreTags\"\n x-text=\"search.showMoreTags ? 'Show Less Tags' : 'Show More Tags'\">\n Show More Tags\n </button>\n </div>\n </div>\n</aside>\n\n <main class=\"main-content\">\n <section class=\"content-intro\" aria-labelledby=\"contentTitle\">\n <div>\n <h1 id=\"contentTitle\">Discover Useful Websites</h1>\n <p>Browse reviewed websites and narrow your results with simple, clear filters.</p>\n </div>\n </section>\n\n <div class=\"results-toolbar\">\n <p><strong id=\"resultsCount\" x-text=\"totalResults\">0</strong> websites found</p>\n <label class=\"sort-control\" for=\"sortSelect\">\n <select id=\"sortSelect\" x-model=\"filters.sort\" @change=\"updateResults()\" aria-label=\"Sort websites\">\n <option value=\"best\">Best match</option>\n <option value=\"rating\">Highest rating</option>\n <option value=\"newest\">Newest</option>\n </select>\n </label>\n </div>\n\n <header class=\"hero\">\n <div class=\"active-filters-wrapper\" :class=\"{'has-filters': hasActiveFilters()}\">\n <div class=\"active-filters-heading\">\n <div class=\"active-filters-title\">\n <span>Selected Filters</span>\n </div>\n\n <button class=\"clear-all-filters\" id=\"clearAllFilters\" type=\"button\" @click=\"clearFilters()\">Clear All Filters</button>\n </div>\n\n <div class=\"active-filter-grid\" aria-live=\"polite\">\n <div class=\"filter-section\">\n <div class=\"filter-title\">\n <svg aria-hidden=\"true\" class=\"filter-icon\" fill=\"currentColor\" xmlns=\"http://www.w3.org/2000/svg\" viewBox=\"0 0 576 512\"><!--! Font Awesome Free 7.2.0 by @fontawesome - https://fontawesome.com License - https://fontawesome.com/license/free (Icons: CC BY 4.0, Fonts: SIL OFL 1.1, Code: MIT License) Copyright 2026 Fonticons, Inc. --><path fill=\"currentColor\" d=\"M309.5-18.9c-4.1-8-12.4-13.1-21.4-13.1s-17.3 5.1-21.4 13.1L193.1 125.3 33.2 150.7c-8.9 1.4-16.3 7.7-19.1 16.3s-.5 18 5.8 24.4l114.4 114.5-25.2 159.9c-1.4 8.9 2.3 17.9 9.6 23.2s16.9 6.1 25 2L288.1 417.6 432.4 491c8 4.1 17.7 3.3 25-2s11-14.2 9.6-23.2L441.7 305.9 556.1 191.4c6.4-6.4 8.6-15.8 5.8-24.4s-10.1-14.9-19.1-16.3L383 125.3 309.5-18.9z\"/></svg> <h3>Rating</h3>\n </div>\n <div class=\"filter-items\" id=\"selectedRatings\">\n <template x-for=\"rating in filters.rating\" :key=\"rating\">\n <div class=\"selected-box\">\n <svg aria-hidden=\"true\" class=\"selected-icon\" fill=\"currentColor\" xmlns=\"http://www.w3.org/2000/svg\" viewBox=\"0 0 576 512\"><!--! Font Awesome Free 7.2.0 by @fontawesome - https://fontawesome.com License - https://fontawesome.com/license/free (Icons: CC BY 4.0, Fonts: SIL OFL 1.1, Code: MIT License) Copyright 2026 Fonticons, Inc. --><path fill=\"currentColor\" d=\"M309.5-18.9c-4.1-8-12.4-13.1-21.4-13.1s-17.3 5.1-21.4 13.1L193.1 125.3 33.2 150.7c-8.9 1.4-16.3 7.7-19.1 16.3s-.5 18 5.8 24.4l114.4 114.5-25.2 159.9c-1.4 8.9 2.3 17.9 9.6 23.2s16.9 6.1 25 2L288.1 417.6 432.4 491c8 4.1 17.7 3.3 25-2s11-14.2 9.6-23.2L441.7 305.9 556.1 191.4c6.4-6.4 8.6-15.8 5.8-24.4s-10.1-14.9-19.1-16.3L383 125.3 309.5-18.9z\"/></svg> <span class=\"selected-label\" x-text=\"rating === 'all' ? 'All' : rating + '+ Rating'\"></span>\n <span class=\"remove-btn\" @click=\"toggleFilter('rating', rating)\">\u00d7</span>\n </div>\n </template>\n <span class=\"filter-empty\" x-show=\"filters.rating.length === 0\">No rating selected</span>\n </div>\n </div>\n\n <div class=\"filter-section\">\n <div class=\"filter-title\">\n <svg aria-hidden=\"true\" class=\"filter-icon\" fill=\"currentColor\" xmlns=\"http://www.w3.org/2000/svg\" viewBox=\"0 0 512 512\"><!--! Font Awesome Free 7.2.0 by @fontawesome - https://fontawesome.com License - https://fontawesome.com/license/free (Icons: CC BY 4.0, Fonts: SIL OFL 1.1, Code: MIT License) Copyright 2026 Fonticons, Inc. --><path fill=\"currentColor\" d=\"M232.5 5.2c14.9-6.9 32.1-6.9 47 0l218.6 101c8.5 3.9 13.9 12.4 13.9 21.8s-5.4 17.9-13.9 21.8l-218.6 101c-14.9 6.9-32.1 6.9-47 0L13.9 149.8C5.4 145.8 0 137.3 0 128s5.4-17.9 13.9-21.8L232.5 5.2zM48.1 218.4l164.3 75.9c27.7 12.8 59.6 12.8 87.3 0l164.3-75.9 34.1 15.8c8.5 3.9 13.9 12.4 13.9 21.8s-5.4 17.9-13.9 21.8l-218.6 101c-14.9 6.9-32.1 6.9-47 0L13.9 277.8C5.4 273.8 0 265.3 0 256s5.4-17.9 13.9-21.8l34.1-15.8zM13.9 362.2l34.1-15.8 164.3 75.9c27.7 12.8 59.6 12.8 87.3 0l164.3-75.9 34.1 15.8c8.5 3.9 13.9 12.4 13.9 21.8s-5.4 17.9-13.9 21.8l-218.6 101c-14.9 6.9-32.1 6.9-47 0L13.9 405.8C5.4 401.8 0 393.3 0 384s5.4-17.9 13.9-21.8z\"/></svg> <h3>Categories</h3>\n </div>\n <div class=\"filter-items\" id=\"selectedCategories\">\n <template x-for=\"category in filters.category\" :key=\"category\">\n <div class=\"selected-box\">\n <span class=\"selected-label\" x-text=\"getCategoryLabel(category)\"></span>\n <span class=\"remove-btn\" @click=\"toggleFilter('category', category)\">\u00d7</span>\n </div>\n </template>\n <span class=\"filter-empty\" x-show=\"filters.category.length === 0\">No category selected</span>\n </div>\n </div>\n\n <div class=\"filter-section\">\n <div class=\"filter-title\">\n <svg aria-hidden=\"true\" class=\"filter-icon\" fill=\"currentColor\" xmlns=\"http://www.w3.org/2000/svg\" viewBox=\"0 0 576 512\"><!--! Font Awesome Free 7.2.0 by @fontawesome - https://fontawesome.com License - https://fontawesome.com/license/free (Icons: CC BY 4.0, Fonts: SIL OFL 1.1, Code: MIT License) Copyright 2026 Fonticons, Inc. --><path fill=\"currentColor\" d=\"M401.2 39.1L549.4 189.4c27.7 28.1 27.7 73.1 0 101.2L393 448.9c-9.3 9.4-24.5 9.5-33.9 .2s-9.5-24.5-.2-33.9L515.3 256.8c9.2-9.3 9.2-24.4 0-33.7L367 72.9c-9.3-9.4-9.2-24.6 .2-33.9s24.6-9.2 33.9 .2zM32.1 229.5L32.1 96c0-35.3 28.7-64 64-64l133.5 0c17 0 33.3 6.7 45.3 18.7l144 144c25 25 25 65.5 0 90.5L285.4 418.7c-25 25-65.5 25-90.5 0l-144-144c-12-12-18.7-28.3-18.7-45.3zm144-85.5a32 32 0 1 0 -64 0 32 32 0 1 0 64 0z\"/></svg> <h3>Tags</h3>\n </div>\n <div class=\"filter-items\" id=\"selectedTags\">\n <template x-for=\"tag in filters.tags\" :key=\"tag\">\n <div class=\"selected-box\">\n <span class=\"selected-label\" x-text=\"tag\"></span>\n <span class=\"remove-btn\" @click=\"toggleFilter('tags', tag)\">\u00d7</span>\n </div>\n </template>\n <span class=\"filter-empty\" x-show=\"filters.tags.length === 0\">No tag selected</span>\n </div>\n </div>\n </div>\n </div>\n </header>\n\n <section class=\"reviews-grid\" id=\"reviewsGrid\" x-ref=\"postsGrid\">\n </section>\n\n <section class=\"reviews-grid\" style=\"margin-top: 20px;\" x-show=\"isLoading && page === 1\" x-cloak>\n <div class=\"review-card skeleton\" style=\"height: 380px;\">\n <div style=\"padding: 24px; display: flex; flex-direction: column; gap: 16px; height: 100%;\">\n <div class=\"card-topline\" style=\"margin-bottom: 0;\">\n <div class=\"site-icon\" style=\"background: rgba(148, 163, 184, 0.12); border: none;\"></div>\n <div class=\"rating-badge\" style=\"background: rgba(148, 163, 184, 0.12); border: none; width: 60px;\"></div>\n </div>\n \n <div style=\"height: 24px; background: rgba(148, 163, 184, 0.12); border-radius: 4px; width: 80%;\"></div>\n \n <div style=\"display: flex; flex-direction: column; gap: 8px;\">\n <div style=\"height: 14px; background: rgba(148, 163, 184, 0.12); border-radius: 4px; width: 100%;\"></div>\n <div style=\"height: 14px; background: rgba(148, 163, 184, 0.12); border-radius: 4px; width: 90%;\"></div>\n <div style=\"height: 14px; background: rgba(148, 163, 184, 0.12); border-radius: 4px; width: 95%;\"></div>\n </div>\n\n <div class=\"card-tags\" style=\"margin-top: auto; padding-top: 16px; display: flex; gap: 8px;\">\n <div style=\"height: 26px; width: 70px; background: rgba(148, 163, 184, 0.12); border-radius: 999px;\"></div>\n <div style=\"height: 26px; width: 85px; background: rgba(148, 163, 184, 0.12); border-radius: 999px;\"></div>\n <div style=\"height: 26px; width: 60px; background: rgba(148, 163, 184, 0.12); border-radius: 999px;\"></div>\n </div>\n </div>\n </div>\n <div class=\"review-card skeleton\" style=\"height: 380px;\">\n <div style=\"padding: 24px; display: flex; flex-direction: column; gap: 16px; height: 100%;\">\n <div class=\"card-topline\" style=\"margin-bottom: 0;\">\n <div class=\"site-icon\" style=\"background: rgba(148, 163, 184, 0.12); border: none;\"></div>\n <div class=\"rating-badge\" style=\"background: rgba(148, 163, 184, 0.12); border: none; width: 60px;\"></div>\n </div>\n \n <div style=\"height: 24px; background: rgba(148, 163, 184, 0.12); border-radius: 4px; width: 80%;\"></div>\n \n <div style=\"display: flex; flex-direction: column; gap: 8px;\">\n <div style=\"height: 14px; background: rgba(148, 163, 184, 0.12); border-radius: 4px; width: 100%;\"></div>\n <div style=\"height: 14px; background: rgba(148, 163, 184, 0.12); border-radius: 4px; width: 90%;\"></div>\n <div style=\"height: 14px; background: rgba(148, 163, 184, 0.12); border-radius: 4px; width: 95%;\"></div>\n </div>\n\n <div class=\"card-tags\" style=\"margin-top: auto; padding-top: 16px; display: flex; gap: 8px;\">\n <div style=\"height: 26px; width: 70px; background: rgba(148, 163, 184, 0.12); border-radius: 999px;\"></div>\n <div style=\"height: 26px; width: 85px; background: rgba(148, 163, 184, 0.12); border-radius: 999px;\"></div>\n <div style=\"height: 26px; width: 60px; background: rgba(148, 163, 184, 0.12); border-radius: 999px;\"></div>\n </div>\n </div>\n </div>\n <div class=\"review-card skeleton\" style=\"height: 380px;\">\n <div style=\"padding: 24px; display: flex; flex-direction: column; gap: 16px; height: 100%;\">\n <div class=\"card-topline\" style=\"margin-bottom: 0;\">\n <div class=\"site-icon\" style=\"background: rgba(148, 163, 184, 0.12); border: none;\"></div>\n <div class=\"rating-badge\" style=\"background: rgba(148, 163, 184, 0.12); border: none; width: 60px;\"></div>\n </div>\n \n <div style=\"height: 24px; background: rgba(148, 163, 184, 0.12); border-radius: 4px; width: 80%;\"></div>\n \n <div style=\"display: flex; flex-direction: column; gap: 8px;\">\n <div style=\"height: 14px; background: rgba(148, 163, 184, 0.12); border-radius: 4px; width: 100%;\"></div>\n <div style=\"height: 14px; background: rgba(148, 163, 184, 0.12); border-radius: 4px; width: 90%;\"></div>\n <div style=\"height: 14px; background: rgba(148, 163, 184, 0.12); border-radius: 4px; width: 95%;\"></div>\n </div>\n\n <div class=\"card-tags\" style=\"margin-top: auto; padding-top: 16px; display: flex; gap: 8px;\">\n <div style=\"height: 26px; width: 70px; background: rgba(148, 163, 184, 0.12); border-radius: 999px;\"></div>\n <div style=\"height: 26px; width: 85px; background: rgba(148, 163, 184, 0.12); border-radius: 999px;\"></div>\n <div style=\"height: 26px; width: 60px; background: rgba(148, 163, 184, 0.12); border-radius: 999px;\"></div>\n </div>\n </div>\n </div>\n </section>\n\n <section class=\"home-empty-state\" id=\"homeEmptyState\" x-show=\"totalResults === 0\" x-cloak>\n <div id=\"emptyStateSearchIcon\">\n <svg aria-hidden=\"true\" class=\"home-empty-icon\" fill=\"currentColor\" xmlns=\"http://www.w3.org/2000/svg\" viewBox=\"0 0 512 512\"><!--! Font Awesome Free 7.2.0 by @fontawesome - https://fontawesome.com License - https://fontawesome.com/license/free (Icons: CC BY 4.0, Fonts: SIL OFL 1.1, Code: MIT License) Copyright 2026 Fonticons, Inc. --><path fill=\"currentColor\" d=\"M416 208c0 45.9-14.9 88.3-40 122.7L502.6 457.4c12.5 12.5 12.5 32.8 0 45.3s-32.8 12.5-45.3 0L330.7 376C296.3 401.1 253.9 416 208 416 93.1 416 0 322.9 0 208S93.1 0 208 0 416 93.1 416 208zM208 352a144 144 0 1 0 0-288 144 144 0 1 0 0 288z\"/></svg> </div>\n <h2 id=\"emptyStateTitle\">No websites found</h2>\n <p id=\"emptyStateText\">Try adjusting your filters to find what you're looking for.</p>\n <button type=\"button\" class=\"clear-filters-btn\" id=\"emptyStateClearBtn\" @click=\"clearFilters()\">Clear All Filters</button>\n </section>\n\n <div class=\"pagination-wrapper\" style=\"display: flex; justify-content: center; margin-top: 40px; padding-bottom: 40px;\" x-show=\"hasMore\" x-cloak>\n <button \n type=\"button\" \n class=\"load-more-btn\" \n @click=\"loadMore()\" \n :disabled=\"isLoading\"\n >\n <template x-if=\"isLoading\">\n <div class=\"spinner\"></div>\n </template>\n <span x-text=\"isLoading ? 'Loading..' : 'Load More Websites'\"></span>\n </button>\n </div>\n </main>\n </div>\n <script>\n window.homeCategoryTags = {\"developer-tools\":[],\"all\":[]};\n window.homeCategoryLabels = {\"developer-tools\":\"Developer Tools\",\"All\":\"All\",\"all\":\"All\"};\n window.homeInitialCategory = null;\n\n function homeController() {\n return {\n totalResults: 0,\n hasMore: false,\n page: 1,\n isLoading: false,\n filters: {\n category: window.homeInitialCategory ? [window.homeInitialCategory] : [],\n tags: [],\n rating: [],\n sort: 'best'\n },\n search: {\n category: '',\n tag: '',\n showMoreCategories: false,\n showMoreTags: false\n },\n\n get availableTags() {\n if (this.filters.category.length === 0) return window.homeCategoryTags.all;\n const tags = new Set();\n this.filters.category.forEach(cat => {\n (window.homeCategoryTags[cat] || []).forEach(tag => tags.add(tag));\n });\n return Array.from(tags);\n },\n\n get filteredTags() {\n const search = this.search.tag.toLowerCase();\n return this.availableTags.filter(t => t.toLowerCase().includes(search));\n },\n\n get visibleTags() {\n const tags = this.filteredTags;\n if (this.search.showMoreTags) return tags;\n return tags.slice(0, 10);\n },\n\n async updateResults() {\n this.page = 1;\n this.isLoading = true;\n this.hasMore = true;\n \n try {\n const url = this.getFilterUrl();\n const response = await fetch(url.toString(), {\n headers: { 'X-Requested-With': 'XMLHttpRequest' }\n });\n const data = await response.json();\n \n this.$refs.postsGrid.innerHTML = data.html;\n this.hasMore = data.hasMorePages;\n this.totalResults = data.total;\n } catch (error) {\n console.error('Error updating results:', error);\n } finally {\n this.isLoading = false;\n }\n },\n\n async loadMore() {\n if (this.isLoading || !this.hasMore) return;\n this.isLoading = true;\n this.page++;\n\n try {\n const url = this.getFilterUrl();\n url.searchParams.set('page', this.page);\n\n const response = await fetch(url.toString(), {\n headers: {\n 'X-Requested-With': 'XMLHttpRequest'\n }\n });\n const data = await response.json();\n\n if (data.html) {\n this.$refs.postsGrid.insertAdjacentHTML('beforeend', data.html);\n this.hasMore = data.hasMorePages;\n this.totalResults = data.total;\n } else {\n this.hasMore = false;\n }\n } catch (error) {\n console.error('Error loading more posts:', error);\n this.page--;\n } finally {\n this.isLoading = false;\n }\n },\n\n getFilterUrl() {\n const url = new URL(window.location.origin + window.location.pathname);\n if (this.filters.category.length > 0) {\n url.searchParams.set('category', this.filters.category.join(','));\n }\n if (this.filters.tags.length > 0) {\n url.searchParams.set('tags', this.filters.tags.join(','));\n }\n if (this.filters.rating.length > 0) {\n url.searchParams.set('rating', Math.min(..this.filters.rating));\n }\n url.searchParams.set('sort', this.filters.sort);\n return url;\n },\n\n toggleFilter(type, value) {\n if (value === 'all' || value === 'All') {\n this.filters[type] = [];\n } else {\n const index = this.filters[type].indexOf(value);\n if (index > -1) {\n this.filters[type].splice(index, 1);\n } else {\n this.filters[type].push(value);\n }\n }\n this.updateResults();\n },\n\n hasActiveFilters() {\n return this.filters.category.length > 0 || \n this.filters.tags.length > 0 || \n this.filters.rating.length > 0;\n },\n\n clearFilters() {\n this.filters.category = [];\n this.filters.tags = [];\n this.filters.rating = [];\n this.filters.sort = 'best';\n this.updateResults();\n },\n\n getCategoryLabel(slug) {\n return window.homeCategoryLabels[slug] || slug;\n },\n\n init() {\n const mainContent = document.querySelector('.main-content');\n if (mainContent) {\n let isThrottled = false;\n mainContent.addEventListener('scroll', () => {\n if (isThrottled) return;\n isThrottled = true;\n setTimeout(() => {\n if (mainContent.scrollTop + mainContent.clientHeight >= mainContent.scrollHeight - 500) {\n this.loadMore();\n }\n isThrottled = false;\n }, 200);\n });\n }\n }\n }\n }\n </script>\n <link rel=\"modulepreload\" as=\"script\" href=\"http://127.0.0.1:8000/build/assets/homepage-BgCvQqiA.js\" /><script type=\"module\" src=\"http://127.0.0.1:8000/build/assets/homepage-BgCvQqiA.js\"></script></body>\n</html>\n' contains \"<nav class=\"mobile-bottom-nav\"\" in specified order.."},{"test":"Tests\\Feature\\HomePageTest::test_home_nav_notification_dropdown_uses_current_users_unread_notifications","file":"/home/pc/Documents/web-review/tests/Feature/HomePageTest.php","line":229,"message":"Failed asserting that '<!doctype html>\\n\n<html lang=\"en\">\\n\n<head>\\n\n <meta charset=\"UTF-8\">\\n\n <meta name=\"viewport\" content=\"width=device-width, initial-scale=1\">\\n\n <meta name=\"csrf-token\" content=\"kW0EQDnNALnMjs76OAiWY2LCYg2gXtVYsRGECzr3\">\\n\n <title>\\n\n Home\\n\n </title>\\n\n <link rel=\"icon\" type=\"image/svg+xml\" href=\"/favicon.svg\">\\n\n <link rel=\"preconnect\" href=\"https://fonts.googleapis.com\">\\n\n<link rel=\"preconnect\" href=\"https://fonts.gstatic.com\" crossorigin>\\n\n<link href=\"https://fonts.googleapis.com/css2?family=Figtree:wght@400;500;600;700&display=swap\" rel=\"stylesheet\">\\n\n <style>\\n\n :root {\\n\n --accent-color: #6c5ce7;\\n\n --background-color: #ffffff;\\n\n --text-color: #0d1b2a;\\n\n --font-family: Figtree, sans-serif;\\n\n }\\n\n </style>\\n\n <link rel=\"preload\" as=\"style\" href=\"http://127.0.0.1:8000/build/assets/app-YkLvgNUm.css\" /><link rel=\"modulepreload\" as=\"script\" href=\"http://127.0.0.1:8000/build/assets/app-BaSKX0Is.js\" /><link rel=\"stylesheet\" href=\"http://127.0.0.1:8000/build/assets/app-YkLvgNUm.css\" /><script type=\"module\" src=\"http://127.0.0.1:8000/build/assets/app-BaSKX0Is.js\"></script> <link rel=\"preload\" as=\"style\" href=\"http://127.0.0.1:8000/build/assets/homepage-CYIELjnI.css\" /><link rel=\"stylesheet\" href=\"http://127.0.0.1:8000/build/assets/homepage-CYIELjnI.css\" />\\n\n</head>\\n\n<body class=\"m-0 box-border p-0 bg-[var(--background-color)] text-[var(--text-color)]\" style=\"font-family: var(--font-family);\">\\n\n <div class=\"sitesphere-loader\" data-page-loader aria-hidden=\"true\" role=\"status\" aria-live=\"polite\">\\n\n <span class=\"sitesphere-loader__label\">Loading SiteSphere</span>\\n\n\\n\n <div class=\"sitesphere-loader__stage\" aria-hidden=\"true\">\\n\n <svg class=\"sitesphere-loader__icon sitesphere-loader__draw sitesphere-loader__glow\" viewBox=\"0 0 88.5 99.5\" fill=\"none\" xmlns=\"http://www.w3.org/2000/svg\">\\n\n <path class=\"sitesphere-loader__draw-a\" pathLength=\"100\" d=\"M44.5 28.75L28.75 37.25L28.75 38.75L63.25 58.5L66.5 60.75L65.75 62.5L43.75 74.25L9.75 54.25L7.75 53.25L6 54L6.25 72L43.75 93.5L46 93.25L82.5 71.75L82 50Z\"/>\\n\n <path class=\"sitesphere-loader__draw-b\" pathLength=\"100\" d=\"M43.25 6L6.25 27.75L6.25 49L41 69.25L46.25 69.75L60.25 61.5L56.25 58L22 39L22 37.75L45 25.25L82 46.25L82.5 27.75L60.5 14L45.5 6Z\"/>\\n\n </svg>\\n\n </div>\\n\n</div>\\n\n\\n\n <style>\\n\n .sitesphere-loader {\\n\n --sitesphere-loader-accent: var(--accent-color, #6c5ce7);\\n\n position: fixed;\\n\n inset: 0;\\n\n z-index: 9999;\\n\n display: grid;\\n\n place-items: center;\\n\n background: color-mix(in srgb, var(--background-color, #ffffff) 86%, transparent);\\n\n opacity: 0;\\n\n visibility: hidden;\\n\n pointer-events: none;\\n\n transition: opacity 180ms ease, visibility 180ms ease;\\n\n backdrop-filter: blur(6px);\\n\n }\\n\n\\n\n .sitesphere-loader.is-active {\\n\n opacity: 1;\\n\n visibility: visible;\\n\n pointer-events: auto;\\n\n }\\n\n\\n\n .sitesphere-loader__label {\\n\n position: absolute;\\n\n width: 1px;\\n\n height: 1px;\\n\n overflow: hidden;\\n\n clip: rect(0, 0, 0, 0);\\n\n white-space: nowrap;\\n\n }\\n\n\\n\n .sitesphere-loader__stage {\\n\n display: flex;\\n\n align-items: center;\\n\n justify-content: center;\\n\n }\\n\n\\n\n .sitesphere-loader__icon {\\n\n width: 150px;\\n\n height: auto;\\n\n }\\n\n\\n\n .sitesphere-loader__glow {\\n\n filter: drop-shadow(0 0 14px color-mix(in srgb, var(--sitesphere-loader-accent) 55%, transparent));\\n\n }\\n\n\\n\n .sitesphere-loader__draw path {\\n\n fill: var(--sitesphere-loader-accent);\\n\n stroke: var(--sitesphere-loader-accent);\\n\n stroke-width: 2.4;\\n\n stroke-linejoin: round;\\n\n stroke-dasharray: 100;\\n\n stroke-dashoffset: 100;\\n\n fill-opacity: 0;\\n\n stroke-opacity: 1;\\n\n }\\n\n\\n\n .sitesphere-loader.is-active .sitesphere-loader__draw-a {\\n\n animation: sitesphereLoaderDraw 1.2s ease-in-out infinite;\\n\n animation-fill-mode: both;\\n\n }\\n\n\\n\n .sitesphere-loader.is-active .sitesphere-loader__draw-b {\\n\n animation: sitesphereLoaderDraw 1.2s ease-in-out infinite;\\n\n animation-delay: 0.25s;\\n\n animation-fill-mode: both;\\n\n }\\n\n\\n\n @keyframes sitesphereLoaderDraw {\\n\n 0% { stroke-dashoffset: 100; fill-opacity: 0; stroke-opacity: 1; }\\n\n 38% { stroke-dashoffset: 0; fill-opacity: 0; stroke-opacity: 1; }\\n\n 52% { stroke-dashoffset: 0; fill-opacity: 1; stroke-opacity: 1; }\\n\n 80% { stroke-dashoffset: 0; fill-opacity: 1; stroke-opacity: 1; }\\n\n 96% { stroke-dashoffset: 0; fill-opacity: 0; stroke-opacity: 0; }\\n\n 100% { stroke-dashoffset: 0; fill-opacity: 0; stroke-opacity: 0; }\\n\n }\\n\n\\n\n @media (prefers-reduced-motion: reduce) {\\n\n .sitesphere-loader,\\n\n .sitesphere-loader.is-active .sitesphere-loader__draw-a,\\n\n .sitesphere-loader.is-active .sitesphere-loader__draw-b {\\n\n transition: none;\\n\n animation: none;\\n\n }\\n\n }\\n\n </style>\\n\n\\n\n <script>\\n\n (() => {\\n\n if (window.siteSpherePageLoaderInitialized) {\\n\n return;\\n\n }\\n\n\\n\n window.siteSpherePageLoaderInitialized = true;\\n\n\\n\n const loader = document.querySelector('[data-page-loader]');\\n\n\\n\n if (! loader) {\\n\n return;\\n\n }\\n\n\\n\n const minimumVisibleMilliseconds = 300;\\n\n let shownAt = 0;\\n\n let hideTimeout = null;\\n\n\\n\n const showLoader = () => {\\n\n if (hideTimeout) {\\n\n clearTimeout(hideTimeout);\\n\n hideTimeout = null;\\n\n }\\n\n\\n\n shownAt = Date.now();\\n\n loader.classList.remove('is-active');\\n\n void loader.offsetWidth;\\n\n loader.classList.add('is-active');\\n\n loader.setAttribute('aria-hidden', 'false');\\n\n };\\n\n\\n\n const hideLoader = () => {\\n\n const deactivateLoader = () => {\\n\n loader.classList.remove('is-active');\\n\n loader.setAttribute('aria-hidden', 'true');\\n\n hideTimeout = null;\\n\n };\\n\n\\n\n if (! shownAt) {\\n\n deactivateLoader();\\n\n\\n\n return;\\n\n }\\n\n\\n\n const elapsedMilliseconds = Date.now() - shownAt;\\n\n const remainingMilliseconds = minimumVisibleMilliseconds - elapsedMilliseconds;\\n\n\\n\n if (remainingMilliseconds <= 0) {\\n\n deactivateLoader();\\n\n\\n\n return;\\n\n }\\n\n\\n\n hideTimeout = setTimeout(deactivateLoader, remainingMilliseconds);\\n\n };\\n\n\\n\n const navigationEntry = performance.getEntriesByType('navigation')[0];\\n\n\\n\n const isModifiedClick = (event) => event.metaKey || event.ctrlKey || event.shiftKey || event.altKey || event.button !== 0;\\n\n\\n\n const isEligibleLink = (link, event) => {\\n\n if (! link || event.defaultPrevented || isModifiedClick(event) || link.closest('[data-no-loader]')) {\\n\n return false;\\n\n }\\n\n\\n\n if (link.hasAttribute('download') || (link.target && link.target !== '_self')) {\\n\n return false;\\n\n }\\n\n\\n\n const href = link.getAttribute('href');\\n\n\\n\n if (! href || href.startsWith('#') || href.startsWith('mailto:') || href.startsWith('tel:') || href.startsWith('javascript:')) {\\n\n return false;\\n\n }\\n\n\\n\n const destination = new URL(link.href, window.location.href);\\n\n const current = new URL(window.location.href);\\n\n const onlyHashChanges = destination.origin === current.origin\\n\n && destination.pathname === current.pathname\\n\n && destination.search === current.search\\n\n && destination.hash;\\n\n\\n\n return destination.origin === current.origin && ! onlyHashChanges;\\n\n };\\n\n\\n\n document.addEventListener('click', (event) => {\\n\n const link = event.target.closest('a[href]');\\n\n\\n\n if (isEligibleLink(link, event)) {\\n\n showLoader();\\n\n }\\n\n });\\n\n\\n\n document.addEventListener('submit', (event) => {\\n\n if (! event.defaultPrevented && ! event.target.closest('[data-no-loader]')) {\\n\n showLoader();\\n\n }\\n\n });\\n\n\\n\n if (navigationEntry?.type === 'reload') {\\n\n showLoader();\\n\n }\\n\n\\n\n window.addEventListener('beforeunload', showLoader);\\n\n window.addEventListener('pagehide', showLoader);\\n\n window.addEventListener('load', hideLoader);\\n\n window.addEventListener('pageshow', hideLoader);\\n\n })();\\n\n </script>\\n\n <nav class=\"desktop-nav flex items-center\" x-data=\"{ scrolled: false }\" @scroll.window=\"scrolled = window.scrollY > 20\" :class=\"{ 'scrolled': scrolled }\">\\n\n <div class=\"max-w-screen-xl w-full mx-auto flex flex-wrap items-center justify-between\">\\n\n\\n\n <div class=\"flex gap-3\">\\n\n <a href=\"http://127.0.0.1:8000\" class=\"site-brand flex items-center space-x-0 rtl:space-x-reverse\">\\n\n <svg\\n\n class=\"size-10 shrink-0\" style=\"color: var(--accent-color, #6c5ce7);\"\\n\n xmlns=\"http://www.w3.org/2000/svg\"\\n\n viewBox=\"0 0 88.5 99.5\"\\n\n fill=\"none\"\\n\n role=\"img\"\\n\n aria-label=\"SiteSphere\"\\n\n>\\n\n <path fill=\"var(--accent-color, #6c5ce7)\" d=\"M44.5 28.75L28.75 37.25L28.75 38.75L63.25 58.5L66.5 60.75L65.75 62.5L43.75 74.25L9.75 54.25L7.75 53.25L6 54L6.25 72L43.75 93.5L46 93.25L82.5 71.75L82 50Z\"></path>\\n\n <path fill=\"var(--accent-color, #6c5ce7)\" d=\"M43.25 6L6.25 27.75L6.25 49L41 69.25L46.25 69.75L60.25 61.5L56.25 58L22 39L22 37.75L45 25.25L82 46.25L82.5 27.75L60.5 14L45.5 6Z\"></path>\\n\n</svg>\\n\n <span class=\"self-center text-xl text-heading font-semibold whitespace-nowrap\">SiteSphere</span>\\n\n </a>\\n\n </div>\\n\n\\n\n\\n\n <div class=\"items-center justify-between w-full md:flex md:w-auto md:order-1\" id=\"navbar-sticky\">\\n\n <ul class=\"flex p-4 md:p-0 mt-4 md:space-x-8 rtl:space-x-reverse md:mt-0 \">\\n\n <li>\\n\n <a href=\"http://127.0.0.1:8000/home\" class=\"desktop-link active\" aria-current=\"page\" >\\n\n <div class=\"md:flex gap-2\">\\n\n <svg class=\"icon\" fill=\"currentColor\" xmlns=\"http://www.w3.org/2000/svg\" viewBox=\"0 0 512 512\"><!--! Font Awesome Free 7.2.0 by @fontawesome - https://fontawesome.com License - https://fontawesome.com/license/free (Icons: CC BY 4.0, Fonts: SIL OFL 1.1, Code: MIT License) Copyright 2026 Fonticons, Inc. --><path fill=\"currentColor\" d=\"M277.8 8.6c-12.3-11.4-31.3-11.4-43.5 0l-224 208c-9.6 9-12.8 22.9-8 35.1S18.8 272 32 272l16 0 0 176c0 35.3 28.7 64 64 64l288 0c35.3 0 64-28.7 64-64l0-176 16 0c13.2 0 25-8.1 29.8-20.3s1.6-26.2-8-35.1l-224-208zM240 320l32 0c26.5 0 48 21.5 48 48l0 96-128 0 0-96c0-26.5 21.5-48 48-48z\"/></svg> <span>Home</span>\\n\n </div>\\n\n</a>\\n\n\\n\n </li>\\n\n <li>\\n\n <button data-dropdown-toggle=\"mega-menu-icons-dropdown\" class=\"desktop-link\">\\n\n <svg class=\"icon\" fill=\"currentColor\" xmlns=\"http://www.w3.org/2000/svg\" viewBox=\"0 0 512 512\"><!--! Font Awesome Free 7.2.0 by @fontawesome - https://fontawesome.com License - https://fontawesome.com/license/free (Icons: CC BY 4.0, Fonts: SIL OFL 1.1, Code: MIT License) Copyright 2026 Fonticons, Inc. --><path fill=\"currentColor\" d=\"M232.5 5.2c14.9-6.9 32.1-6.9 47 0l218.6 101c8.5 3.9 13.9 12.4 13.9 21.8s-5.4 17.9-13.9 21.8l-218.6 101c-14.9 6.9-32.1 6.9-47 0L13.9 149.8C5.4 145.8 0 137.3 0 128s5.4-17.9 13.9-21.8L232.5 5.2zM48.1 218.4l164.3 75.9c27.7 12.8 59.6 12.8 87.3 0l164.3-75.9 34.1 15.8c8.5 3.9 13.9 12.4 13.9 21.8s-5.4 17.9-13.9 21.8l-218.6 101c-14.9 6.9-32.1 6.9-47 0L13.9 277.8C5.4 273.8 0 265.3 0 256s5.4-17.9 13.9-21.8l34.1-15.8zM13.9 362.2l34.1-15.8 164.3 75.9c27.7 12.8 59.6 12.8 87.3 0l164.3-75.9 34.1 15.8c8.5 3.9 13.9 12.4 13.9 21.8s-5.4 17.9-13.9 21.8l-218.6 101c-14.9 6.9-32.1 6.9-47 0L13.9 405.8C5.4 401.8 0 393.3 0 384s5.4-17.9 13.9-21.8z\"/></svg> <span>Categories</span>\\n\n <svg class=\"w-4 h-4 ms-1.5 -me-0.5\" aria-hidden=\"true\" xmlns=\"http://www.w3.org/2000/svg\" width=\"24\" height=\"24\" fill=\"none\" viewBox=\"0 0 24 24\"><path stroke=\"currentColor\" stroke-linecap=\"round\" stroke-linejoin=\"round\" stroke-width=\"2\" d=\"m19 9-7 7-7-7\"/></svg>\\n\n</button>\\n\n\\n\n<div\\n\n id=\"mega-menu-icons-dropdown\"\\n\n class=\"category-menu-dropdown absolute z-10 hidden text-sm rounded-xl shadow-md\"\\n\n>\\n\n <div class=\"category-menu-panel p-4 text-heading md:pb-4\">\\n\n <p class=\"text-body\">No categories available.</p>\\n\n </div>\\n\n</div>\\n\n\\n\n </li>\\n\n </ul>\\n\n </div>\\n\n\\n\n \\n\n <div class=\"flex md:order-2 space-x-3 md:space-x-3 rtl:space-x-reverse \">\\n\n <ul class=\"flex items-center justify-center p-4 md:p-0 mt-4 md:space-x-4 rtl:space-x-reverse md:mt-0 \">\\n\n <li>\\n\n <button\\n\n id=\"notificationDropdownButton\"\\n\n type=\"button\"\\n\n data-dropdown-toggle=\"notificationDropdown\"\\n\n class=\"noti-button\"\\n\n aria-label=\"1 unread notifications\"\\n\n style=\"font-family: var(--font-family);\"\\n\n>\\n\n <svg class=\"icon\" fill=\"currentColor\" xmlns=\"http://www.w3.org/2000/svg\" viewBox=\"0 0 448 512\"><!--! Font Awesome Free 7.2.0 by @fontawesome - https://fontawesome.com License - https://fontawesome.com/license/free (Icons: CC BY 4.0, Fonts: SIL OFL 1.1, Code: MIT License) Copyright 2026 Fonticons, Inc. --><path fill=\"currentColor\" d=\"M224 0c-13.3 0-24 10.7-24 24l0 9.7C118.6 45.3 56 115.4 56 200l0 14.5c0 37.7-10 74.7-29 107.3L5.1 359.2C1.8 365 0 371.5 0 378.2 0 399.1 16.9 416 37.8 416l372.4 0c20.9 0 37.8-16.9 37.8-37.8 0-6.7-1.8-13.3-5.1-19L421 321.7c-19-32.6-29-69.6-29-107.3l0-14.5c0-84.6-62.6-154.7-144-166.3l0-9.7c0-13.3-10.7-24-24-24zM392.4 368l-336.9 0 12.9-22.1C91.7 306 104 260.6 104 214.5l0-14.5c0-66.3 53.7-120 120-120s120 53.7 120 120l0 14.5c0 46.2 12.3 91.5 35.5 131.4L392.4 368zM156.1 464c9.9 28 36.6 48 67.9 48s58-20 67.9-48l-135.8 0z\"/></svg> <span class=\"noti-badge\">1</span>\\n\n </button>\\n\n<div id=\"notificationDropdown\" class=\"noti-dropdown hidden\" aria-labelledby=\"notificationDropdownButton\" style=\"font-family: var(--font-family); color: var(--text-color); background-color: var(--background-color);\">\\n\n <div class=\"noti-dropdown-header\" style=\"font-family: var(--font-family); color: var(--text-color);\">Notifications</div>\\n\n\\n\n <div class=\"noti-list\" style=\"font-family: var(--font-family);\">\\n\n <form method=\"POST\" action=\"http://127.0.0.1:8000/notifications/1/open\" class=\"noti-form\">\\n\n <input type=\"hidden\" name=\"_token\" value=\"kW0EQDnNALnMjs76OAiWY2LCYg2gXtVYsRGECzr3\" autocomplete=\"off\"> <button type=\"submit\" class=\"noti-item noti-item-action\" style=\"font-family: var(--font-family);\">\\n\n <span class=\"noti-message\" style=\"color: var(--text-color);\">Fresh unread notification</span>\\n\n <span class=\"noti-time\">0 seconds ago</span>\\n\n </button>\\n\n </form>\\n\n </div>\\n\n </div>\\n\n\\n\n </li>\\n\n <li>\\n\n <div class=\"desktop-action\">\\n\n <button\\n\n type=\"button\"\\n\n class=\"account-button\"\\n\n id=\"desktopAccountMenuButton\"\\n\n data-dropdown-toggle=\"desktopAccountMenu\"\\n\n data-dropdown-placement=\"bottom-end\"\\n\n aria-label=\"Account menu\"\\n\n aria-expanded=\"false\"\\n\n >\\n\n <svg class=\"icon\" fill=\"currentColor\" xmlns=\"http://www.w3.org/2000/svg\" viewBox=\"0 0 448 512\"><!--! Font Awesome Free 7.2.0 by @fontawesome - https://fontawesome.com License - https://fontawesome.com/license/free (Icons: CC BY 4.0, Fonts: SIL OFL 1.1, Code: MIT License) Copyright 2026 Fonticons, Inc. --><path fill=\"currentColor\" d=\"M144 128a80 80 0 1 1 160 0 80 80 0 1 1 -160 0zm208 0a128 128 0 1 0 -256 0 128 128 0 1 0 256 0zM48 480c0-70.7 57.3-128 128-128l96 0c70.7 0 128 57.3 128 128l0 8c0 13.3 10.7 24 24 24s24-10.7 24-24l0-8c0-97.2-78.8-176-176-176l-96 0C78.8 304 0 382.8 0 480l0 8c0 13.3 10.7 24 24 24s24-10.7 24-24l0-8z\"/></svg> <span class=\"account-text\">\\n\n <span class=\"verified-label\">\\n\n Verified <svg style=\"color: var(--accent-color);\" class=\"inline-block size-3\" fill=\"currentColor\" xmlns=\"http://www.w3.org/2000/svg\" viewBox=\"0 0 512 512\"><!--! Font Awesome Free 7.2.0 by @fontawesome - https://fontawesome.com License - https://fontawesome.com/license/free (Icons: CC BY 4.0, Fonts: SIL OFL 1.1, Code: MIT License) Copyright 2026 Fonticons, Inc. --><path fill=\"currentColor\" d=\"M256 512a256 256 0 1 1 0-512 256 256 0 1 1 0 512zM374 145.7c-10.7-7.8-25.7-5.4-33.5 5.3L221.1 315.2 169 263.1c-9.4-9.4-24.6-9.4-33.9 0s-9.4 24.6 0 33.9l72 72c5 5 11.8 7.5 18.8 7s13.4-4.1 17.5-9.8L379.3 179.2c7.8-10.7 5.4-25.7-5.3-33.5z\"/></svg> </span>\\n\n <span class=\"account-name\">Creola Hermiston</span>\\n\n </span>\\n\n </button>\\n\n\\n\n <div id=\"desktopAccountMenu\" class=\"account-menu-dropdown hidden\" aria-labelledby=\"desktopAccountMenuButton\">\\n\n <ul class=\"account-menu-list\">\\n\n <li>\\n\n <a\\n\n href=\"http://127.0.0.1:8000/profile\"\\n\n class=\"account-menu-link\"\\n\n >View Profile</a>\\n\n </li>\\n\n <li>\\n\n <a\\n\n href=\"http://127.0.0.1:8000/menu/saved-post\"\\n\n class=\"account-menu-link\"\\n\n >Saved Post</a>\\n\n </li>\\n\n </ul>\\n\n\\n\n \\n\n <div class=\"account-menu-section\">\\n\n <p class=\"account-menu-heading\">Setting</p>\\n\n <ul class=\"account-menu-list\">\\n\n <li>\\n\n <a\\n\n href=\"http://127.0.0.1:8000/menu/edit-profile\"\\n\n class=\"account-menu-link\"\\n\n >Edit Profile</a>\\n\n </li>\\n\n <li>\\n\n <a\\n\n href=\"http://127.0.0.1:8000/menu/appearance\"\\n\n class=\"account-menu-link\"\\n\n >Appearance</a>\\n\n </li>\\n\n <li>\\n\n <a\\n\n href=\"http://127.0.0.1:8000/menu/edit-tag\"\\n\n class=\"account-menu-link\"\\n\n >Edit Tag</a>\\n\n </li>\\n\n <li>\\n\n <a\\n\n href=\"http://127.0.0.1:8000/menu/security\"\\n\n class=\"account-menu-link\"\\n\n >Security</a>\\n\n </li>\\n\n </ul>\\n\n </div>\\n\n\\n\n <form method=\"POST\" action=\"http://127.0.0.1:8000/logout\" class=\"account-menu-logout\">\\n\n <input type=\"hidden\" name=\"_token\" value=\"kW0EQDnNALnMjs76OAiWY2LCYg2gXtVYsRGECzr3\" autocomplete=\"off\"> <button type=\"submit\" class=\"account-menu-link account-menu-action\">Logout</button>\\n\n </form>\\n\n </div>\\n\n</div>\\n\n\\n\n </li>\\n\n </ul>\\n\n </div>\\n\n </div>\\n\n\\n\n\\n\n</nav>\\n\n\\n\n\\n\n <div class=\"home-page page-layout\" \\n\n x-data=\"homeController()\" \\n\n style=\"font-family: var(--font-family); background-color: var(--background-color); color: var(--text-color);\">\\n\n \\n\n <button class=\"menu-icon\" id=\"sidebarToggle\" type=\"button\" aria-controls=\"sidebar\" aria-expanded=\"false\" aria-label=\"Open sidebar\">\\n\n <svg aria-hidden=\"true\" fill=\"currentColor\" xmlns=\"http://www.w3.org/2000/svg\" viewBox=\"0 0 448 512\"><!--! Font Awesome Free 7.2.0 by @fontawesome - https://fontawesome.com License - https://fontawesome.com/license/free (Icons: CC BY 4.0, Fonts: SIL OFL 1.1, Code: MIT License) Copyright 2026 Fonticons, Inc. --><path fill=\"currentColor\" d=\"M0 96C0 78.3 14.3 64 32 64l384 0c17.7 0 32 14.3 32 32s-14.3 32-32 32L32 128C14.3 128 0 113.7 0 96zM0 256c0-17.7 14.3-32 32-32l384 0c17.7 0 32 14.3 32 32s-14.3 32-32 32L32 288c-17.7 0-32-14.3-32-32zM448 416c0 17.7-14.3 32-32 32L32 448c-17.7 0-32-14.3-32-32s14.3-32 32-32l384 0c17.7 0 32 14.3 32 32z\"/></svg></button>\\n\n\\n\n<aside\\n\n id=\"sidebar\"\\n\n data-menu-bar-location=\"left\"\\n\n data-dropdown-aside=\"false\"\\n\n class=\"sidebar home-aside home-aside--left\"\\n\n>\\n\n <div class=\"sidebar-header\">\\n\n <h2>Filters</h2>\\n\n <p>Refine websites by rating, category, and tags.</p>\\n\n </div>\\n\n\\n\n <div class=\"sidebar-section home-aside-dropdown\">\\n\n <div class=\"section-header\" id=\"ratingHeader\">\\n\n <div class=\"section-left\">\\n\n <svg aria-hidden=\"true\" class=\"section-icon\" fill=\"currentColor\" xmlns=\"http://www.w3.org/2000/svg\" viewBox=\"0 0 576 512\"><!--! Font Awesome Free 7.2.0 by @fontawesome - https://fontawesome.com License - https://fontawesome.com/license/free (Icons: CC BY 4.0, Fonts: SIL OFL 1.1, Code: MIT License) Copyright 2026 Fonticons, Inc. --><path fill=\"currentColor\" d=\"M309.5-18.9c-4.1-8-12.4-13.1-21.4-13.1s-17.3 5.1-21.4 13.1L193.1 125.3 33.2 150.7c-8.9 1.4-16.3 7.7-19.1 16.3s-.5 18 5.8 24.4l114.4 114.5-25.2 159.9c-1.4 8.9 2.3 17.9 9.6 23.2s16.9 6.1 25 2L288.1 417.6 432.4 491c8 4.1 17.7 3.3 25-2s11-14.2 9.6-23.2L441.7 305.9 556.1 191.4c6.4-6.4 8.6-15.8 5.8-24.4s-10.1-14.9-19.1-16.3L383 125.3 309.5-18.9z\"/></svg> <h3>Rating</h3>\\n\n </div>\\n\n <svg aria-hidden=\"true\" class=\"arrow-icon\" fill=\"currentColor\" xmlns=\"http://www.w3.org/2000/svg\" viewBox=\"0 0 448 512\"><!--! Font Awesome Free 7.2.0 by @fontawesome - https://fontawesome.com License - https://fontawesome.com/license/free (Icons: CC BY 4.0, Fonts: SIL OFL 1.1, Code: MIT License) Copyright 2026 Fonticons, Inc. --><path fill=\"currentColor\" d=\"M201.4 406.6c12.5 12.5 32.8 12.5 45.3 0l192-192c12.5-12.5 12.5-32.8 0-45.3s-32.8-12.5-45.3 0L224 338.7 54.6 169.4c-12.5-12.5-32.8-12.5-45.3 0s-12.5 32.8 0 45.3l192 192z\"/></svg> </div>\\n\n\\n\n <div class=\"section-content\" id=\"ratingContent\">\\n\n <div class=\"rating-options\">\\n\n <label class=\"rating-check\"><input type=\"checkbox\" value=\"all\" :checked=\"filters.rating.length === 0\" @change=\"clearFilters()\"><span>All</span></label>\\n\n <label class=\"rating-check\">\\n\n <input type=\"checkbox\" value=\"5\" \\n\n :checked=\"filters.rating.includes('5')\"\\n\n @change=\"toggleFilter('rating', '5')\">\\n\n <span>5+ Rating</span>\\n\n </label>\\n\n <label class=\"rating-check\">\\n\n <input type=\"checkbox\" value=\"4\" \\n\n :checked=\"filters.rating.includes('4')\"\\n\n @change=\"toggleFilter('rating', '4')\">\\n\n <span>4+ Rating</span>\\n\n </label>\\n\n <label class=\"rating-check\">\\n\n <input type=\"checkbox\" value=\"3\" \\n\n :checked=\"filters.rating.includes('3')\"\\n\n @change=\"toggleFilter('rating', '3')\">\\n\n <span>3+ Rating</span>\\n\n </label>\\n\n <label class=\"rating-check\">\\n\n <input type=\"checkbox\" value=\"2\" \\n\n :checked=\"filters.rating.includes('2')\"\\n\n @change=\"toggleFilter('rating', '2')\">\\n\n <span>2+ Rating</span>\\n\n </label>\\n\n <label class=\"rating-check\">\\n\n <input type=\"checkbox\" value=\"1\" \\n\n :checked=\"filters.rating.includes('1')\"\\n\n @change=\"toggleFilter('rating', '1')\">\\n\n <span>1+ Rating</span>\\n\n </label>\\n\n </div>\\n\n </div>\\n\n </div>\\n\n\\n\n <div class=\"sidebar-section home-aside-dropdown\">\\n\n <div class=\"section-header\" id=\"categoryHeader\">\\n\n <div class=\"section-left\">\\n\n <svg aria-hidden=\"true\" class=\"section-icon\" fill=\"currentColor\" xmlns=\"http://www.w3.org/2000/svg\" viewBox=\"0 0 512 512\"><!--! Font Awesome Free 7.2.0 by @fontawesome - https://fontawesome.com License - https://fontawesome.com/license/free (Icons: CC BY 4.0, Fonts: SIL OFL 1.1, Code: MIT License) Copyright 2026 Fonticons, Inc. --><path fill=\"currentColor\" d=\"M232.5 5.2c14.9-6.9 32.1-6.9 47 0l218.6 101c8.5 3.9 13.9 12.4 13.9 21.8s-5.4 17.9-13.9 21.8l-218.6 101c-14.9 6.9-32.1 6.9-47 0L13.9 149.8C5.4 145.8 0 137.3 0 128s5.4-17.9 13.9-21.8L232.5 5.2zM48.1 218.4l164.3 75.9c27.7 12.8 59.6 12.8 87.3 0l164.3-75.9 34.1 15.8c8.5 3.9 13.9 12.4 13.9 21.8s-5.4 17.9-13.9 21.8l-218.6 101c-14.9 6.9-32.1 6.9-47 0L13.9 277.8C5.4 273.8 0 265.3 0 256s5.4-17.9 13.9-21.8l34.1-15.8zM13.9 362.2l34.1-15.8 164.3 75.9c27.7 12.8 59.6 12.8 87.3 0l164.3-75.9 34.1 15.8c8.5 3.9 13.9 12.4 13.9 21.8s-5.4 17.9-13.9 21.8l-218.6 101c-14.9 6.9-32.1 6.9-47 0L13.9 405.8C5.4 401.8 0 393.3 0 384s5.4-17.9 13.9-21.8z\"/></svg> <h3>Categories</h3>\\n\n </div>\\n\n <svg aria-hidden=\"true\" class=\"arrow-icon\" fill=\"currentColor\" xmlns=\"http://www.w3.org/2000/svg\" viewBox=\"0 0 448 512\"><!--! Font Awesome Free 7.2.0 by @fontawesome - https://fontawesome.com License - https://fontawesome.com/license/free (Icons: CC BY 4.0, Fonts: SIL OFL 1.1, Code: MIT License) Copyright 2026 Fonticons, Inc. --><path fill=\"currentColor\" d=\"M201.4 406.6c12.5 12.5 32.8 12.5 45.3 0l192-192c12.5-12.5 12.5-32.8 0-45.3s-32.8-12.5-45.3 0L224 338.7 54.6 169.4c-12.5-12.5-32.8-12.5-45.3 0s-12.5 32.8 0 45.3l192 192z\"/></svg> </div>\\n\n\\n\n <div class=\"section-content\" id=\"categoryContent\">\\n\n <div class=\"category-search-box\">\\n\n <svg aria-hidden=\"true\" class=\"search-icon\" fill=\"currentColor\" xmlns=\"http://www.w3.org/2000/svg\" viewBox=\"0 0 512 512\"><!--! Font Awesome Free 7.2.0 by @fontawesome - https://fontawesome.com License - https://fontawesome.com/license/free (Icons: CC BY 4.0, Fonts: SIL OFL 1.1, Code: MIT License) Copyright 2026 Fonticons, Inc. --><path fill=\"currentColor\" d=\"M416 208c0 45.9-14.9 88.3-40 122.7L502.6 457.4c12.5 12.5 12.5 32.8 0 45.3s-32.8 12.5-45.3 0L330.7 376C296.3 401.1 253.9 416 208 416 93.1 416 0 322.9 0 208S93.1 0 208 0 416 93.1 416 208zM208 352a144 144 0 1 0 0-288 144 144 0 1 0 0 288z\"/></svg> <input type=\"text\" id=\"categorySearch\" placeholder=\"Search categories..\" x-model=\"search.category\">\\n\n </div>\\n\n\\n\n <div class=\"category-list-container\">\\n\n <label class=\"category-check\" data-filter-component=\"category\">\\n\n <input type=\"checkbox\" value=\"All\" :checked=\"filters.category.length === 0\" @change=\"clearFilters()\">\\n\n <span>All</span>\\n\n </label>\\n\n\\n\n </div>\\n\n\\n\n </div>\\n\n </div>\\n\n\\n\n <div class=\"sidebar-section home-aside-dropdown\">\\n\n <div class=\"section-header\" id=\"tagsHeader\">\\n\n <div class=\"section-left\">\\n\n <svg aria-hidden=\"true\" class=\"section-icon\" fill=\"currentColor\" xmlns=\"http://www.w3.org/2000/svg\" viewBox=\"0 0 576 512\"><!--! Font Awesome Free 7.2.0 by @fontawesome - https://fontawesome.com License - https://fontawesome.com/license/free (Icons: CC BY 4.0, Fonts: SIL OFL 1.1, Code: MIT License) Copyright 2026 Fonticons, Inc. --><path fill=\"currentColor\" d=\"M401.2 39.1L549.4 189.4c27.7 28.1 27.7 73.1 0 101.2L393 448.9c-9.3 9.4-24.5 9.5-33.9 .2s-9.5-24.5-.2-33.9L515.3 256.8c9.2-9.3 9.2-24.4 0-33.7L367 72.9c-9.3-9.4-9.2-24.6 .2-33.9s24.6-9.2 33.9 .2zM32.1 229.5L32.1 96c0-35.3 28.7-64 64-64l133.5 0c17 0 33.3 6.7 45.3 18.7l144 144c25 25 25 65.5 0 90.5L285.4 418.7c-25 25-65.5 25-90.5 0l-144-144c-12-12-18.7-28.3-18.7-45.3zm144-85.5a32 32 0 1 0 -64 0 32 32 0 1 0 64 0z\"/></svg> <h3>Tags</h3>\\n\n </div>\\n\n <svg aria-hidden=\"true\" class=\"arrow-icon\" fill=\"currentColor\" xmlns=\"http://www.w3.org/2000/svg\" viewBox=\"0 0 448 512\"><!--! Font Awesome Free 7.2.0 by @fontawesome - https://fontawesome.com License - https://fontawesome.com/license/free (Icons: CC BY 4.0, Fonts: SIL OFL 1.1, Code: MIT License) Copyright 2026 Fonticons, Inc. --><path fill=\"currentColor\" d=\"M201.4 406.6c12.5 12.5 32.8 12.5 45.3 0l192-192c12.5-12.5 12.5-32.8 0-45.3s-32.8-12.5-45.3 0L224 338.7 54.6 169.4c-12.5-12.5-32.8-12.5-45.3 0s-12.5 32.8 0 45.3l192 192z\"/></svg> </div>\\n\n\\n\n <div class=\"section-content\" id=\"tagsContent\">\\n\n <div class=\"tag-tools\">\\n\n <div class=\"tag-search-box\">\\n\n <svg aria-hidden=\"true\" class=\"search-icon\" fill=\"currentColor\" xmlns=\"http://www.w3.org/2000/svg\" viewBox=\"0 0 512 512\"><!--! Font Awesome Free 7.2.0 by @fontawesome - https://fontawesome.com License - https://fontawesome.com/license/free (Icons: CC BY 4.0, Fonts: SIL OFL 1.1, Code: MIT License) Copyright 2026 Fonticons, Inc. --><path fill=\"currentColor\" d=\"M416 208c0 45.9-14.9 88.3-40 122.7L502.6 457.4c12.5 12.5 12.5 32.8 0 45.3s-32.8 12.5-45.3 0L330.7 376C296.3 401.1 253.9 416 208 416 93.1 416 0 322.9 0 208S93.1 0 208 0 416 93.1 416 208zM208 352a144 144 0 1 0 0-288 144 144 0 1 0 0 288z\"/></svg> <input type=\"text\" id=\"tagSearch\" placeholder=\"Search tags..\" x-model=\"search.tag\">\\n\n </div>\\n\n </div>\\n\n\\n\n <div class=\"tags-container\" id=\"tagsContainer\">\\n\n <template x-for=\"tag in visibleTags\" :key=\"tag\">\\n\n <label class=\"tag-check\">\\n\n <input type=\"checkbox\" \\n\n :value=\"tag\"\\n\n :checked=\"filters.tags.includes(tag)\"\\n\n @change=\"toggleFilter('tags', tag)\">\\n\n <span x-text=\"tag\"></span>\\n\n </label>\\n\n </template>\\n\n </div>\\n\n \\n\n <button class=\"show-tags-btn\" id=\"showTagsBtn\" type=\"button\" \\n\n x-show=\"filteredTags.length > 10\"\\n\n @click=\"search.showMoreTags = !search.showMoreTags\"\\n\n x-text=\"search.showMoreTags ? 'Show Less Tags' : 'Show More Tags'\">\\n\n Show More Tags\\n\n </button>\\n\n </div>\\n\n </div>\\n\n</aside>\\n\n\\n\n <main class=\"main-content\">\\n\n <section class=\"content-intro\" aria-labelledby=\"contentTitle\">\\n\n <div>\\n\n <h1 id=\"contentTitle\">Discover Useful Websites</h1>\\n\n <p>Browse reviewed websites and narrow your results with simple, clear filters.</p>\\n\n </div>\\n\n </section>\\n\n\\n\n <div class=\"results-toolbar\">\\n\n <p><strong id=\"resultsCount\" x-text=\"totalResults\">0</strong> websites found</p>\\n\n <label class=\"sort-control\" for=\"sortSelect\">\\n\n <select id=\"sortSelect\" x-model=\"filters.sort\" @change=\"updateResults()\" aria-label=\"Sort websites\">\\n\n <option value=\"best\">Best match</option>\\n\n <option value=\"rating\">Highest rating</option>\\n\n <option value=\"newest\">Newest</option>\\n\n </select>\\n\n </label>\\n\n </div>\\n\n\\n\n <header class=\"hero\">\\n\n <div class=\"active-filters-wrapper\" :class=\"{'has-filters': hasActiveFilters()}\">\\n\n <div class=\"active-filters-heading\">\\n\n <div class=\"active-filters-title\">\\n\n <span>Selected Filters</span>\\n\n </div>\\n\n\\n\n <button class=\"clear-all-filters\" id=\"clearAllFilters\" type=\"button\" @click=\"clearFilters()\">Clear All Filters</button>\\n\n </div>\\n\n\\n\n <div class=\"active-filter-grid\" aria-live=\"polite\">\\n\n <div class=\"filter-section\">\\n\n <div class=\"filter-title\">\\n\n <svg aria-hidden=\"true\" class=\"filter-icon\" fill=\"currentColor\" xmlns=\"http://www.w3.org/2000/svg\" viewBox=\"0 0 576 512\"><!--! Font Awesome Free 7.2.0 by @fontawesome - https://fontawesome.com License - https://fontawesome.com/license/free (Icons: CC BY 4.0, Fonts: SIL OFL 1.1, Code: MIT License) Copyright 2026 Fonticons, Inc. --><path fill=\"currentColor\" d=\"M309.5-18.9c-4.1-8-12.4-13.1-21.4-13.1s-17.3 5.1-21.4 13.1L193.1 125.3 33.2 150.7c-8.9 1.4-16.3 7.7-19.1 16.3s-.5 18 5.8 24.4l114.4 114.5-25.2 159.9c-1.4 8.9 2.3 17.9 9.6 23.2s16.9 6.1 25 2L288.1 417.6 432.4 491c8 4.1 17.7 3.3 25-2s11-14.2 9.6-23.2L441.7 305.9 556.1 191.4c6.4-6.4 8.6-15.8 5.8-24.4s-10.1-14.9-19.1-16.3L383 125.3 309.5-18.9z\"/></svg> <h3>Rating</h3>\\n\n </div>\\n\n <div class=\"filter-items\" id=\"selectedRatings\">\\n\n <template x-for=\"rating in filters.rating\" :key=\"rating\">\\n\n <div class=\"selected-box\">\\n\n <svg aria-hidden=\"true\" class=\"selected-icon\" fill=\"currentColor\" xmlns=\"http://www.w3.org/2000/svg\" viewBox=\"0 0 576 512\"><!--! Font Awesome Free 7.2.0 by @fontawesome - https://fontawesome.com License - https://fontawesome.com/license/free (Icons: CC BY 4.0, Fonts: SIL OFL 1.1, Code: MIT License) Copyright 2026 Fonticons, Inc. --><path fill=\"currentColor\" d=\"M309.5-18.9c-4.1-8-12.4-13.1-21.4-13.1s-17.3 5.1-21.4 13.1L193.1 125.3 33.2 150.7c-8.9 1.4-16.3 7.7-19.1 16.3s-.5 18 5.8 24.4l114.4 114.5-25.2 159.9c-1.4 8.9 2.3 17.9 9.6 23.2s16.9 6.1 25 2L288.1 417.6 432.4 491c8 4.1 17.7 3.3 25-2s11-14.2 9.6-23.2L441.7 305.9 556.1 191.4c6.4-6.4 8.6-15.8 5.8-24.4s-10.1-14.9-19.1-16.3L383 125.3 309.5-18.9z\"/></svg> <span class=\"selected-label\" x-text=\"rating === 'all' ? 'All' : rating + '+ Rating'\"></span>\\n\n <span class=\"remove-btn\" @click=\"toggleFilter('rating', rating)\">\u00d7</span>\\n\n </div>\\n\n </template>\\n\n <span class=\"filter-empty\" x-show=\"filters.rating.length === 0\">No rating selected</span>\\n\n </div>\\n\n </div>\\n\n\\n\n <div class=\"filter-section\">\\n\n <div class=\"filter-title\">\\n\n <svg aria-hidden=\"true\" class=\"filter-icon\" fill=\"currentColor\" xmlns=\"http://www.w3.org/2000/svg\" viewBox=\"0 0 512 512\"><!--! Font Awesome Free 7.2.0 by @fontawesome - https://fontawesome.com License - https://fontawesome.com/license/free (Icons: CC BY 4.0, Fonts: SIL OFL 1.1, Code: MIT License) Copyright 2026 Fonticons, Inc. --><path fill=\"currentColor\" d=\"M232.5 5.2c14.9-6.9 32.1-6.9 47 0l218.6 101c8.5 3.9 13.9 12.4 13.9 21.8s-5.4 17.9-13.9 21.8l-218.6 101c-14.9 6.9-32.1 6.9-47 0L13.9 149.8C5.4 145.8 0 137.3 0 128s5.4-17.9 13.9-21.8L232.5 5.2zM48.1 218.4l164.3 75.9c27.7 12.8 59.6 12.8 87.3 0l164.3-75.9 34.1 15.8c8.5 3.9 13.9 12.4 13.9 21.8s-5.4 17.9-13.9 21.8l-218.6 101c-14.9 6.9-32.1 6.9-47 0L13.9 277.8C5.4 273.8 0 265.3 0 256s5.4-17.9 13.9-21.8l34.1-15.8zM13.9 362.2l34.1-15.8 164.3 75.9c27.7 12.8 59.6 12.8 87.3 0l164.3-75.9 34.1 15.8c8.5 3.9 13.9 12.4 13.9 21.8s-5.4 17.9-13.9 21.8l-218.6 101c-14.9 6.9-32.1 6.9-47 0L13.9 405.8C5.4 401.8 0 393.3 0 384s5.4-17.9 13.9-21.8z\"/></svg> <h3>Categories</h3>\\n\n </div>\\n\n <div class=\"filter-items\" id=\"selectedCategories\">\\n\n <template x-for=\"category in filters.category\" :key=\"category\">\\n\n <div class=\"selected-box\">\\n\n <span class=\"selected-label\" x-text=\"getCategoryLabel(category)\"></span>\\n\n <span class=\"remove-btn\" @click=\"toggleFilter('category', category)\">\u00d7</span>\\n\n </div>\\n\n </template>\\n\n <span class=\"filter-empty\" x-show=\"filters.category.length === 0\">No category selected</span>\\n\n </div>\\n\n </div>\\n\n\\n\n <div class=\"filter-section\">\\n\n <div class=\"filter-title\">\\n\n <svg aria-hidden=\"true\" class=\"filter-icon\" fill=\"currentColor\" xmlns=\"http://www.w3.org/2000/svg\" viewBox=\"0 0 576 512\"><!--! Font Awesome Free 7.2.0 by @fontawesome - https://fontawesome.com License - https://fontawesome.com/license/free (Icons: CC BY 4.0, Fonts: SIL OFL 1.1, Code: MIT License) Copyright 2026 Fonticons, Inc. --><path fill=\"currentColor\" d=\"M401.2 39.1L549.4 189.4c27.7 28.1 27.7 73.1 0 101.2L393 448.9c-9.3 9.4-24.5 9.5-33.9 .2s-9.5-24.5-.2-33.9L515.3 256.8c9.2-9.3 9.2-24.4 0-33.7L367 72.9c-9.3-9.4-9.2-24.6 .2-33.9s24.6-9.2 33.9 .2zM32.1 229.5L32.1 96c0-35.3 28.7-64 64-64l133.5 0c17 0 33.3 6.7 45.3 18.7l144 144c25 25 25 65.5 0 90.5L285.4 418.7c-25 25-65.5 25-90.5 0l-144-144c-12-12-18.7-28.3-18.7-45.3zm144-85.5a32 32 0 1 0 -64 0 32 32 0 1 0 64 0z\"/></svg> <h3>Tags</h3>\\n\n </div>\\n\n <div class=\"filter-items\" id=\"selectedTags\">\\n\n <template x-for=\"tag in filters.tags\" :key=\"tag\">\\n\n <div class=\"selected-box\">\\n\n <span class=\"selected-label\" x-text=\"tag\"></span>\\n\n <span class=\"remove-btn\" @click=\"toggleFilter('tags', tag)\">\u00d7</span>\\n\n </div>\\n\n </template>\\n\n <span class=\"filter-empty\" x-show=\"filters.tags.length === 0\">No tag selected</span>\\n\n </div>\\n\n </div>\\n\n </div>\\n\n </div>\\n\n </header>\\n\n\\n\n <section class=\"reviews-grid\" id=\"reviewsGrid\" x-ref=\"postsGrid\">\\n\n </section>\\n\n\\n\n <section class=\"reviews-grid\" style=\"margin-top: 20px;\" x-show=\"isLoading && page === 1\" x-cloak>\\n\n <div class=\"review-card skeleton\" style=\"height: 380px;\">\\n\n <div style=\"padding: 24px; display: flex; flex-direction: column; gap: 16px; height: 100%;\">\\n\n <div class=\"card-topline\" style=\"margin-bottom: 0;\">\\n\n <div class=\"site-icon\" style=\"background: rgba(148, 163, 184, 0.12); border: none;\"></div>\\n\n <div class=\"rating-badge\" style=\"background: rgba(148, 163, 184, 0.12); border: none; width: 60px;\"></div>\\n\n </div>\\n\n \\n\n <div style=\"height: 24px; background: rgba(148, 163, 184, 0.12); border-radius: 4px; width: 80%;\"></div>\\n\n \\n\n <div style=\"display: flex; flex-direction: column; gap: 8px;\">\\n\n <div style=\"height: 14px; background: rgba(148, 163, 184, 0.12); border-radius: 4px; width: 100%;\"></div>\\n\n <div style=\"height: 14px; background: rgba(148, 163, 184, 0.12); border-radius: 4px; width: 90%;\"></div>\\n\n <div style=\"height: 14px; background: rgba(148, 163, 184, 0.12); border-radius: 4px; width: 95%;\"></div>\\n\n </div>\\n\n\\n\n <div class=\"card-tags\" style=\"margin-top: auto; padding-top: 16px; display: flex; gap: 8px;\">\\n\n <div style=\"height: 26px; width: 70px; background: rgba(148, 163, 184, 0.12); border-radius: 999px;\"></div>\\n\n <div style=\"height: 26px; width: 85px; background: rgba(148, 163, 184, 0.12); border-radius: 999px;\"></div>\\n\n <div style=\"height: 26px; width: 60px; background: rgba(148, 163, 184, 0.12); border-radius: 999px;\"></div>\\n\n </div>\\n\n </div>\\n\n </div>\\n\n <div class=\"review-card skeleton\" style=\"height: 380px;\">\\n\n <div style=\"padding: 24px; display: flex; flex-direction: column; gap: 16px; height: 100%;\">\\n\n <div class=\"card-topline\" style=\"margin-bottom: 0;\">\\n\n <div class=\"site-icon\" style=\"background: rgba(148, 163, 184, 0.12); border: none;\"></div>\\n\n <div class=\"rating-badge\" style=\"background: rgba(148, 163, 184, 0.12); border: none; width: 60px;\"></div>\\n\n </div>\\n\n \\n\n <div style=\"height: 24px; background: rgba(148, 163, 184, 0.12); border-radius: 4px; width: 80%;\"></div>\\n\n \\n\n <div style=\"display: flex; flex-direction: column; gap: 8px;\">\\n\n <div style=\"height: 14px; background: rgba(148, 163, 184, 0.12); border-radius: 4px; width: 100%;\"></div>\\n\n <div style=\"height: 14px; background: rgba(148, 163, 184, 0.12); border-radius: 4px; width: 90%;\"></div>\\n\n <div style=\"height: 14px; background: rgba(148, 163, 184, 0.12); border-radius: 4px; width: 95%;\"></div>\\n\n </div>\\n\n\\n\n <div class=\"card-tags\" style=\"margin-top: auto; padding-top: 16px; display: flex; gap: 8px;\">\\n\n <div style=\"height: 26px; width: 70px; background: rgba(148, 163, 184, 0.12); border-radius: 999px;\"></div>\\n\n <div style=\"height: 26px; width: 85px; background: rgba(148, 163, 184, 0.12); border-radius: 999px;\"></div>\\n\n <div style=\"height: 26px; width: 60px; background: rgba(148, 163, 184, 0.12); border-radius: 999px;\"></div>\\n\n </div>\\n\n </div>\\n\n </div>\\n\n <div class=\"review-card skeleton\" style=\"height: 380px;\">\\n\n <div style=\"padding: 24px; display: flex; flex-direction: column; gap: 16px; height: 100%;\">\\n\n <div class=\"card-topline\" style=\"margin-bottom: 0;\">\\n\n <div class=\"site-icon\" style=\"background: rgba(148, 163, 184, 0.12); border: none;\"></div>\\n\n <div class=\"rating-badge\" style=\"background: rgba(148, 163, 184, 0.12); border: none; width: 60px;\"></div>\\n\n </div>\\n\n \\n\n <div style=\"height: 24px; background: rgba(148, 163, 184, 0.12); border-radius: 4px; width: 80%;\"></div>\\n\n \\n\n <div style=\"display: flex; flex-direction: column; gap: 8px;\">\\n\n <div style=\"height: 14px; background: rgba(148, 163, 184, 0.12); border-radius: 4px; width: 100%;\"></div>\\n\n <div style=\"height: 14px; background: rgba(148, 163, 184, 0.12); border-radius: 4px; width: 90%;\"></div>\\n\n <div style=\"height: 14px; background: rgba(148, 163, 184, 0.12); border-radius: 4px; width: 95%;\"></div>\\n\n </div>\\n\n\\n\n <div class=\"card-tags\" style=\"margin-top: auto; padding-top: 16px; display: flex; gap: 8px;\">\\n\n <div style=\"height: 26px; width: 70px; background: rgba(148, 163, 184, 0.12); border-radius: 999px;\"></div>\\n\n <div style=\"height: 26px; width: 85px; background: rgba(148, 163, 184, 0.12); border-radius: 999px;\"></div>\\n\n <div style=\"height: 26px; width: 60px; background: rgba(148, 163, 184, 0.12); border-radius: 999px;\"></div>\\n\n </div>\\n\n </div>\\n\n </div>\\n\n </section>\\n\n\\n\n <section class=\"home-empty-state\" id=\"homeEmptyState\" x-show=\"totalResults === 0\" x-cloak>\\n\n <div id=\"emptyStateSearchIcon\">\\n\n <svg aria-hidden=\"true\" class=\"home-empty-icon\" fill=\"currentColor\" xmlns=\"http://www.w3.org/2000/svg\" viewBox=\"0 0 512 512\"><!--! Font Awesome Free 7.2.0 by @fontawesome - https://fontawesome.com License - https://fontawesome.com/license/free (Icons: CC BY 4.0, Fonts: SIL OFL 1.1, Code: MIT License) Copyright 2026 Fonticons, Inc. --><path fill=\"currentColor\" d=\"M416 208c0 45.9-14.9 88.3-40 122.7L502.6 457.4c12.5 12.5 12.5 32.8 0 45.3s-32.8 12.5-45.3 0L330.7 376C296.3 401.1 253.9 416 208 416 93.1 416 0 322.9 0 208S93.1 0 208 0 416 93.1 416 208zM208 352a144 144 0 1 0 0-288 144 144 0 1 0 0 288z\"/></svg> </div>\\n\n <h2 id=\"emptyStateTitle\">No websites found</h2>\\n\n <p id=\"emptyStateText\">Try adjusting your filters to find what you're looking for.</p>\\n\n <button type=\"button\" class=\"clear-filters-btn\" id=\"emptyStateClearBtn\" @click=\"clearFilters()\">Clear All Filters</button>\\n\n </section>\\n\n\\n\n <div class=\"pagination-wrapper\" style=\"display: flex; justify-content: center; margin-top: 40px; padding-bottom: 40px;\" x-show=\"hasMore\" x-cloak>\\n\n <button \\n\n type=\"button\" \\n\n class=\"load-more-btn\" \\n\n @click=\"loadMore()\" \\n\n :disabled=\"isLoading\"\\n\n >\\n\n <template x-if=\"isLoading\">\\n\n <div class=\"spinner\"></div>\\n\n </template>\\n\n <span x-text=\"isLoading ? 'Loading..' : 'Load More Websites'\"></span>\\n\n </button>\\n\n </div>\\n\n </main>\\n\n </div>\\n\n <script>\\n\n window.homeCategoryTags = {\"all\":[]};\\n\n window.homeCategoryLabels = {\"All\":\"All\",\"all\":\"All\"};\\n\n window.homeInitialCategory = null;\\n\n\\n\n function homeController() {\\n\n return {\\n\n totalResults: 0,\\n\n hasMore: false,\\n\n page: 1,\\n\n isLoading: false,\\n\n filters: {\\n\n category: window.homeInitialCategory ? [window.homeInitialCategory] : [],\\n\n tags: [],\\n\n rating: [],\\n\n sort: 'best'\\n\n },\\n\n search: {\\n\n category: '',\\n\n tag: '',\\n\n showMoreCategories: false,\\n\n showMoreTags: false\\n\n },\\n\n\\n\n get availableTags() {\\n\n if (this.filters.category.length === 0) return window.homeCategoryTags.all;\\n\n const tags = new Set();\\n\n this.filters.category.forEach(cat => {\\n\n (window.homeCategoryTags[cat] || []).forEach(tag => tags.add(tag));\\n\n });\\n\n return Array.from(tags);\\n\n },\\n\n\\n\n get filteredTags() {\\n\n const search = this.search.tag.toLowerCase();\\n\n return this.availableTags.filter(t => t.toLowerCase().includes(search));\\n\n },\\n\n\\n\n get visibleTags() {\\n\n const tags = this.filteredTags;\\n\n if (this.search.showMoreTags) return tags;\\n\n return tags.slice(0, 10);\\n\n },\\n\n\\n\n async updateResults() {\\n\n this.page = 1;\\n\n this.isLoading = true;\\n\n this.hasMore = true;\\n\n \\n\n try {\\n\n const url = this.getFilterUrl();\\n\n const response = await fetch(url.toString(), {\\n\n headers: { 'X-Requested-With': 'XMLHttpRequest' }\\n\n });\\n\n const data = await response.json();\\n\n \\n\n this.$refs.postsGrid.innerHTML = data.html;\\n\n this.hasMore = data.hasMorePages;\\n\n this.totalResults = data.total;\\n\n } catch (error) {\\n\n console.error('Error updating results:', error);\\n\n } finally {\\n\n this.isLoading = false;\\n\n }\\n\n },\\n\n\\n\n async loadMore() {\\n\n if (this.isLoading || !this.hasMore) return;\\n\n this.isLoading = true;\\n\n this.page++;\\n\n\\n\n try {\\n\n const url = this.getFilterUrl();\\n\n url.searchParams.set('page', this.page);\\n\n\\n\n const response = await fetch(url.toString(), {\\n\n headers: {\\n\n 'X-Requested-With': 'XMLHttpRequest'\\n\n }\\n\n });\\n\n const data = await response.json();\\n\n\\n\n if (data.html) {\\n\n this.$refs.postsGrid.insertAdjacentHTML('beforeend', data.html);\\n\n this.hasMore = data.hasMorePages;\\n\n this.totalResults = data.total;\\n\n } else {\\n\n this.hasMore = false;\\n\n }\\n\n } catch (error) {\\n\n console.error('Error loading more posts:', error);\\n\n this.page--;\\n\n } finally {\\n\n this.isLoading = false;\\n\n }\\n\n },\\n\n\\n\n getFilterUrl() {\\n\n const url = new URL(window.location.origin + window.location.pathname);\\n\n if (this.filters.category.length > 0) {\\n\n url.searchParams.set('category', this.filters.category.join(','));\\n\n }\\n\n if (this.filters.tags.length > 0) {\\n\n url.searchParams.set('tags', this.filters.tags.join(','));\\n\n }\\n\n if (this.filters.rating.length > 0) {\\n\n url.searchParams.set('rating', Math.min(..this.filters.rating));\\n\n }\\n\n url.searchParams.set('sort', this.filters.sort);\\n\n return url;\\n\n },\\n\n\\n\n toggleFilter(type, value) {\\n\n if (value === 'all' || value === 'All') {\\n\n this.filters[type] = [];\\n\n } else {\\n\n const index = this.filters[type].indexOf(value);\\n\n if (index > -1) {\\n\n this.filters[type].splice(index, 1);\\n\n } else {\\n\n this.filters[type].push(value);\\n\n }\\n\n }\\n\n this.updateResults();\\n\n },\\n\n\\n\n hasActiveFilters() {\\n\n return this.filters.category.length > 0 || \\n\n this.filters.tags.length > 0 || \\n\n this.filters.rating.length > 0;\\n\n },\\n\n\\n\n clearFilters() {\\n\n this.filters.category = [];\\n\n this.filters.tags = [];\\n\n this.filters.rating = [];\\n\n this.filters.sort = 'best';\\n\n this.updateResults();\\n\n },\\n\n\\n\n getCategoryLabel(slug) {\\n\n return window.homeCategoryLabels[slug] || slug;\\n\n },\\n\n\\n\n init() {\\n\n const mainContent = document.querySelector('.main-content');\\n\n if (mainContent) {\\n\n let isThrottled = false;\\n\n mainContent.addEventListener('scroll', () => {\\n\n if (isThrottled) return;\\n\n isThrottled = true;\\n\n setTimeout(() => {\\n\n if (mainContent.scrollTop + mainContent.clientHeight >= mainContent.scrollHeight - 500) {\\n\n this.loadMore();\\n\n }\\n\n isThrottled = false;\\n\n }, 200);\\n\n });\\n\n }\\n\n }\\n\n }\\n\n }\\n\n </script>\\n\n <link rel=\"modulepreload\" as=\"script\" href=\"http://127.0.0.1:8000/build/assets/homepage-BgCvQqiA.js\" /><script type=\"module\" src=\"http://127.0.0.1:8000/build/assets/homepage-BgCvQqiA.js\"></script></body>\\n\n</html>\\n\n' [UTF-8](length: 52902) contains \"<span class=\"mobile-badge\">1</span>\" [ASCII](length: 35)."}]}
